
Merging program properties

Removed property 0xc0000002 to merge binaries/ascdate.o (0x3) and binaries/start.o (not found)
Removed property 0xc0000002 to merge binaries/ascdate.o (not found) and binaries/bufinit.o (0x3)
Removed property 0xc0000002 to merge binaries/ascdate.o (not found) and binaries/chprio.o (0x3)
Removed property 0xc0000002 to merge binaries/ascdate.o (not found) and binaries/clkhandler.o (0x3)
Removed property 0xc0000002 to merge binaries/ascdate.o (not found) and binaries/clkinit.o (0x3)
Removed property 0xc0000002 to merge binaries/ascdate.o (not found) and binaries/close.o (0x3)
Removed property 0xc0000002 to merge binaries/ascdate.o (not found) and binaries/conf.o (0x3)
Removed property 0xc0000002 to merge binaries/ascdate.o (not found) and binaries/control.o (0x3)
Removed property 0xc0000002 to merge binaries/ascdate.o (not found) and binaries/create.o (0x3)
Removed property 0xc0000002 to merge binaries/ascdate.o (not found) and binaries/evec.o (0x3)
Removed property 0xc0000002 to merge binaries/ascdate.o (not found) and binaries/exit.o (0x3)
Removed property 0xc0000002 to merge binaries/ascdate.o (not found) and binaries/freebuf.o (0x3)
Removed property 0xc0000002 to merge binaries/ascdate.o (not found) and binaries/freemem.o (0x3)
Removed property 0xc0000002 to merge binaries/ascdate.o (not found) and binaries/getbuf.o (0x3)
Removed property 0xc0000002 to merge binaries/ascdate.o (not found) and binaries/getc.o (0x3)
Removed property 0xc0000002 to merge binaries/ascdate.o (not found) and binaries/getdev.o (0x3)
Removed property 0xc0000002 to merge binaries/ascdate.o (not found) and binaries/getitem.o (0x3)
Removed property 0xc0000002 to merge binaries/ascdate.o (not found) and binaries/getmem.o (0x3)
Removed property 0xc0000002 to merge binaries/ascdate.o (not found) and binaries/getpid.o (0x3)
Removed property 0xc0000002 to merge binaries/ascdate.o (not found) and binaries/getprio.o (0x3)
Removed property 0xc0000002 to merge binaries/ascdate.o (not found) and binaries/getstk.o (0x3)
Removed property 0xc0000002 to merge binaries/ascdate.o (not found) and binaries/getticks.o (0x3)
Removed property 0xc0000002 to merge binaries/ascdate.o (not found) and binaries/gettime.o (0x3)
Removed property 0xc0000002 to merge binaries/ascdate.o (not found) and binaries/getutime.o (0x3)
Removed property 0xc0000002 to merge binaries/ascdate.o (not found) and binaries/i386.o (0x3)
Removed property 0xc0000002 to merge binaries/ascdate.o (not found) and binaries/init.o (0x3)
Removed property 0xc0000002 to merge binaries/ascdate.o (not found) and binaries/initialize.o (0x3)
Removed property 0xc0000002 to merge binaries/ascdate.o (not found) and binaries/insert.o (0x3)
Removed property 0xc0000002 to merge binaries/ascdate.o (not found) and binaries/insertd.o (0x3)
Removed property 0xc0000002 to merge binaries/ascdate.o (not found) and binaries/ioerr.o (0x3)
Removed property 0xc0000002 to merge binaries/ascdate.o (not found) and binaries/ionull.o (0x3)
Removed property 0xc0000002 to merge binaries/ascdate.o (not found) and binaries/kill.o (0x3)
Removed property 0xc0000002 to merge binaries/ascdate.o (not found) and binaries/kprintf.o (0x3)
Removed property 0xc0000002 to merge binaries/ascdate.o (not found) and binaries/main.o (0x3)
Removed property 0xc0000002 to merge binaries/ascdate.o (not found) and binaries/mark.o (0x3)
Removed property 0xc0000002 to merge binaries/ascdate.o (not found) and binaries/meminit.o (0x3)
Removed property 0xc0000002 to merge binaries/ascdate.o (not found) and binaries/mkbufpool.o (0x3)
Removed property 0xc0000002 to merge binaries/ascdate.o (not found) and binaries/newqueue.o (0x3)
Removed property 0xc0000002 to merge binaries/ascdate.o (not found) and binaries/open.o (0x3)
Removed property 0xc0000002 to merge binaries/ascdate.o (not found) and binaries/panic.o (0x3)
Removed property 0xc0000002 to merge binaries/ascdate.o (not found) and binaries/pci.o (0x3)
Removed property 0xc0000002 to merge binaries/ascdate.o (not found) and binaries/ptclear.o (0x3)
Removed property 0xc0000002 to merge binaries/ascdate.o (not found) and binaries/ptcount.o (0x3)
Removed property 0xc0000002 to merge binaries/ascdate.o (not found) and binaries/ptcreate.o (0x3)
Removed property 0xc0000002 to merge binaries/ascdate.o (not found) and binaries/ptdelete.o (0x3)
Removed property 0xc0000002 to merge binaries/ascdate.o (not found) and binaries/ptinit.o (0x3)
Removed property 0xc0000002 to merge binaries/ascdate.o (not found) and binaries/ptrecv.o (0x3)
Removed property 0xc0000002 to merge binaries/ascdate.o (not found) and binaries/ptreset.o (0x3)
Removed property 0xc0000002 to merge binaries/ascdate.o (not found) and binaries/ptsend.o (0x3)
Removed property 0xc0000002 to merge binaries/ascdate.o (not found) and binaries/putc.o (0x3)
Removed property 0xc0000002 to merge binaries/ascdate.o (not found) and binaries/queue.o (0x3)
[...]
Memory Configuration

Name             Origin             Length             Attributes
*default*        0x0000000000000000 0xffffffffffffffff

Linker script and memory map

                0x0000000000100000                physbase = 0x100000
                0x0000000000100000                . = physbase
                0x0000000000100000                . = ALIGN (0x1000)

.text           0x0000000000100000    0x45000
                0x0000000000100000                text = ABSOLUTE (.)
 *(.text .text.*)
 .text          0x0000000000100000      0x15c binaries/start.o
                0x0000000000100000                _start
                0x0000000000100000                start
                0x000000000010009c                inb
                0x00000000001000a4                inw
                0x00000000001000ad                inl
                0x00000000001000b5                outb
                0x00000000001000bf                outw
                0x00000000001000ca                outl
                0x00000000001000d4                _rtcin
                0x00000000001000df                ___udivsi3
                0x00000000001000ea                ___divsi3
                0x00000000001000f6                sbzero
                0x0000000000100106                bcopy
                0x000000000010011a                insw
                0x0000000000100130                outsw
                0x0000000000100146                lidt
 .text          0x000000000010015c      0x427 binaries/ascdate.o
                0x000000000010015c                ascdate
 .text.__x86.get_pc_thunk.cx
                0x0000000000100583        0x4 binaries/ascdate.o
                0x0000000000100583                __x86.get_pc_thunk.cx
 .text          0x0000000000100587       0x24 binaries/bufinit.o
                0x0000000000100587                bufinit
 .text.__x86.get_pc_thunk.ax
                0x00000000001005ab        0x4 binaries/bufinit.o
                0x00000000001005ab                __x86.get_pc_thunk.ax
 .text          0x00000000001005af       0x9a binaries/chprio.o
                0x00000000001005af                chprio
 .text.__x86.get_pc_thunk.bx
                0x0000000000100649        0x4 binaries/chprio.o
                0x0000000000100649                __x86.get_pc_thunk.bx
 .text          0x000000000010064d       0xdf binaries/clkhandler.o
                0x000000000010064d                clkhandler
 .text          0x000000000010072c       0x99 binaries/clkinit.o
                0x000000000010072c                clkinit
 .text          0x00000000001007c5       0x83 binaries/close.o
                0x00000000001007c5                close
 .text          0x0000000000100848        0x0 binaries/conf.o
 .text          0x0000000000100848       0x89 binaries/control.o
                0x0000000000100848                control
 .text          0x00000000001008d1      0x2ff binaries/create.o
                0x00000000001008d1                create
 .text          0x0000000000100bd0      0x3d5 binaries/evec.o
                0x0000000000100bd0                initevec
                0x0000000000100c41                set_evec
                0x0000000000100d0f                trap
 .text          0x0000000000100fa5       0x2d binaries/exit.o
                0x0000000000100fa5                exit
 .text          0x0000000000100fd2       0xa5 binaries/freebuf.o
                0x0000000000100fd2                freebuf
 .text          0x0000000000101077      0x199 binaries/freemem.o
                0x0000000000101077                freemem
 .text          0x0000000000101210       0xa3 binaries/getbuf.o
                0x0000000000101210                getbuf
 .text          0x00000000001012b3       0x83 binaries/getc.o
                0x00000000001012b3                getc
 .text          0x0000000000101336       0x84 binaries/getdev.o
                0x0000000000101336                getdev
 .text          0x00000000001013ba      0x125 binaries/getitem.o
                0x00000000001013ba                getfirst
                0x0000000000101415                getlast
                0x0000000000101473                getitem
 .text          0x00000000001014df      0x136 binaries/getmem.o
                0x00000000001014df                getmem
 .text          0x0000000000101615       0x1b binaries/getpid.o
                0x0000000000101615                getpid
 .text          0x0000000000101630       0x83 binaries/getprio.o
                0x0000000000101630                getprio
 .text          0x00000000001016b3      0x11d binaries/getstk.o
                0x00000000001016b3                getstk
 .text          0x00000000001017d0       0x24 binaries/getticks.o
                0x00000000001017d0                getticks
 .text          0x00000000001017f4       0x4e binaries/gettime.o
                0x00000000001017f4                gettime
 .text          0x0000000000101842      0x213 binaries/getutime.o
                0x0000000000101842                getutime
 .text          0x0000000000101a55      0x39e binaries/i386.o
                0x0000000000101a55                setsegs
                0x0000000000101b06                init8259
                0x0000000000101bcc                pseg
                0x0000000000101d86                setirmask
 .text          0x0000000000101df3       0x83 binaries/init.o
                0x0000000000101df3                init
 .text          0x0000000000101e76      0x459 binaries/initialize.o
                0x0000000000101e76                nulluser
                0x0000000000102262                stop
                0x00000000001022a1                delay
 .text          0x00000000001022cf      0x108 binaries/insert.o
                0x00000000001022cf                insert
 .text          0x00000000001023d7      0x14a binaries/insertd.o
                0x00000000001023d7                insertd
 .text          0x0000000000102521       0x18 binaries/ioerr.o
                0x0000000000102521                ioerr
 .text          0x0000000000102539       0x18 binaries/ionull.o
                0x0000000000102539                ionull
 .text          0x0000000000102551      0x1c1 binaries/kill.o
                0x0000000000102551                kill
 .text          0x0000000000102712      0x18c binaries/kprintf.o
                0x0000000000102712                kputc
                0x00000000001027b6                kgetc
                0x000000000010285e                kprintf
 .text          0x000000000010289e       0xe3 binaries/main.o
                0x000000000010289e                main
 .text          0x0000000000102981       0xf6 binaries/mark.o
                0x0000000000102981                markinit
                0x00000000001029be                mark
 .text          0x0000000000102a77       0xfb binaries/meminit.o
                0x0000000000102a77                meminit
 .text          0x0000000000102b72      0x198 binaries/mkbufpool.o
                0x0000000000102b72                mkbufpool
 .text          0x0000000000102d0a       0xc5 binaries/newqueue.o
                0x0000000000102d0a                newqueue
 .text          0x0000000000102dcf       0x89 binaries/open.o
                0x0000000000102dcf                open
 .text          0x0000000000102e58       0x32 binaries/panic.o
                0x0000000000102e58                panic
 .text          0x0000000000102e8a      0x555 binaries/pci.o
                0x0000000000102e8a                pci_init
                0x00000000001031aa                find_pci_device
                0x0000000000103207                pci_bios_read_config_byte
                0x0000000000103255                pci_bios_read_config_word
                0x00000000001032a4                pci_bios_read_config_dword
                0x00000000001032f2                pci_bios_write_config_byte
                0x0000000000103343                pci_bios_write_config_word
                0x0000000000103395                pci_bios_write_config_dword
 .text.__x86.get_pc_thunk.si
                0x00000000001033df        0x4 binaries/pci.o
                0x00000000001033df                __x86.get_pc_thunk.si
 .text          0x00000000001033e3      0x108 binaries/ptclear.o
                0x00000000001033e3                _ptclear
 .text          0x00000000001034eb       0xb4 binaries/ptcount.o
                0x00000000001034eb                ptcount
 .text          0x000000000010359f      0x13c binaries/ptcreate.o
                0x000000000010359f                ptcreate
 .text          0x00000000001036db       0x99 binaries/ptdelete.o
                0x00000000001036db                ptdelete
 .text          0x0000000000103774       0xeb binaries/ptinit.o
                0x0000000000103774                ptinit
 .text          0x000000000010385f      0x13b binaries/ptrecv.o
                0x000000000010385f                ptrecv
 .text          0x000000000010399a       0x8e binaries/ptreset.o
                0x000000000010399a                ptreset
 .text          0x0000000000103a28      0x160 binaries/ptsend.o
                0x0000000000103a28                ptsend
 .text          0x0000000000103b88       0x8e binaries/putc.o
                0x0000000000103b88                putc
 .text          0x0000000000103c16      0x14f binaries/queue.o
                0x0000000000103c16                enqueue
                0x0000000000103cdb                dequeue
 .text          0x0000000000103d65       0x89 binaries/read.o
                0x0000000000103d65                read
 .text          0x0000000000103dee       0x83 binaries/ready.o
                0x0000000000103dee                ready
 .text          0x0000000000103e71       0x72 binaries/receive.o
                0x0000000000103e71                receive
 .text          0x0000000000103ee3       0x6e binaries/recvclr.o
                0x0000000000103ee3                recvclr
 .text          0x0000000000103f51       0xd4 binaries/recvtime.o
                0x0000000000103f51                recvtime
 .text          0x0000000000104025      0x1c7 binaries/resched.o
                0x0000000000104025                resched
                0x000000000010414a                resched_cntl
 .text          0x00000000001041ec       0xb7 binaries/resume.o
                0x00000000001041ec                resume
 .text          0x00000000001042a3       0x87 binaries/seek.o
                0x00000000001042a3                seek
 .text          0x000000000010432a       0x8c binaries/semcount.o
                0x000000000010432a                semcount
 .text          0x00000000001043b6      0x10b binaries/semcreate.o
                0x00000000001043b6                semcreate
 .text.__x86.get_pc_thunk.dx
                0x00000000001044c1        0x4 binaries/semcreate.o
                0x00000000001044c1                __x86.get_pc_thunk.dx
 .text          0x00000000001044c5       0xe5 binaries/semdelete.o
                0x00000000001044c5                semdelete
 .text          0x00000000001045aa       0xe9 binaries/semreset.o
                0x00000000001045aa                semreset
 .text          0x0000000000104693       0xf5 binaries/send.o
                0x0000000000104693                send
 .text          0x0000000000104788       0xc0 binaries/signal.o
                0x0000000000104788                signal
 .text          0x0000000000104848       0xef binaries/signaln.o
                0x0000000000104848                signaln
 .text          0x0000000000104937       0xf9 binaries/sleep.o
                0x0000000000104937                sleep
                0x000000000010497d                sleepms
 .text          0x0000000000104a30      0x1ab binaries/stacktrace.o
                0x0000000000104a30                stacktrace
 .text          0x0000000000104bdb       0xef binaries/suspend.o
                0x0000000000104bdb                suspend
 .text          0x0000000000104cca       0xfa binaries/unsleep.o
                0x0000000000104cca                unsleep
 .text          0x0000000000104dc4       0x2d binaries/userret.o
                0x0000000000104dc4                userret
 .text          0x0000000000104df1       0xf4 binaries/wait.o
                0x0000000000104df1                wait
 .text          0x0000000000104ee5       0x9e binaries/wakeup.o
                0x0000000000104ee5                wakeup
 .text          0x0000000000104f83       0x89 binaries/write.o
                0x0000000000104f83                write
 .text          0x000000000010500c       0x33 binaries/xdone.o
                0x000000000010500c                xdone
 .text          0x000000000010503f       0x3b binaries/yield.o
                0x000000000010503f                yield
 .text          0x000000000010507a       0x1f binaries/abs.o
                0x000000000010507a                abs
 .text          0x0000000000105099       0xa5 binaries/atoi.o
                0x0000000000105099                atoi
 .text          0x000000000010513e       0xa5 binaries/atol.o
                0x000000000010513e                atol
 .text          0x00000000001051e3       0x41 binaries/bzero.o
                0x00000000001051e3                bzero
 .text          0x0000000000105224        0x0 binaries/ctype_.o
 .text          0x0000000000105224      0x9ea binaries/doprnt.o
                0x0000000000105224                _doprnt
 .text          0x0000000000105c0e      0x725 binaries/doscan.o
                0x0000000000105c0e                _doscan
 .text.__x86.get_pc_thunk.di
                0x0000000000106333        0x4 binaries/doscan.o
                0x0000000000106333                __x86.get_pc_thunk.di
 .text          0x0000000000106337      0x7df binaries/fdoprnt.o
                0x0000000000106337                _fdoprnt
 .text          0x0000000000106b16       0x3d binaries/fgetc.o
                0x0000000000106b16                fgetc
 .text          0x0000000000106b53       0x89 binaries/fgets.o
                0x0000000000106b53                fgets
 .text          0x0000000000106bdc       0x40 binaries/fprintf.o
                0x0000000000106bdc                fprintf
 .text          0x0000000000106c1c       0x40 binaries/fputc.o
                0x0000000000106c1c                fputc
 .text          0x0000000000106c5c       0x57 binaries/fputs.o
                0x0000000000106c5c                fputs
 .text          0x0000000000106cb3       0xc2 binaries/fscanf.o
                0x0000000000106cb3                fscanf
 .text          0x0000000000106d75       0x44 binaries/getchar.o
                0x0000000000106d75                getchar
 .text          0x0000000000106db9       0x1f binaries/labs.o
                0x0000000000106db9                labs
 .text          0x0000000000106dd8        0x0 binaries/memchr.o
 .text          0x0000000000106dd8       0x63 binaries/memcmp.o
                0x0000000000106dd8                memcmp
 .text          0x0000000000106e3b       0x50 binaries/memcpy.o
                0x0000000000106e3b                memcpy
 .text          0x0000000000106e8b       0x41 binaries/memset.o
                0x0000000000106e8b                memset
 .text          0x0000000000106ecc       0x5a binaries/printf.o
                0x0000000000106ecc                printf
 .text          0x0000000000106f26       0x47 binaries/putchar.o
                0x0000000000106f26                putchar
 .text          0x0000000000106f6d      0x2c6 binaries/qsort.o
                0x0000000000106f6d                qsort
 .text          0x0000000000107233       0x8c binaries/rand.o
                0x0000000000107233                rand
                0x000000000010725b                rand_r
                0x00000000001072a2                srand
 .text          0x00000000001072bf       0x8c binaries/sprintf.o
                0x00000000001072bf                sprintf
 .text          0x000000000010734b       0xa7 binaries/sscanf.o
                0x000000000010734b                sscanf
 .text          0x00000000001073f2       0x4e binaries/strchr.o
                0x00000000001073f2                strchr
 .text          0x0000000000107440       0x5a binaries/strcmp.o
                0x0000000000107440                strcmp
 .text          0x000000000010749a       0x37 binaries/strcpy.o
                0x000000000010749a                strcpy
 .text          0x00000000001074d1       0x36 binaries/strlen.o
                0x00000000001074d1                strlen
 .text          0x0000000000107507       0x6a binaries/strncat.o
                0x0000000000107507                strncat
 .text          0x0000000000107571       0x73 binaries/strncmp.o
                0x0000000000107571                strncmp
 .text          0x00000000001075e4       0x63 binaries/strncpy.o
                0x00000000001075e4                strncpy
 .text          0x0000000000107647       0x3e binaries/strnlen.o
                0x0000000000107647                strnlen
 .text          0x0000000000107685       0x57 binaries/strrchr.o
                0x0000000000107685                strrchr
 .text          0x00000000001076dc       0x87 binaries/strstr.o
                0x00000000001076dc                strstr
 .text          0x0000000000107763      0x1c6 binaries/text_on_vga.o
                0x0000000000107763                check_bit
                0x000000000010779f                draw_char_on_buffer
                0x0000000000107870                print_text_on_vga
                0x00000000001078cc                borrar
 .text          0x0000000000107929      0x341 binaries/vga.o
                0x0000000000107929                rgb16_to_rgb32
                0x00000000001079e7                setPixel
                0x0000000000107a5e                pixeld
                0x0000000000107b66                linea
                0x0000000000107b8a                pixel
                0x0000000000107bda                paint_screen
 .text          0x0000000000107c6a       0xfd binaries/ttycontrol.o
                0x0000000000107c6a                ttycontrol
 .text          0x0000000000107d67       0xae binaries/ttygetc.o
                0x0000000000107d67                ttygetc
 .text          0x0000000000107e15      0x75d binaries/ttyhandle_in.o
                0x0000000000107e15                ttyhandle_in
 .text          0x0000000000108572      0x1ca binaries/ttyhandle_out.o
                0x0000000000108572                ttyhandle_out
 .text          0x000000000010873c       0xe0 binaries/ttyhandler.o
                0x000000000010873c                ttyhandler
 .text          0x000000000010881c      0x23e binaries/ttyinit.o
                0x000000000010881c                ttyinit
 .text          0x0000000000108a5a       0x31 binaries/ttykickout.o
                0x0000000000108a5a                ttykickout
 .text          0x0000000000108a8b       0xcb binaries/ttyputc.o
                0x0000000000108a8b                ttyputc
 .text          0x0000000000108b56      0x132 binaries/ttyread.o
                0x0000000000108b56                ttyread
 .text          0x0000000000108c88       0x62 binaries/ttywrite.o
                0x0000000000108c88                ttywrite
 .text          0x0000000000108cea      0x17b binaries/mount.o
                0x0000000000108cea                mount
                0x0000000000108e1d                namlen
 .text          0x0000000000108e65      0x227 binaries/naminit.o
                0x0000000000108e65                naminit
 .text          0x000000000010908c      0x258 binaries/nammap.o
                0x000000000010908c                nammap
                0x000000000010912e                namrepl
                0x0000000000109283                namcpy
 .text          0x00000000001092e4       0x61 binaries/namopen.o
                0x00000000001092e4                namopen
 .text          0x0000000000109345     0x106b binaries/82545EMInit.o
                0x00000000001093c2                _82545EMInit
                0x000000000010a1fa                _82545EM_read_phy_reg
                0x000000000010a2d4                _82545EM_write_phy_reg
 .text          0x000000000010a3b0      0x28a binaries/ethcontrol.o
                0x000000000010a42d                ethcontrol
                0x000000000010a5af                ethIrqDisable
                0x000000000010a5f3                ethIrqEnable
 .text          0x000000000010a63a      0x2a2 binaries/ethhandler.o
                0x000000000010a7e4                ethhandler
 .text          0x000000000010a8dc      0x13a binaries/ethinit.o
                0x000000000010a8dc                ethinit
 .text          0x000000000010aa16      0x222 binaries/ethread.o
                0x000000000010aa93                ethread
 .text          0x000000000010ac38      0x1cd binaries/ethwrite.o
                0x000000000010acb5                ethwrite
 .text          0x000000000010ae05       0xb3 binaries/rdsbufalloc.o
                0x000000000010ae05                rdsbufalloc
 .text          0x000000000010aeb8       0xca binaries/rdsclose.o
                0x000000000010aeb8                rdsclose
 .text          0x000000000010af82      0x2f5 binaries/rdscomm.o
                0x000000000010af82                rdscomm
 .text          0x000000000010b277      0x234 binaries/rdscontrol.o
                0x000000000010b277                rdscontrol
 .text          0x000000000010b4ab      0x1fa binaries/rdsinit.o
                0x000000000010b4ab                rdsinit
 .text          0x000000000010b6a5      0x19e binaries/rdsopen.o
                0x000000000010b6a5                rdsopen
 .text          0x000000000010b843      0x477 binaries/rdsprocess.o
                0x000000000010b843                rdsprocess
 .text          0x000000000010bcba      0x25c binaries/rdsread.o
                0x000000000010bcba                rdsread
 .text          0x000000000010bf16      0x1fc binaries/rdswrite.o
                0x000000000010bf16                rdswrite
 .text          0x000000000010c112       0x18 binaries/ramclose.o
                0x000000000010c112                ramclose
 .text          0x000000000010c12a       0x5c binaries/raminit.o
                0x000000000010c12a                raminit
 .text          0x000000000010c186       0x18 binaries/ramopen.o
                0x000000000010c186                ramopen
 .text          0x000000000010c19e       0x4b binaries/ramread.o
                0x000000000010c19e                ramread
 .text          0x000000000010c1e9       0x4b binaries/ramwrite.o
                0x000000000010c1e9                ramwrite
 .text          0x000000000010c234       0xc8 binaries/lfdballoc.o
                0x000000000010c234                lfdballoc
 .text          0x000000000010c2fc       0x70 binaries/lfdbfree.o
                0x000000000010c2fc                lfdbfree
 .text          0x000000000010c36c       0xe8 binaries/lfflush.o
                0x000000000010c36c                lfflush
 .text          0x000000000010c454       0xee binaries/lfgetmode.o
                0x000000000010c454                lfgetmode
 .text          0x000000000010c542       0x96 binaries/lfiballoc.o
                0x000000000010c542                lfiballoc
 .text          0x000000000010c5d8       0x4a binaries/lfibclear.o
                0x000000000010c5d8                lfibclear
 .text          0x000000000010c622       0xc8 binaries/lfibget.o
                0x000000000010c622                lfibget
 .text          0x000000000010c6ea       0xf7 binaries/lfibput.o
                0x000000000010c6ea                lfibput
 .text          0x000000000010c7e1       0xc3 binaries/lflclose.o
                0x000000000010c7e1                lflclose
 .text          0x000000000010c8a4       0xf2 binaries/lflcontrol.o
                0x000000000010c8a4                lflcontrol
 .text          0x000000000010c996      0x10a binaries/lflgetc.o
                0x000000000010c996                lflgetc
 .text          0x000000000010caa0      0x106 binaries/lflinit.o
                0x000000000010caa0                lflinit
 .text          0x000000000010cba6      0x140 binaries/lflputc.o
                0x000000000010cba6                lflputc
 .text          0x000000000010cce6       0x84 binaries/lflread.o
                0x000000000010cce6                lflread
 .text          0x000000000010cd6a       0xc3 binaries/lflseek.o
                0x000000000010cd6a                lflseek
 .text          0x000000000010ce2d       0x6a binaries/lflwrite.o
                0x000000000010ce2d                lflwrite
 .text          0x000000000010ce97       0x70 binaries/lfscheck.o
                0x000000000010ce97                lfscheck
 .text          0x000000000010cf07      0x19a binaries/lfsckfmt.o
                0x000000000010cf07                lfsckfmt
 .text          0x000000000010d0a1      0x1f6 binaries/lfscreate.o
                0x000000000010d0a1                lfscreate
 .text          0x000000000010d297      0x2a9 binaries/lfsetup.o
                0x000000000010d297                lfsetup
 .text          0x000000000010d540       0x84 binaries/lfsinit.o
                0x000000000010d540                lfsinit
 .text          0x000000000010d5c4      0x42d binaries/lfsopen.o
                0x000000000010d5c4                lfsopen
 .text          0x000000000010d9f1      0x191 binaries/lftruncate.o
                0x000000000010d9f1                lftruncate
 .text          0x000000000010db82       0x93 binaries/rflclose.o
                0x000000000010db82                rflclose
 .text          0x000000000010dc15       0x47 binaries/rflgetc.o
                0x000000000010dc15                rflgetc
 .text          0x000000000010dc5c       0x8b binaries/rflinit.o
                0x000000000010dc5c                rflinit
 .text          0x000000000010dce7       0x47 binaries/rflputc.o
                0x000000000010dce7                rflputc
 .text          0x000000000010dd2e      0x399 binaries/rflread.o
                0x000000000010dd2e                rflread
 .text          0x000000000010e0c7       0x96 binaries/rflseek.o
                0x000000000010e0c7                rflseek
 .text          0x000000000010e15d      0x386 binaries/rflwrite.o
                0x000000000010e15d                rflwrite
 .text          0x000000000010e4e3      0x218 binaries/rfscomm.o
                0x000000000010e4e3                rfscomm
 .text          0x000000000010e6fb      0x2b6 binaries/rfscontrol.o
                0x000000000010e6fb                rfscontrol
 .text          0x000000000010e9b1       0xee binaries/rfsgetmode.o
                0x000000000010e9b1                rfsgetmode
 .text          0x000000000010ea9f       0xb7 binaries/rfsinit.o
                0x000000000010ea9f                rfsinit
 .text          0x000000000010eb56      0x11f binaries/rfsndmsg.o
                0x000000000010eb56                rfsndmsg
 .text          0x000000000010ec75      0x2e7 binaries/rfsopen.o
                0x000000000010ec75                rfsopen
 .text          0x000000000010ef5c       0x18 binaries/vgaclose.o
                0x000000000010ef5c                vgaclose
 .text          0x000000000010ef74       0x92 binaries/vgainit.o
                0x000000000010ef74                vgainit
 .text          0x000000000010f006       0x18 binaries/vgaopen.o
                0x000000000010f006                vgaopen
 .text          0x000000000010f01e       0x18 binaries/vgaread.o
                0x000000000010f01e                vgaread
 .text          0x000000000010f036       0x24 binaries/vgaseek.o
                0x000000000010f036                vgaseek
 .text          0x000000000010f05a       0x31 binaries/vgawrite.o
                0x000000000010f05a                vgawrite
 .text          0x000000000010f08b       0x18 binaries/miceclose.o
                0x000000000010f08b                miceclose
 .text          0x000000000010f0a3      0x1bb binaries/micehandler.o
                0x000000000010f0a3                micehandler
 .text          0x000000000010f25e      0x11a binaries/miceinit.o
                0x000000000010f25e                miceinit
 .text          0x000000000010f378       0x18 binaries/miceopen.o
                0x000000000010f378                miceopen
 .text          0x000000000010f390       0x38 binaries/miceread.o
                0x000000000010f390                miceread
 .text          0x000000000010f3c8      0x110 binaries/miceutils.o
                0x000000000010f3c8                mouse_wait
                0x000000000010f443                mouse_write
                0x000000000010f4a3                mouse_read
 .text          0x000000000010f4d8       0x18 binaries/micewrite.o
                0x000000000010f4d8                micewrite
 .text          0x000000000010f4f0       0x14 binaries/kbdclose.o
                0x000000000010f4f0                kbdclose
 .text          0x000000000010f504       0xd3 binaries/kbdhandler.o
                0x000000000010f504                get_scancode
                0x000000000010f534                kbdhandler
 .text          0x000000000010f5d7      0x18d binaries/kbdinit.o
                0x000000000010f5d7                keyboard_wait
                0x000000000010f652                kbdinit
 .text          0x000000000010f764       0x14 binaries/kbdopen.o
                0x000000000010f764                kbdopen
 .text          0x000000000010f778       0x18 binaries/kbdread.o
                0x000000000010f778                kbdread
 .text          0x000000000010f790       0x18 binaries/kbdwrite.o
                0x000000000010f790                kbdwrite
 .text          0x000000000010f7a8        0x0 binaries/boss.o
 .text          0x000000000010f7a8        0x0 binaries/enemy.o
 .text          0x000000000010f7a8      0x9d5 binaries/galaga.o
                0x000000000010f7a8                galaga
                0x000000000010ff93                collision
                0x0000000000110103                endGame
 .text          0x000000000011017d        0x0 binaries/gameover.o
 .text          0x000000000011017d      0x22c binaries/mylib.o
                0x000000000011017d                drawRect
                0x00000000001101f2                drawHollowRect
                0x00000000001102c5                drawImage3
                0x0000000000110350                delay_galaga
                0x000000000011037f                waitForVBlank
 .text          0x00000000001103a9        0x0 binaries/playerImage.o
 .text          0x00000000001103a9        0x0 binaries/shoot.o
 .text          0x00000000001103a9        0x0 binaries/titlescreen.o
 .text          0x00000000001103a9      0x906 binaries/arp.o
                0x00000000001103a9                arp_init
                0x00000000001103f5                arp_resolve
                0x00000000001106e9                arp_in
                0x00000000001109d1                arp_alloc
                0x0000000000110ab9                arp_ntoh
                0x0000000000110bb4                arp_hton
 .text          0x0000000000110caf      0x99f binaries/dhcp.o
                0x0000000000110caf                dhcp_get_opt_val
                0x0000000000110d19                dhcp_bld_bootp_msg
                0x0000000000110e44                dhcp_bld_disc
                0x0000000000110f37                dhcp_bld_req
                0x00000000001110ba                getlocalip
 .text          0x000000000011164e      0x5ec binaries/dns.o
                0x000000000011164e                dnslookup
 .text          0x0000000000111c3a       0xf5 binaries/dot2ip.o
                0x0000000000111c3a                dot2ip
 .text          0x0000000000111d2f      0x52f binaries/hexdump.o
                0x0000000000111d2f                hexdump
                0x0000000000111f02                hexadump
 .text          0x000000000011225e      0x923 binaries/icmp.o
                0x000000000011225e                icmp_init
                0x000000000011229c                icmp_in
                0x0000000000112475                icmp_register
                0x0000000000112576                icmp_recv
                0x0000000000112711                icmp_send
                0x000000000011279e                icmp_mkpkt
                0x00000000001128db                icmp_release
                0x00000000001129e5                icmp_cksum
                0x0000000000112a7b                icmp_hton
                0x0000000000112afe                icmp_ntoh
 .text          0x0000000000112b81      0x97b binaries/ip.o
                0x0000000000112b81                ip_in
                0x0000000000112d2a                ip_send
                0x0000000000112eb0                ip_local
                0x0000000000112f13                ip_out
                0x0000000000113054                ipcksum
                0x00000000001130e0                ip_ntoh
                0x00000000001131db                ip_hton
                0x00000000001132d6                ipout
                0x0000000000113431                ip_enqueue
 .text          0x00000000001134fc      0x325 binaries/net.o
                0x00000000001134fc                net_init
                0x000000000011365c                netin
                0x0000000000113731                eth_hton
                0x000000000011376a                eth_ntoh
                0x00000000001137a3                getport
 .text          0x0000000000113821     0x1444 binaries/pdump.o
                0x0000000000113821                pdump
                0x00000000001145b4                pdumph
 .text          0x0000000000114c65      0x627 binaries/tftp.o
                0x0000000000114c65                tftp_send1
                0x0000000000114dde                tftpget
                0x0000000000114e1a                tftpget_mb
 .text          0x000000000011528c      0xc29 binaries/udp.o
                0x000000000011528c                udp_init
                0x00000000001152ca                udp_in
                0x000000000011541d                udp_register
                0x0000000000115567                udp_recv
                0x0000000000115713                udp_recvaddr
                0x00000000001158d7                udp_send
                0x0000000000115adb                udp_sendto
                0x0000000000115ca6                udp_release
                0x0000000000115daf                udp_ntoh
                0x0000000000115e32                udp_hton
 .text          0x0000000000115eb5      0x14d binaries/addargs.o
                0x0000000000115eb5                addargs
 .text          0x0000000000116002        0x0 binaries/cmdtab.o
 .text          0x0000000000116002      0x2fb binaries/lexan.o
                0x0000000000116002                lexan
 .text          0x00000000001162fd      0x177 binaries/mouse.o
                0x00000000001162fd                mouse_p
 .text          0x0000000000116474      0x70b binaries/shell.o
                0x0000000000116474                shell
 .text          0x0000000000116b7f       0x83 binaries/xsh_argecho.o
                0x0000000000116b7f                xsh_argecho
 .text          0x0000000000116c02      0x2ce binaries/xsh_arp.o
                0x0000000000116c02                xsh_arp
 .text          0x0000000000116ed0      0x287 binaries/xsh_cat.o
                0x0000000000116ed0                xsh_cat
 .text          0x0000000000117157       0x77 binaries/xsh_clear.o
                0x0000000000117157                xsh_clear
 .text          0x00000000001171ce      0x332 binaries/xsh_date.o
                0x00000000001171ce                xsh_date
 .text          0x0000000000117500       0xc2 binaries/xsh_devdump.o
                0x0000000000117500                xsh_devdump
 .text          0x00000000001175c2       0x8c binaries/xsh_echo.o
                0x00000000001175c2                xsh_echo
 .text          0x000000000011764e       0x18 binaries/xsh_exit.o
                0x000000000011764e                xsh_exit
 .text          0x0000000000117666      0x3e1 binaries/xsh_help.o
                0x0000000000117666                xsh_help
 .text          0x0000000000117a47      0x267 binaries/xsh_kill.o
                0x0000000000117a47                xsh_kill
 .text          0x0000000000117cae      0x594 binaries/xsh_memdump.o
                0x0000000000117cae                xsh_memdump
 .text          0x0000000000118242      0x308 binaries/xsh_memstat.o
                0x0000000000118242                xsh_memstat
 .text          0x000000000011854a      0x587 binaries/xsh_netinfo.o
                0x000000000011854a                xsh_netinfo
 .text          0x0000000000118ad1      0x4a8 binaries/xsh_ping.o
                0x0000000000118ad1                xsh_ping
 .text          0x0000000000118f79      0x29d binaries/xsh_ps.o
                0x0000000000118f79                xsh_ps
 .text          0x0000000000119216      0x245 binaries/xsh_sleep.o
                0x0000000000119216                xsh_sleep
 .text          0x000000000011945b      0x2c2 binaries/xsh_udpdump.o
                0x000000000011945b                xsh_udpdump
 .text          0x000000000011971d      0x53e binaries/xsh_udpecho.o
                0x000000000011971d                xsh_udpecho
 .text          0x0000000000119c5b      0x2c4 binaries/xsh_udpserver.o
                0x0000000000119c5b                xsh_udpeserver
 .text          0x0000000000119f1f      0x223 binaries/xsh_uptime.o
                0x0000000000119f1f                xsh_uptime
 .text          0x000000000011a142        0xe binaries/clkdisp.o
                0x000000000011a142                clkdisp
 .text          0x000000000011a150       0x19 binaries/ctxsw.o
                0x000000000011a150                ctxsw
 .text          0x000000000011a169      0x368 binaries/intr.o
                0x000000000011a169                disable
                0x000000000011a172                restore
                0x000000000011a180                enable
                0x000000000011a182                pause
                0x000000000011a189                halt
                0x000000000011a18c                spurious_irq7
                0x000000000011a191                spurious_irq15
                0x000000000011a1a0                _Xint0
                0x000000000011a1ab                _Xint1
                0x000000000011a1b6                _Xint2
                0x000000000011a1c1                _Xint3
                0x000000000011a1cc                _Xint4
                0x000000000011a1d7                _Xint5
                0x000000000011a1e2                _Xint6
                0x000000000011a1ed                _Xint7
                0x000000000011a1f8                _Xint8
                0x000000000011a203                _Xint9
                0x000000000011a20e                _Xint10
                0x000000000011a219                _Xint11
                0x000000000011a227                _Xint12
                0x000000000011a235                _Xint13
                0x000000000011a243                _Xint14
                0x000000000011a251                _Xint15
                0x000000000011a25f                _Xint16
                0x000000000011a26d                _Xint17
                0x000000000011a27b                _Xint18
                0x000000000011a289                _Xint19
                0x000000000011a297                _Xint20
                0x000000000011a2a5                _Xint21
                0x000000000011a2b3                _Xint22
                0x000000000011a2c1                _Xint23
                0x000000000011a2cf                _Xint24
                0x000000000011a2dd                _Xint25
                0x000000000011a2eb                _Xint26
                0x000000000011a2f9                _Xint27
                0x000000000011a307                _Xint28
                0x000000000011a315                _Xint29
                0x000000000011a323                _Xint30
                0x000000000011a331                _Xint31
                0x000000000011a33f                _Xint32
                0x000000000011a34d                _Xint33
                0x000000000011a35b                _Xint34
                0x000000000011a369                _Xint35
                0x000000000011a377                _Xint36
                0x000000000011a385                _Xint37
                0x000000000011a393                _Xint38
                0x000000000011a3a1                _Xint39
                0x000000000011a3af                _Xint40
                0x000000000011a3bd                _Xint41
                0x000000000011a3cb                _Xint42
                0x000000000011a3d9                _Xint43
                0x000000000011a3e7                _Xint44
                0x000000000011a3f5                _Xint45
                0x000000000011a403                _Xint46
                0x000000000011a411                defevec
 .text          0x000000000011a4d1        0xf binaries/ttydispatch.o
                0x000000000011a4d1                ttydispatch
 .text          0x000000000011a4e0       0x13 binaries/ethdispatch.o
                0x000000000011a4e0                ethdispatch
 .text          0x000000000011a4f3        0xf binaries/micedispatch.o
                0x000000000011a4f3                micehandlerirq
 .text          0x000000000011a502        0xf binaries/kbddispatch.o
                0x000000000011a502                kbdhandlerirq
 *(.rodata .rodata.*)
 *fill*         0x000000000011a511        0x3 
 .rodata        0x000000000011a514       0x8e binaries/ascdate.o
 .rodata        0x000000000011a5a2       0xc1 binaries/conf.o
 *fill*         0x000000000011a663        0x1 
 .rodata        0x000000000011a664      0x22f binaries/evec.o
 *fill*         0x000000000011a893        0x1 
 .rodata        0x000000000011a894       0x61 binaries/getutime.o
 *fill*         0x000000000011a8f5        0x3 
 .rodata        0x000000000011a8f8       0x90 binaries/i386.o
 .rodata        0x000000000011a988      0x16b binaries/initialize.o
 *fill*         0x000000000011aaf3        0x1 
 .rodata        0x000000000011aaf4       0x20 binaries/kill.o
 .rodata        0x000000000011ab14       0x5e binaries/main.o
 .rodata        0x000000000011ab72        0xf binaries/panic.o
 *fill*         0x000000000011ab81        0x3 
 .rodata        0x000000000011ab84      0x1ec binaries/pci.o
 .rodata        0x000000000011ad70       0x1d binaries/ptinit.o
 *fill*         0x000000000011ad8d        0x3 
 .rodata        0x000000000011ad90       0x25 binaries/ptsend.o
 *fill*         0x000000000011adb5        0x3 
 .rodata        0x000000000011adb8       0xb7 binaries/stacktrace.o
 *fill*         0x000000000011ae6f        0x1 
 .rodata        0x000000000011ae70       0x27 binaries/xdone.o
 *fill*         0x000000000011ae97        0x9 
 .rodata        0x000000000011aea0       0x81 binaries/ctype_.o
                0x000000000011aea0                _ctype_
 *fill*         0x000000000011af21        0x3 
 .rodata        0x000000000011af24       0xee binaries/doprnt.o
 *fill*         0x000000000011b012        0x2 
 .rodata        0x000000000011b014       0xae binaries/fdoprnt.o
 *fill*         0x000000000011b0c2       0x1e 
 .rodata        0x000000000011b0e0      0x500 binaries/text_on_vga.o
 .rodata        0x000000000011b5e0       0x20 binaries/ttycontrol.o
 .rodata        0x000000000011b600       0x34 binaries/ttyhandler.o
 .rodata        0x000000000011b634       0x80 binaries/naminit.o
 .rodata        0x000000000011b6b4       0x50 binaries/82545EMInit.o
 .rodata        0x000000000011b704       0x78 binaries/ethinit.o
 .rodata        0x000000000011b77c       0x18 binaries/ethread.o
 .rodata        0x000000000011b794       0x2c binaries/rdsbufalloc.o
 .rodata        0x000000000011b7c0       0x76 binaries/rdscomm.o
 *fill*         0x000000000011b836        0x2 
 .rodata        0x000000000011b838       0x48 binaries/rdscontrol.o
 .rodata        0x000000000011b880       0x96 binaries/rdsinit.o
 *fill*         0x000000000011b916        0x2 
 .rodata        0x000000000011b918       0x22 binaries/rdsopen.o
 *fill*         0x000000000011b93a        0x2 
 .rodata        0x000000000011b93c       0x4d binaries/rdsprocess.o
 .rodata        0x000000000011b989        0x9 binaries/raminit.o
 *fill*         0x000000000011b992        0x2 
 .rodata        0x000000000011b994       0x37 binaries/lfdballoc.o
 .rodata        0x000000000011b9cb       0x14 binaries/lfiballoc.o
 *fill*         0x000000000011b9df        0x1 
 .rodata        0x000000000011b9e0       0x23 binaries/lflcontrol.o
 *fill*         0x000000000011ba03        0x1 
 .rodata        0x000000000011ba04      0x11b binaries/lfsckfmt.o
 *fill*         0x000000000011bb1f        0x1 
 .rodata        0x000000000011bb20       0x2a binaries/lfsopen.o
 *fill*         0x000000000011bb4a        0x2 
 .rodata        0x000000000011bb4c       0x21 binaries/rflread.o
 *fill*         0x000000000011bb6d        0x3 
 .rodata        0x000000000011bb70       0x21 binaries/rflwrite.o
 *fill*         0x000000000011bb91        0x3 
 .rodata        0x000000000011bb94       0x75 binaries/rfscomm.o
 *fill*         0x000000000011bc09        0x3 
 .rodata        0x000000000011bc0c       0x3c binaries/rfscontrol.o
 .rodata        0x000000000011bc48       0x63 binaries/rfsinit.o
 *fill*         0x000000000011bcab        0x1 
 .rodata        0x000000000011bcac       0x2a binaries/rfsndmsg.o
 *fill*         0x000000000011bcd6        0x2 
 .rodata        0x000000000011bcd8       0x22 binaries/rfsopen.o
 .rodata        0x000000000011bcfa        0x8 binaries/micehandler.o
 .rodata        0x000000000011bd02        0xf binaries/kbdhandler.o
 *fill*         0x000000000011bd11        0xf 
 .rodata        0x000000000011bd20      0x1c2 binaries/boss.o
                0x000000000011bd20                boss
 *fill*         0x000000000011bee2       0x1e 
 .rodata        0x000000000011bf00      0x320 binaries/enemy.o
                0x000000000011bf00                enemy
 .rodata        0x000000000011c220        0x8 binaries/galaga.o
 *fill*         0x000000000011c228       0x18 
 .rodata        0x000000000011c240    0x12c00 binaries/gameover.o
                0x000000000011c240                gameover
 .rodata        0x000000000012ee40      0x480 binaries/playerImage.o
                0x000000000012ee40                playerImage
 .rodata        0x000000000012f2c0       0x32 binaries/shoot.o
                0x000000000012f2c0                shoot
 *fill*         0x000000000012f2f2        0xe 
 .rodata        0x000000000012f300    0x12c00 binaries/titlescreen.o
                0x000000000012f300                titlescreen
 .rodata        0x0000000000141f00       0x3a binaries/arp.o
 *fill*         0x0000000000141f3a        0x2 
 .rodata        0x0000000000141f3c       0xcf binaries/dhcp.o
 .rodata        0x000000000014200b       0x1a binaries/dns.o
 *fill*         0x0000000000142025        0x3 
 .rodata        0x0000000000142028       0xc9 binaries/hexdump.o
 *fill*         0x00000000001420f1        0x3 
 .rodata        0x00000000001420f4       0x29 binaries/icmp.o
 *fill*         0x000000000014211d        0x3 
 .rodata        0x0000000000142120       0x6e binaries/ip.o
 *fill*         0x000000000014218e        0x2 
 .rodata        0x0000000000142190       0x4f binaries/net.o
 *fill*         0x00000000001421df        0x1 
 .rodata        0x00000000001421e0      0x26f binaries/pdump.o
 *fill*         0x000000000014244f        0x1 
 .rodata        0x0000000000142450      0x154 binaries/tftp.o
 .rodata        0x00000000001425a4       0x84 binaries/cmdtab.o
 .rodata        0x0000000000142628       0x86 binaries/mouse.o
 *fill*         0x00000000001426ae        0x2 
 .rodata        0x00000000001426b0      0x271 binaries/shell.o
 .rodata        0x0000000000142921       0x28 binaries/xsh_argecho.o
 *fill*         0x0000000000142949        0x3 
 .rodata        0x000000000014294c      0x123 binaries/xsh_arp.o
 *fill*         0x0000000000142a6f        0x1 
 .rodata        0x0000000000142a70       0xc9 binaries/xsh_cat.o
 .rodata        0x0000000000142b39       0x19 binaries/xsh_clear.o
 *fill*         0x0000000000142b52        0x2 
 .rodata        0x0000000000142b54      0x1c3 binaries/xsh_date.o
 .rodata        0x0000000000142d17       0x5d binaries/xsh_devdump.o
 .rodata        0x0000000000142d74        0x9 binaries/xsh_echo.o
 *fill*         0x0000000000142d7d        0x3 
 .rodata        0x0000000000142d80      0x169 binaries/xsh_help.o
 *fill*         0x0000000000142ee9        0x3 
 .rodata        0x0000000000142eec      0x12e binaries/xsh_kill.o
 *fill*         0x000000000014301a        0x2 
 .rodata        0x000000000014301c      0x266 binaries/xsh_memdump.o
 *fill*         0x0000000000143282        0x2 
 .rodata        0x0000000000143284      0x225 binaries/xsh_memstat.o
 *fill*         0x00000000001434a9        0x3 
 .rodata        0x00000000001434ac      0x1b0 binaries/xsh_netinfo.o
 .rodata        0x000000000014365c      0x1a1 binaries/xsh_ping.o
 *fill*         0x00000000001437fd        0x3 
 .rodata        0x0000000000143800      0x1a8 binaries/xsh_ps.o
 .rodata        0x00000000001439a8       0xeb binaries/xsh_sleep.o
 *fill*         0x0000000000143a93        0x1 
 .rodata        0x0000000000143a94      0x1b8 binaries/xsh_udpdump.o
 .rodata        0x0000000000143c4c      0x23b binaries/xsh_udpecho.o
 *fill*         0x0000000000143e87        0x1 
 .rodata        0x0000000000143e88      0x12b binaries/xsh_udpserver.o
 *fill*         0x0000000000143fb3        0x1 
 .rodata        0x0000000000143fb4      0x105 binaries/xsh_uptime.o
                0x00000000001440b9                etext = ABSOLUTE (.)
                0x0000000000145000                . = ALIGN (0x1000)
 *fill*         0x00000000001440b9      0xf47 

.eh_frame       0x0000000000145000     0x35ec
 .eh_frame      0x0000000000145000       0x50 binaries/ascdate.o
 .eh_frame      0x0000000000145050       0x34 binaries/bufinit.o
                                         0x4c (size before relaxing)
 .eh_frame      0x0000000000145084       0x38 binaries/chprio.o
                                         0x50 (size before relaxing)
 .eh_frame      0x00000000001450bc       0x24 binaries/clkhandler.o
                                         0x50 (size before relaxing)
 .eh_frame      0x00000000001450e0       0x24 binaries/clkinit.o
                                         0x50 (size before relaxing)
 .eh_frame      0x0000000000145104       0x24 binaries/close.o
                                         0x50 (size before relaxing)
 .eh_frame      0x0000000000145128       0x24 binaries/control.o
                                         0x50 (size before relaxing)
 .eh_frame      0x000000000014514c       0x48 binaries/create.o
                                         0x88 (size before relaxing)
 .eh_frame      0x0000000000145194       0x6c binaries/evec.o
                                         0xac (size before relaxing)
 .eh_frame      0x0000000000145200       0x24 binaries/exit.o
                                         0x50 (size before relaxing)
 .eh_frame      0x0000000000145224       0x24 binaries/freebuf.o
                                         0x50 (size before relaxing)
 .eh_frame      0x0000000000145248       0x24 binaries/freemem.o
                                         0x50 (size before relaxing)
 .eh_frame      0x000000000014526c       0x24 binaries/getbuf.o
                                         0x50 (size before relaxing)
 .eh_frame      0x0000000000145290       0x24 binaries/getc.o
                                         0x50 (size before relaxing)
 .eh_frame      0x00000000001452b4       0x24 binaries/getdev.o
                                         0x50 (size before relaxing)
 .eh_frame      0x00000000001452d8       0x64 binaries/getitem.o
                                         0x90 (size before relaxing)
 .eh_frame      0x000000000014533c       0x24 binaries/getmem.o
                                         0x50 (size before relaxing)
 .eh_frame      0x0000000000145360       0x20 binaries/getpid.o
                                         0x4c (size before relaxing)
 .eh_frame      0x0000000000145380       0x24 binaries/getprio.o
                                         0x50 (size before relaxing)
 .eh_frame      0x00000000001453a4       0x24 binaries/getstk.o
                                         0x50 (size before relaxing)
 .eh_frame      0x00000000001453c8       0x20 binaries/getticks.o
                                         0x4c (size before relaxing)
 .eh_frame      0x00000000001453e8       0x24 binaries/gettime.o
                                         0x50 (size before relaxing)
 .eh_frame      0x000000000014540c       0x24 binaries/getutime.o
                                         0x50 (size before relaxing)
 .eh_frame      0x0000000000145430       0x9c binaries/i386.o
                                         0xc8 (size before relaxing)
 .eh_frame      0x00000000001454cc       0x24 binaries/init.o
                                         0x50 (size before relaxing)
 .eh_frame      0x00000000001454f0       0xa4 binaries/initialize.o
                                         0xe4 (size before relaxing)
 .eh_frame      0x0000000000145594       0x24 binaries/insert.o
                                         0x50 (size before relaxing)
 .eh_frame      0x00000000001455b8       0x28 binaries/insertd.o
                                         0x54 (size before relaxing)
 .eh_frame      0x00000000001455e0       0x20 binaries/ioerr.o
                                         0x4c (size before relaxing)
 .eh_frame      0x0000000000145600       0x20 binaries/ionull.o
                                         0x4c (size before relaxing)
 .eh_frame      0x0000000000145620       0x2c binaries/kill.o
                                         0x58 (size before relaxing)
 .eh_frame      0x000000000014564c       0x6c binaries/kprintf.o
                                         0xac (size before relaxing)
 .eh_frame      0x00000000001456b8       0x28 binaries/main.o
                                         0x54 (size before relaxing)
 .eh_frame      0x00000000001456e0       0x48 binaries/mark.o
                                         0x74 (size before relaxing)
 .eh_frame      0x0000000000145728       0x20 binaries/meminit.o
                                         0x4c (size before relaxing)
 .eh_frame      0x0000000000145748       0x24 binaries/mkbufpool.o
                                         0x50 (size before relaxing)
 .eh_frame      0x000000000014576c       0x24 binaries/newqueue.o
                                         0x50 (size before relaxing)
 .eh_frame      0x0000000000145790       0x24 binaries/open.o
                                         0x50 (size before relaxing)
 .eh_frame      0x00000000001457b4       0x1c binaries/panic.o
                                         0x48 (size before relaxing)
 .eh_frame      0x00000000001457d0      0x1ec binaries/pci.o
                                        0x22c (size before relaxing)
 .eh_frame      0x00000000001459bc       0x24 binaries/ptclear.o
                                         0x50 (size before relaxing)
 .eh_frame      0x00000000001459e0       0x24 binaries/ptcount.o
                                         0x50 (size before relaxing)
 .eh_frame      0x0000000000145a04       0x24 binaries/ptcreate.o
                                         0x50 (size before relaxing)
 .eh_frame      0x0000000000145a28       0x24 binaries/ptdelete.o
                                         0x50 (size before relaxing)
 .eh_frame      0x0000000000145a4c       0x24 binaries/ptinit.o
                                         0x50 (size before relaxing)
 .eh_frame      0x0000000000145a70       0x24 binaries/ptrecv.o
                                         0x50 (size before relaxing)
 .eh_frame      0x0000000000145a94       0x24 binaries/ptreset.o
                                         0x50 (size before relaxing)
 .eh_frame      0x0000000000145ab8       0x24 binaries/ptsend.o
                                         0x50 (size before relaxing)
 .eh_frame      0x0000000000145adc       0x24 binaries/putc.o
                                         0x50 (size before relaxing)
 .eh_frame      0x0000000000145b00       0x48 binaries/queue.o
                                         0x88 (size before relaxing)
 .eh_frame      0x0000000000145b48       0x24 binaries/read.o
                                         0x50 (size before relaxing)
 .eh_frame      0x0000000000145b6c       0x28 binaries/ready.o
                                         0x54 (size before relaxing)
 .eh_frame      0x0000000000145b94       0x24 binaries/receive.o
                                         0x50 (size before relaxing)
 .eh_frame      0x0000000000145bb8       0x24 binaries/recvclr.o
                                         0x50 (size before relaxing)
 .eh_frame      0x0000000000145bdc       0x24 binaries/recvtime.o
                                         0x50 (size before relaxing)
 .eh_frame      0x0000000000145c00       0x48 binaries/resched.o
                                         0x88 (size before relaxing)
 .eh_frame      0x0000000000145c48       0x24 binaries/resume.o
                                         0x50 (size before relaxing)
 .eh_frame      0x0000000000145c6c       0x24 binaries/seek.o
                                         0x50 (size before relaxing)
 .eh_frame      0x0000000000145c90       0x24 binaries/semcount.o
                                         0x50 (size before relaxing)
 .eh_frame      0x0000000000145cb4       0x5c binaries/semcreate.o
                                         0x88 (size before relaxing)
 .eh_frame      0x0000000000145d10       0x24 binaries/semdelete.o
                                         0x50 (size before relaxing)
 .eh_frame      0x0000000000145d34       0x24 binaries/semreset.o
                                         0x50 (size before relaxing)
 .eh_frame      0x0000000000145d58       0x24 binaries/send.o
                                         0x50 (size before relaxing)
 .eh_frame      0x0000000000145d7c       0x24 binaries/signal.o
                                         0x50 (size before relaxing)
 .eh_frame      0x0000000000145da0       0x24 binaries/signaln.o
                                         0x50 (size before relaxing)
 .eh_frame      0x0000000000145dc4       0x44 binaries/sleep.o
                                         0x84 (size before relaxing)
 .eh_frame      0x0000000000145e08       0x24 binaries/stacktrace.o
                                         0x50 (size before relaxing)
 .eh_frame      0x0000000000145e2c       0x24 binaries/suspend.o
                                         0x50 (size before relaxing)
 .eh_frame      0x0000000000145e50       0x24 binaries/unsleep.o
                                         0x50 (size before relaxing)
 .eh_frame      0x0000000000145e74       0x24 binaries/userret.o
                                         0x50 (size before relaxing)
 .eh_frame      0x0000000000145e98       0x24 binaries/wait.o
                                         0x50 (size before relaxing)
 .eh_frame      0x0000000000145ebc       0x24 binaries/wakeup.o
                                         0x50 (size before relaxing)
 .eh_frame      0x0000000000145ee0       0x24 binaries/write.o
                                         0x50 (size before relaxing)
 .eh_frame      0x0000000000145f04       0x24 binaries/xdone.o
                                         0x50 (size before relaxing)
 .eh_frame      0x0000000000145f28       0x24 binaries/yield.o
                                         0x50 (size before relaxing)
 .eh_frame      0x0000000000145f4c       0x20 binaries/abs.o
                                         0x4c (size before relaxing)
 .eh_frame      0x0000000000145f6c       0x20 binaries/atoi.o
                                         0x4c (size before relaxing)
 .eh_frame      0x0000000000145f8c       0x20 binaries/atol.o
                                         0x4c (size before relaxing)
 .eh_frame      0x0000000000145fac       0x20 binaries/bzero.o
                                         0x4c (size before relaxing)
 .eh_frame      0x0000000000145fcc       0xec binaries/doprnt.o
                                        0x140 (size before relaxing)
 .eh_frame      0x00000000001460b8       0xc8 binaries/doscan.o
                                         0xf4 (size before relaxing)
 .eh_frame      0x0000000000146180       0xcc binaries/fdoprnt.o
                                        0x10c (size before relaxing)
 .eh_frame      0x000000000014624c       0x24 binaries/fgetc.o
                                         0x50 (size before relaxing)
 .eh_frame      0x0000000000146270       0x24 binaries/fgets.o
                                         0x50 (size before relaxing)
 .eh_frame      0x0000000000146294       0x24 binaries/fprintf.o
                                         0x50 (size before relaxing)
 .eh_frame      0x00000000001462b8       0x24 binaries/fputc.o
                                         0x50 (size before relaxing)
 .eh_frame      0x00000000001462dc       0x24 binaries/fputs.o
                                         0x50 (size before relaxing)
 .eh_frame      0x0000000000146300       0x68 binaries/fscanf.o
                                         0x94 (size before relaxing)
 .eh_frame      0x0000000000146368       0x24 binaries/getchar.o
                                         0x50 (size before relaxing)
 .eh_frame      0x000000000014638c       0x20 binaries/labs.o
                                         0x4c (size before relaxing)
 .eh_frame      0x00000000001463ac       0x20 binaries/memcmp.o
                                         0x4c (size before relaxing)
 .eh_frame      0x00000000001463cc       0x24 binaries/memcpy.o
                                         0x50 (size before relaxing)
 .eh_frame      0x00000000001463f0       0x24 binaries/memset.o
                                         0x50 (size before relaxing)
 .eh_frame      0x0000000000146414       0x24 binaries/printf.o
                                         0x50 (size before relaxing)
 .eh_frame      0x0000000000146438       0x24 binaries/putchar.o
                                         0x50 (size before relaxing)
 .eh_frame      0x000000000014645c       0xa4 binaries/qsort.o
                                         0xd0 (size before relaxing)
 .eh_frame      0x0000000000146500       0x60 binaries/rand.o
                                         0x8c (size before relaxing)
 .eh_frame      0x0000000000146560       0x44 binaries/sprintf.o
                                         0x70 (size before relaxing)
 .eh_frame      0x00000000001465a4       0x64 binaries/sscanf.o
                                         0x90 (size before relaxing)
 .eh_frame      0x0000000000146608       0x20 binaries/strchr.o
                                         0x4c (size before relaxing)
 .eh_frame      0x0000000000146628       0x20 binaries/strcmp.o
                                         0x4c (size before relaxing)
 .eh_frame      0x0000000000146648       0x20 binaries/strcpy.o
                                         0x4c (size before relaxing)
 .eh_frame      0x0000000000146668       0x20 binaries/strlen.o
                                         0x4c (size before relaxing)
 .eh_frame      0x0000000000146688       0x20 binaries/strncat.o
                                         0x4c (size before relaxing)
 .eh_frame      0x00000000001466a8       0x20 binaries/strncmp.o
                                         0x4c (size before relaxing)
 .eh_frame      0x00000000001466c8       0x28 binaries/strncpy.o
                                         0x54 (size before relaxing)
 .eh_frame      0x00000000001466f0       0x20 binaries/strnlen.o
                                         0x4c (size before relaxing)
 .eh_frame      0x0000000000146710       0x20 binaries/strrchr.o
                                         0x4c (size before relaxing)
 .eh_frame      0x0000000000146730       0x20 binaries/strstr.o
                                         0x4c (size before relaxing)
 .eh_frame      0x0000000000146750       0x88 binaries/text_on_vga.o
                                         0xc8 (size before relaxing)
 .eh_frame      0x00000000001467d8       0xc4 binaries/vga.o
                                        0x118 (size before relaxing)
 .eh_frame      0x000000000014689c       0x24 binaries/ttycontrol.o
                                         0x50 (size before relaxing)
 .eh_frame      0x00000000001468c0       0x24 binaries/ttygetc.o
                                         0x50 (size before relaxing)
 .eh_frame      0x00000000001468e4       0x88 binaries/ttyhandle_in.o
                                         0xdc (size before relaxing)
 .eh_frame      0x000000000014696c       0x24 binaries/ttyhandle_out.o
                                         0x50 (size before relaxing)
 .eh_frame      0x0000000000146990       0x24 binaries/ttyhandler.o
                                         0x50 (size before relaxing)
 .eh_frame      0x00000000001469b4       0x24 binaries/ttyinit.o
                                         0x50 (size before relaxing)
 .eh_frame      0x00000000001469d8       0x24 binaries/ttykickout.o
                                         0x50 (size before relaxing)
 .eh_frame      0x00000000001469fc       0x24 binaries/ttyputc.o
                                         0x50 (size before relaxing)
 .eh_frame      0x0000000000146a20       0x24 binaries/ttyread.o
                                         0x50 (size before relaxing)
 .eh_frame      0x0000000000146a44       0x24 binaries/ttywrite.o
                                         0x50 (size before relaxing)
 .eh_frame      0x0000000000146a68       0x44 binaries/mount.o
                                         0x84 (size before relaxing)
 .eh_frame      0x0000000000146aac       0x24 binaries/naminit.o
                                         0x50 (size before relaxing)
 .eh_frame      0x0000000000146ad0       0x68 binaries/nammap.o
                                         0xa8 (size before relaxing)
 .eh_frame      0x0000000000146b38       0x24 binaries/namopen.o
                                         0x50 (size before relaxing)
 .eh_frame      0x0000000000146b5c      0x15c binaries/82545EMInit.o
                                        0x19c (size before relaxing)
 .eh_frame      0x0000000000146cb8       0xac binaries/ethcontrol.o
                                         0xec (size before relaxing)
 .eh_frame      0x0000000000146d64       0x90 binaries/ethhandler.o
                                         0xd0 (size before relaxing)
 .eh_frame      0x0000000000146df4       0x24 binaries/ethinit.o
                                         0x50 (size before relaxing)
 .eh_frame      0x0000000000146e18       0x6c binaries/ethread.o
                                         0x98 (size before relaxing)
 .eh_frame      0x0000000000146e84       0x6c binaries/ethwrite.o
                                         0x98 (size before relaxing)
 .eh_frame      0x0000000000146ef0       0x24 binaries/rdsbufalloc.o
                                         0x50 (size before relaxing)
 .eh_frame      0x0000000000146f14       0x20 binaries/rdsclose.o
                                         0x4c (size before relaxing)
 .eh_frame      0x0000000000146f34       0x24 binaries/rdscomm.o
                                         0x50 (size before relaxing)
 .eh_frame      0x0000000000146f58       0x24 binaries/rdscontrol.o
                                         0x50 (size before relaxing)
 .eh_frame      0x0000000000146f7c       0x24 binaries/rdsinit.o
                                         0x50 (size before relaxing)
 .eh_frame      0x0000000000146fa0       0x24 binaries/rdsopen.o
                                         0x50 (size before relaxing)
 .eh_frame      0x0000000000146fc4       0x1c binaries/rdsprocess.o
                                         0x48 (size before relaxing)
 .eh_frame      0x0000000000146fe0       0x24 binaries/rdsread.o
                                         0x50 (size before relaxing)
 .eh_frame      0x0000000000147004       0x24 binaries/rdswrite.o
                                         0x50 (size before relaxing)
 .eh_frame      0x0000000000147028       0x20 binaries/ramclose.o
                                         0x4c (size before relaxing)
 .eh_frame      0x0000000000147048       0x24 binaries/raminit.o
                                         0x50 (size before relaxing)
 .eh_frame      0x000000000014706c       0x20 binaries/ramopen.o
                                         0x4c (size before relaxing)
 .eh_frame      0x000000000014708c       0x24 binaries/ramread.o
                                         0x50 (size before relaxing)
 .eh_frame      0x00000000001470b0       0x24 binaries/ramwrite.o
                                         0x50 (size before relaxing)
 .eh_frame      0x00000000001470d4       0x24 binaries/lfdballoc.o
                                         0x50 (size before relaxing)
 .eh_frame      0x00000000001470f8       0x24 binaries/lfdbfree.o
                                         0x50 (size before relaxing)
 .eh_frame      0x000000000014711c       0x24 binaries/lfflush.o
                                         0x50 (size before relaxing)
 .eh_frame      0x0000000000147140       0x20 binaries/lfgetmode.o
                                         0x4c (size before relaxing)
 .eh_frame      0x0000000000147160       0x24 binaries/lfiballoc.o
                                         0x50 (size before relaxing)
 .eh_frame      0x0000000000147184       0x20 binaries/lfibclear.o
                                         0x4c (size before relaxing)
 .eh_frame      0x00000000001471a4       0x24 binaries/lfibget.o
                                         0x50 (size before relaxing)
 .eh_frame      0x00000000001471c8       0x24 binaries/lfibput.o
                                         0x50 (size before relaxing)
 .eh_frame      0x00000000001471ec       0x24 binaries/lflclose.o
                                         0x50 (size before relaxing)
 .eh_frame      0x0000000000147210       0x24 binaries/lflcontrol.o
                                         0x50 (size before relaxing)
 .eh_frame      0x0000000000147234       0x24 binaries/lflgetc.o
                                         0x50 (size before relaxing)
 .eh_frame      0x0000000000147258       0x24 binaries/lflinit.o
                                         0x50 (size before relaxing)
 .eh_frame      0x000000000014727c       0x24 binaries/lflputc.o
                                         0x50 (size before relaxing)
 .eh_frame      0x00000000001472a0       0x24 binaries/lflread.o
                                         0x50 (size before relaxing)
 .eh_frame      0x00000000001472c4       0x24 binaries/lflseek.o
                                         0x50 (size before relaxing)
 .eh_frame      0x00000000001472e8       0x24 binaries/lflwrite.o
                                         0x50 (size before relaxing)
 .eh_frame      0x000000000014730c       0x20 binaries/lfscheck.o
                                         0x4c (size before relaxing)
 .eh_frame      0x000000000014732c       0x24 binaries/lfsckfmt.o
                                         0x50 (size before relaxing)
 .eh_frame      0x0000000000147350       0x24 binaries/lfscreate.o
                                         0x50 (size before relaxing)
 .eh_frame      0x0000000000147374       0x24 binaries/lfsetup.o
                                         0x50 (size before relaxing)
 .eh_frame      0x0000000000147398       0x24 binaries/lfsinit.o
                                         0x50 (size before relaxing)
 .eh_frame      0x00000000001473bc       0x24 binaries/lfsopen.o
                                         0x50 (size before relaxing)
 .eh_frame      0x00000000001473e0       0x24 binaries/lftruncate.o
                                         0x50 (size before relaxing)
 .eh_frame      0x0000000000147404       0x24 binaries/rflclose.o
                                         0x50 (size before relaxing)
 .eh_frame      0x0000000000147428       0x24 binaries/rflgetc.o
                                         0x50 (size before relaxing)
 .eh_frame      0x000000000014744c       0x20 binaries/rflinit.o
                                         0x4c (size before relaxing)
 .eh_frame      0x000000000014746c       0x24 binaries/rflputc.o
                                         0x50 (size before relaxing)
 .eh_frame      0x0000000000147490       0x24 binaries/rflread.o
                                         0x50 (size before relaxing)
 .eh_frame      0x00000000001474b4       0x24 binaries/rflseek.o
                                         0x50 (size before relaxing)
 .eh_frame      0x00000000001474d8       0x24 binaries/rflwrite.o
                                         0x50 (size before relaxing)
 .eh_frame      0x00000000001474fc       0x24 binaries/rfscomm.o
                                         0x50 (size before relaxing)
 .eh_frame      0x0000000000147520       0x24 binaries/rfscontrol.o
                                         0x50 (size before relaxing)
 .eh_frame      0x0000000000147544       0x20 binaries/rfsgetmode.o
                                         0x4c (size before relaxing)
 .eh_frame      0x0000000000147564       0x24 binaries/rfsinit.o
                                         0x50 (size before relaxing)
 .eh_frame      0x0000000000147588       0x24 binaries/rfsndmsg.o
                                         0x50 (size before relaxing)
 .eh_frame      0x00000000001475ac       0x24 binaries/rfsopen.o
                                         0x50 (size before relaxing)
 .eh_frame      0x00000000001475d0       0x20 binaries/vgaclose.o
                                         0x4c (size before relaxing)
 .eh_frame      0x00000000001475f0       0x24 binaries/vgainit.o
                                         0x50 (size before relaxing)
 .eh_frame      0x0000000000147614       0x20 binaries/vgaopen.o
                                         0x4c (size before relaxing)
 .eh_frame      0x0000000000147634       0x20 binaries/vgaread.o
                                         0x4c (size before relaxing)
 .eh_frame      0x0000000000147654       0x20 binaries/vgaseek.o
                                         0x4c (size before relaxing)
 .eh_frame      0x0000000000147674       0x20 binaries/vgawrite.o
                                         0x4c (size before relaxing)
 .eh_frame      0x0000000000147694       0x20 binaries/miceclose.o
                                         0x4c (size before relaxing)
 .eh_frame      0x00000000001476b4       0x24 binaries/micehandler.o
                                         0x50 (size before relaxing)
 .eh_frame      0x00000000001476d8       0x24 binaries/miceinit.o
                                         0x50 (size before relaxing)
 .eh_frame      0x00000000001476fc       0x20 binaries/miceopen.o
                                         0x4c (size before relaxing)
 .eh_frame      0x000000000014771c       0x24 binaries/miceread.o
                                         0x50 (size before relaxing)
 .eh_frame      0x0000000000147740       0x6c binaries/miceutils.o
                                         0x98 (size before relaxing)
 .eh_frame      0x00000000001477ac       0x20 binaries/micewrite.o
                                         0x4c (size before relaxing)
 .eh_frame      0x00000000001477cc       0x20 binaries/kbdclose.o
                                         0x4c (size before relaxing)
 .eh_frame      0x00000000001477ec       0x48 binaries/kbdhandler.o
                                         0x88 (size before relaxing)
 .eh_frame      0x0000000000147834       0x48 binaries/kbdinit.o
                                         0x74 (size before relaxing)
 .eh_frame      0x000000000014787c       0x20 binaries/kbdopen.o
                                         0x4c (size before relaxing)
 .eh_frame      0x000000000014789c       0x20 binaries/kbdread.o
                                         0x4c (size before relaxing)
 .eh_frame      0x00000000001478bc       0x20 binaries/kbdwrite.o
                                         0x4c (size before relaxing)
 .eh_frame      0x00000000001478dc       0x6c binaries/galaga.o
                                         0xac (size before relaxing)
 .eh_frame      0x0000000000147948       0xbc binaries/mylib.o
                                        0x110 (size before relaxing)
 .eh_frame      0x0000000000147a04       0xd0 binaries/arp.o
                                        0x124 (size before relaxing)
 .eh_frame      0x0000000000147ad4       0xac binaries/dhcp.o
                                         0xec (size before relaxing)
 .eh_frame      0x0000000000147b80       0x90 binaries/dns.o
                                         0xd0 (size before relaxing)
 .eh_frame      0x0000000000147c10       0x20 binaries/dot2ip.o
                                         0x4c (size before relaxing)
 .eh_frame      0x0000000000147c30       0x48 binaries/hexdump.o
                                         0x74 (size before relaxing)
 .eh_frame      0x0000000000147c78      0x164 binaries/icmp.o
                                        0x1a4 (size before relaxing)
 .eh_frame      0x0000000000147ddc      0x130 binaries/ip.o
                                        0x170 (size before relaxing)
 .eh_frame      0x0000000000147f0c       0xa8 binaries/net.o
                                         0xfc (size before relaxing)
 .eh_frame      0x0000000000147fb4       0x60 binaries/pdump.o
                                         0xa0 (size before relaxing)
 .eh_frame      0x0000000000148014       0x68 binaries/tftp.o
                                         0xa8 (size before relaxing)
 .eh_frame      0x000000000014807c      0x15c binaries/udp.o
                                        0x19c (size before relaxing)
 .eh_frame      0x00000000001481d8       0x24 binaries/addargs.o
                                         0x50 (size before relaxing)
 .eh_frame      0x00000000001481fc       0x20 binaries/lexan.o
                                         0x4c (size before relaxing)
 .eh_frame      0x000000000014821c       0x1c binaries/mouse.o
                                         0x48 (size before relaxing)
 .eh_frame      0x0000000000148238       0x2c binaries/shell.o
                                         0x58 (size before relaxing)
 .eh_frame      0x0000000000148264       0x24 binaries/xsh_argecho.o
                                         0x50 (size before relaxing)
 .eh_frame      0x0000000000148288       0x48 binaries/xsh_arp.o
                                         0x74 (size before relaxing)
 .eh_frame      0x00000000001482d0       0x24 binaries/xsh_cat.o
                                         0x50 (size before relaxing)
 .eh_frame      0x00000000001482f4       0x24 binaries/xsh_clear.o
                                         0x50 (size before relaxing)
 .eh_frame      0x0000000000148318       0x24 binaries/xsh_date.o
                                         0x50 (size before relaxing)
 .eh_frame      0x000000000014833c       0x24 binaries/xsh_devdump.o
                                         0x50 (size before relaxing)
 .eh_frame      0x0000000000148360       0x24 binaries/xsh_echo.o
                                         0x50 (size before relaxing)
 .eh_frame      0x0000000000148384       0x20 binaries/xsh_exit.o
                                         0x4c (size before relaxing)
 .eh_frame      0x00000000001483a4       0x24 binaries/xsh_help.o
                                         0x50 (size before relaxing)
 .eh_frame      0x00000000001483c8       0x24 binaries/xsh_kill.o
                                         0x50 (size before relaxing)
 .eh_frame      0x00000000001483ec       0x44 binaries/xsh_memdump.o
                                         0x84 (size before relaxing)
 .eh_frame      0x0000000000148430       0x6c binaries/xsh_memstat.o
                                         0x98 (size before relaxing)
 .eh_frame      0x000000000014849c       0x30 binaries/xsh_netinfo.o
                                         0x5c (size before relaxing)
 .eh_frame      0x00000000001484cc       0x2c binaries/xsh_ping.o
                                         0x58 (size before relaxing)
 .eh_frame      0x00000000001484f8       0x30 binaries/xsh_ps.o
                                         0x5c (size before relaxing)
 .eh_frame      0x0000000000148528       0x24 binaries/xsh_sleep.o
                                         0x50 (size before relaxing)
 .eh_frame      0x000000000014854c       0x24 binaries/xsh_udpdump.o
                                         0x50 (size before relaxing)
 .eh_frame      0x0000000000148570       0x2c binaries/xsh_udpecho.o
                                         0x58 (size before relaxing)
 .eh_frame      0x000000000014859c       0x2c binaries/xsh_udpserver.o
                                         0x58 (size before relaxing)
 .eh_frame      0x00000000001485c8       0x24 binaries/xsh_uptime.o
                                         0x50 (size before relaxing)

.iplt           0x00000000001485ec        0x0
 .iplt          0x00000000001485ec        0x0 binaries/start.o

.rel.dyn        0x00000000001485ec        0x0
 .rel.got       0x00000000001485ec        0x0 binaries/start.o
 .rel.iplt      0x00000000001485ec        0x0 binaries/start.o
 .rel.text      0x00000000001485ec        0x0 binaries/start.o

.data           0x0000000000148600     0x1a00
                0x0000000000148600                data = ABSOLUTE (.)
 *(.data .data.*)
 .data          0x0000000000148600      0x460 binaries/start.o
                0x0000000000148610                gdt
                0x0000000000148650                gdtr
                0x0000000000148656                idt
                0x0000000000148a56                idtr
                0x0000000000148a5c                cpudelay
 .data          0x0000000000148a60        0x0 binaries/ascdate.o
 .data.rel.local
                0x0000000000148a60       0x88 binaries/ascdate.o
                0x0000000000148a60                Date
 .data          0x0000000000148ae8        0x0 binaries/bufinit.o
 .data          0x0000000000148ae8        0x0 binaries/chprio.o
 .data          0x0000000000148ae8        0x4 binaries/clkhandler.o
 .data          0x0000000000148aec        0x0 binaries/clkinit.o
 .data          0x0000000000148aec        0x0 binaries/close.o
 .data          0x0000000000148aec        0x0 binaries/conf.o
 *fill*         0x0000000000148aec       0x14 
 .data.rel      0x0000000000148b00      0x654 binaries/conf.o
                0x0000000000148b00                devtab
 .data          0x0000000000149154        0x0 binaries/control.o
 .data          0x0000000000149154        0x4 binaries/create.o
 .data          0x0000000000149158        0x0 binaries/evec.o
 *fill*         0x0000000000149158        0x8 
 .data.rel.local
                0x0000000000149160       0x40 binaries/evec.o
                0x0000000000149160                inames
 .data          0x00000000001491a0        0x0 binaries/exit.o
 .data          0x00000000001491a0        0x0 binaries/freebuf.o
 .data          0x00000000001491a0        0x0 binaries/freemem.o
 .data          0x00000000001491a0        0x0 binaries/getbuf.o
 .data          0x00000000001491a0        0x0 binaries/getc.o
 .data          0x00000000001491a0        0x0 binaries/getdev.o
 .data          0x00000000001491a0        0x0 binaries/getitem.o
 .data          0x00000000001491a0        0x0 binaries/getmem.o
 .data          0x00000000001491a0        0x0 binaries/getpid.o
 .data          0x00000000001491a0        0x0 binaries/getprio.o
 .data          0x00000000001491a0        0x0 binaries/getstk.o
 .data          0x00000000001491a0        0x0 binaries/getticks.o
 .data          0x00000000001491a0        0x0 binaries/gettime.o
 .data          0x00000000001491a0        0x0 binaries/getutime.o
 .data          0x00000000001491a0       0x40 binaries/i386.o
                0x00000000001491a0                gdt_copy
 .data          0x00000000001491e0        0x0 binaries/init.o
 .data          0x00000000001491e0        0x0 binaries/initialize.o
 .data          0x00000000001491e0        0x0 binaries/insert.o
 .data          0x00000000001491e0        0x0 binaries/insertd.o
 .data          0x00000000001491e0        0x0 binaries/ioerr.o
 .data          0x00000000001491e0        0x0 binaries/ionull.o
 .data          0x00000000001491e0        0x0 binaries/kill.o
 .data          0x00000000001491e0        0x0 binaries/kprintf.o
 .data          0x00000000001491e0        0x0 binaries/main.o
 .data          0x00000000001491e0        0x0 binaries/mark.o
 .data          0x00000000001491e0        0x0 binaries/meminit.o
 .data          0x00000000001491e0        0x0 binaries/mkbufpool.o
 .data          0x00000000001491e0        0x2 binaries/newqueue.o
 .data          0x00000000001491e2        0x0 binaries/open.o
 .data          0x00000000001491e2        0x0 binaries/panic.o
 *fill*         0x00000000001491e2        0x2 
 .data          0x00000000001491e4       0x10 binaries/pci.o
 .data          0x00000000001491f4        0x0 binaries/ptclear.o
 .data          0x00000000001491f4        0x0 binaries/ptcount.o
 .data          0x00000000001491f4        0x0 binaries/ptcreate.o
 .data          0x00000000001491f4        0x0 binaries/ptdelete.o
 .data          0x00000000001491f4        0x0 binaries/ptinit.o
 .data          0x00000000001491f4        0x0 binaries/ptrecv.o
 .data          0x00000000001491f4        0x0 binaries/ptreset.o
 .data          0x00000000001491f4        0x0 binaries/ptsend.o
 .data          0x00000000001491f4        0x0 binaries/putc.o
 .data          0x00000000001491f4        0x0 binaries/queue.o
 .data          0x00000000001491f4        0x0 binaries/read.o
 .data          0x00000000001491f4        0x0 binaries/ready.o
 .data          0x00000000001491f4        0x0 binaries/receive.o
 .data          0x00000000001491f4        0x0 binaries/recvclr.o
 .data          0x00000000001491f4        0x0 binaries/recvtime.o
 .data          0x00000000001491f4        0x0 binaries/resched.o
 .data          0x00000000001491f4        0x0 binaries/resume.o
 .data          0x00000000001491f4        0x0 binaries/seek.o
 .data          0x00000000001491f4        0x0 binaries/semcount.o
 .data          0x00000000001491f4        0x0 binaries/semcreate.o
 .data          0x00000000001491f4        0x0 binaries/semdelete.o
 .data          0x00000000001491f4        0x0 binaries/semreset.o
 .data          0x00000000001491f4        0x0 binaries/send.o
 .data          0x00000000001491f4        0x0 binaries/signal.o
 .data          0x00000000001491f4        0x0 binaries/signaln.o
 .data          0x00000000001491f4        0x0 binaries/sleep.o
 .data          0x00000000001491f4        0x0 binaries/stacktrace.o
 .data          0x00000000001491f4        0x0 binaries/suspend.o
 .data          0x00000000001491f4        0x0 binaries/unsleep.o
 .data          0x00000000001491f4        0x0 binaries/userret.o
 .data          0x00000000001491f4        0x0 binaries/wait.o
 .data          0x00000000001491f4        0x0 binaries/wakeup.o
 .data          0x00000000001491f4        0x0 binaries/write.o
 .data          0x00000000001491f4        0x0 binaries/xdone.o
 .data          0x00000000001491f4        0x0 binaries/yield.o
 .data          0x00000000001491f4        0x0 binaries/abs.o
 .data          0x00000000001491f4        0x0 binaries/atoi.o
 .data          0x00000000001491f4        0x0 binaries/atol.o
 .data          0x00000000001491f4        0x0 binaries/bzero.o
 .data          0x00000000001491f4        0x0 binaries/ctype_.o
 .data          0x00000000001491f4        0x0 binaries/doprnt.o
 *fill*         0x00000000001491f4        0xc 
 .data          0x0000000000149200       0x80 binaries/doscan.o
                0x0000000000149200                _sctab
 .data          0x0000000000149280        0x0 binaries/fdoprnt.o
 .data          0x0000000000149280        0x0 binaries/fgetc.o
 .data          0x0000000000149280        0x0 binaries/fgets.o
 .data          0x0000000000149280        0x0 binaries/fprintf.o
 .data          0x0000000000149280        0x0 binaries/fputc.o
 .data          0x0000000000149280        0x0 binaries/fputs.o
 .data          0x0000000000149280        0x0 binaries/fscanf.o
 .data          0x0000000000149280        0x0 binaries/getchar.o
 .data          0x0000000000149280        0x0 binaries/labs.o
 .data          0x0000000000149280        0x0 binaries/memchr.o
 .data          0x0000000000149280        0x0 binaries/memcmp.o
 .data          0x0000000000149280        0x0 binaries/memcpy.o
 .data          0x0000000000149280        0x0 binaries/memset.o
 .data          0x0000000000149280        0x0 binaries/printf.o
 .data          0x0000000000149280        0x0 binaries/putchar.o
 .data          0x0000000000149280        0x0 binaries/qsort.o
 .data          0x0000000000149280        0x4 binaries/rand.o
 .data          0x0000000000149284        0x0 binaries/sprintf.o
 .data          0x0000000000149284        0x0 binaries/sscanf.o
 .data          0x0000000000149284        0x0 binaries/strchr.o
 .data          0x0000000000149284        0x0 binaries/strcmp.o
 .data          0x0000000000149284        0x0 binaries/strcpy.o
 .data          0x0000000000149284        0x0 binaries/strlen.o
 .data          0x0000000000149284        0x0 binaries/strncat.o
 .data          0x0000000000149284        0x0 binaries/strncmp.o
 .data          0x0000000000149284        0x0 binaries/strncpy.o
 .data          0x0000000000149284        0x0 binaries/strnlen.o
 .data          0x0000000000149284        0x0 binaries/strrchr.o
 .data          0x0000000000149284        0x0 binaries/strstr.o
 .data          0x0000000000149284        0x0 binaries/text_on_vga.o
 .data          0x0000000000149284        0x0 binaries/vga.o
 .data          0x0000000000149284        0x0 binaries/ttycontrol.o
 .data          0x0000000000149284        0x0 binaries/ttygetc.o
 .data          0x0000000000149284        0x0 binaries/ttyhandle_in.o
 .data          0x0000000000149284        0x0 binaries/ttyhandle_out.o
 .data          0x0000000000149284        0x0 binaries/ttyhandler.o
 .data          0x0000000000149284        0x0 binaries/ttyinit.o
 .data          0x0000000000149284        0x0 binaries/ttykickout.o
 .data          0x0000000000149284        0x0 binaries/ttyputc.o
 .data          0x0000000000149284        0x0 binaries/ttyread.o
 .data          0x0000000000149284        0x0 binaries/ttywrite.o
 .data          0x0000000000149284        0x0 binaries/mount.o
 .data          0x0000000000149284        0x0 binaries/naminit.o
 .data          0x0000000000149284        0x0 binaries/nammap.o
 .data          0x0000000000149284        0x0 binaries/namopen.o
 .data          0x0000000000149284        0x0 binaries/82545EMInit.o
 .data          0x0000000000149284        0x0 binaries/ethcontrol.o
 .data          0x0000000000149284        0x0 binaries/ethhandler.o
 .data          0x0000000000149284        0x0 binaries/ethinit.o
 .data          0x0000000000149284        0x0 binaries/ethread.o
 .data          0x0000000000149284        0x0 binaries/ethwrite.o
 .data          0x0000000000149284        0x0 binaries/rdsbufalloc.o
 .data          0x0000000000149284        0x0 binaries/rdsclose.o
 .data          0x0000000000149284        0x0 binaries/rdscomm.o
 .data          0x0000000000149284        0x0 binaries/rdscontrol.o
 .data          0x0000000000149284        0x0 binaries/rdsinit.o
 .data          0x0000000000149284        0x0 binaries/rdsopen.o
 .data          0x0000000000149284        0x0 binaries/rdsprocess.o
 .data          0x0000000000149284        0x0 binaries/rdsread.o
 .data          0x0000000000149284        0x0 binaries/rdswrite.o
 .data          0x0000000000149284        0x0 binaries/ramclose.o
 .data          0x0000000000149284        0x0 binaries/raminit.o
 .data          0x0000000000149284        0x0 binaries/ramopen.o
 .data          0x0000000000149284        0x0 binaries/ramread.o
 .data          0x0000000000149284        0x0 binaries/ramwrite.o
 .data          0x0000000000149284        0x0 binaries/lfdballoc.o
 .data          0x0000000000149284        0x0 binaries/lfdbfree.o
 .data          0x0000000000149284        0x0 binaries/lfflush.o
 .data          0x0000000000149284        0x0 binaries/lfgetmode.o
 .data          0x0000000000149284        0x0 binaries/lfiballoc.o
 .data          0x0000000000149284        0x0 binaries/lfibclear.o
 .data          0x0000000000149284        0x0 binaries/lfibget.o
 .data          0x0000000000149284        0x0 binaries/lfibput.o
 .data          0x0000000000149284        0x0 binaries/lflclose.o
 .data          0x0000000000149284        0x0 binaries/lflcontrol.o
 .data          0x0000000000149284        0x0 binaries/lflgetc.o
 .data          0x0000000000149284        0x0 binaries/lflinit.o
 .data          0x0000000000149284        0x0 binaries/lflputc.o
 .data          0x0000000000149284        0x0 binaries/lflread.o
 .data          0x0000000000149284        0x0 binaries/lflseek.o
 .data          0x0000000000149284        0x0 binaries/lflwrite.o
 .data          0x0000000000149284        0x0 binaries/lfscheck.o
 .data          0x0000000000149284        0x0 binaries/lfsckfmt.o
 .data          0x0000000000149284        0x0 binaries/lfscreate.o
 .data          0x0000000000149284        0x0 binaries/lfsetup.o
 .data          0x0000000000149284        0x0 binaries/lfsinit.o
 .data          0x0000000000149284        0x0 binaries/lfsopen.o
 .data          0x0000000000149284        0x0 binaries/lftruncate.o
 .data          0x0000000000149284        0x0 binaries/rflclose.o
 .data          0x0000000000149284        0x0 binaries/rflgetc.o
 .data          0x0000000000149284        0x0 binaries/rflinit.o
 .data          0x0000000000149284        0x0 binaries/rflputc.o