
Merging program properties

Removed property 0xc0000002 to merge binaries/ascdate.o (0x3) and binaries/start.o (not found)
Removed property 0xc0000002 to merge binaries/ascdate.o (not found) and binaries/bufinit.o (0x3)
Removed property 0xc0000002 to merge binaries/ascdate.o (not found) and binaries/chprio.o (0x3)
Removed property 0xc0000002 to merge binaries/ascdate.o (not found) and binaries/clkhandler.o (0x3)
Removed property 0xc0000002 to merge binaries/ascdate.o (not found) and binaries/clkinit.o (0x3)
Removed property 0xc0000002 to merge binaries/ascdate.o (not found) and binaries/close.o (0x3)
Removed property 0xc0000002 to merge binaries/ascdate.o (not found) and binaries/conf.o (0x3)
Removed property 0xc0000002 to merge binaries/ascdate.o (not found) and binaries/control.o (0x3)
Removed property 0xc0000002 to merge binaries/ascdate.o (not found) and binaries/create.o (0x3)
Removed property 0xc0000002 to merge binaries/ascdate.o (not found) and binaries/evec.o (0x3)
Removed property 0xc0000002 to merge binaries/ascdate.o (not found) and binaries/exit.o (0x3)
Removed property 0xc0000002 to merge binaries/ascdate.o (not found) and binaries/freebuf.o (0x3)
Removed property 0xc0000002 to merge binaries/ascdate.o (not found) and binaries/freemem.o (0x3)
Removed property 0xc0000002 to merge binaries/ascdate.o (not found) and binaries/getbuf.o (0x3)
Removed property 0xc0000002 to merge binaries/ascdate.o (not found) and binaries/getc.o (0x3)
Removed property 0xc0000002 to merge binaries/ascdate.o (not found) and binaries/getdev.o (0x3)
Removed property 0xc0000002 to merge binaries/ascdate.o (not found) and binaries/getitem.o (0x3)
Removed property 0xc0000002 to merge binaries/ascdate.o (not found) and binaries/getmem.o (0x3)
Removed property 0xc0000002 to merge binaries/ascdate.o (not found) and binaries/getpid.o (0x3)
Removed property 0xc0000002 to merge binaries/ascdate.o (not found) and binaries/getprio.o (0x3)
Removed property 0xc0000002 to merge binaries/ascdate.o (not found) and binaries/getstk.o (0x3)
Removed property 0xc0000002 to merge binaries/ascdate.o (not found) and binaries/getticks.o (0x3)
Removed property 0xc0000002 to merge binaries/ascdate.o (not found) and binaries/gettime.o (0x3)
Removed property 0xc0000002 to merge binaries/ascdate.o (not found) and binaries/getutime.o (0x3)
Removed property 0xc0000002 to merge binaries/ascdate.o (not found) and binaries/i386.o (0x3)
Removed property 0xc0000002 to merge binaries/ascdate.o (not found) and binaries/init.o (0x3)
Removed property 0xc0000002 to merge binaries/ascdate.o (not found) and binaries/initialize.o (0x3)
Removed property 0xc0000002 to merge binaries/ascdate.o (not found) and binaries/insert.o (0x3)
Removed property 0xc0000002 to merge binaries/ascdate.o (not found) and binaries/insertd.o (0x3)
Removed property 0xc0000002 to merge binaries/ascdate.o (not found) and binaries/ioerr.o (0x3)
Removed property 0xc0000002 to merge binaries/ascdate.o (not found) and binaries/ionull.o (0x3)
Removed property 0xc0000002 to merge binaries/ascdate.o (not found) and binaries/kill.o (0x3)
Removed property 0xc0000002 to merge binaries/ascdate.o (not found) and binaries/kprintf.o (0x3)
Removed property 0xc0000002 to merge binaries/ascdate.o (not found) and binaries/main.o (0x3)
Removed property 0xc0000002 to merge binaries/ascdate.o (not found) and binaries/mark.o (0x3)
Removed property 0xc0000002 to merge binaries/ascdate.o (not found) and binaries/meminit.o (0x3)
Removed property 0xc0000002 to merge binaries/ascdate.o (not found) and binaries/mkbufpool.o (0x3)
Removed property 0xc0000002 to merge binaries/ascdate.o (not found) and binaries/mutex_init.o (0x3)
Removed property 0xc0000002 to merge binaries/ascdate.o (not found) and binaries/mutex_lock.o (0x3)
Removed property 0xc0000002 to merge binaries/ascdate.o (not found) and binaries/mutex_unlock.o (0x3)
Removed property 0xc0000002 to merge binaries/ascdate.o (not found) and binaries/newqueue.o (0x3)
Removed property 0xc0000002 to merge binaries/ascdate.o (not found) and binaries/open.o (0x3)
Removed property 0xc0000002 to merge binaries/ascdate.o (not found) and binaries/panic.o (0x3)
Removed property 0xc0000002 to merge binaries/ascdate.o (not found) and binaries/pci.o (0x3)
Removed property 0xc0000002 to merge binaries/ascdate.o (not found) and binaries/ptclear.o (0x3)
Removed property 0xc0000002 to merge binaries/ascdate.o (not found) and binaries/ptcount.o (0x3)
Removed property 0xc0000002 to merge binaries/ascdate.o (not found) and binaries/ptcreate.o (0x3)
Removed property 0xc0000002 to merge binaries/ascdate.o (not found) and binaries/ptdelete.o (0x3)
Removed property 0xc0000002 to merge binaries/ascdate.o (not found) and binaries/ptinit.o (0x3)
Removed property 0xc0000002 to merge binaries/ascdate.o (not found) and binaries/ptrecv.o (0x3)
Removed property 0xc0000002 to merge binaries/ascdate.o (not found) and binaries/ptreset.o (0x3)
[...]
Memory Configuration

Name             Origin             Length             Attributes
*default*        0x0000000000000000 0xffffffffffffffff

Linker script and memory map

                0x0000000000100000                physbase = 0x100000
                0x0000000000100000                . = physbase
                0x0000000000100000                . = ALIGN (0x1000)

.text           0x0000000000100000    0x1f000
                0x0000000000100000                text = ABSOLUTE (.)
 *(.text .text.*)
 .text          0x0000000000100000      0x15c binaries/start.o
                0x0000000000100000                _start
                0x0000000000100000                start
                0x000000000010009c                inb
                0x00000000001000a4                inw
                0x00000000001000ad                inl
                0x00000000001000b5                outb
                0x00000000001000bf                outw
                0x00000000001000ca                outl
                0x00000000001000d4                _rtcin
                0x00000000001000df                ___udivsi3
                0x00000000001000ea                ___divsi3
                0x00000000001000f6                sbzero
                0x0000000000100106                bcopy
                0x000000000010011a                insw
                0x0000000000100130                outsw
                0x0000000000100146                lidt
 .text          0x000000000010015c      0x427 binaries/ascdate.o
                0x000000000010015c                ascdate
 .text.__x86.get_pc_thunk.cx
                0x0000000000100583        0x4 binaries/ascdate.o
                0x0000000000100583                __x86.get_pc_thunk.cx
 .text          0x0000000000100587       0x24 binaries/bufinit.o
                0x0000000000100587                bufinit
 .text.__x86.get_pc_thunk.ax
                0x00000000001005ab        0x4 binaries/bufinit.o
                0x00000000001005ab                __x86.get_pc_thunk.ax
 .text          0x00000000001005af       0x9a binaries/chprio.o
                0x00000000001005af                chprio
 .text.__x86.get_pc_thunk.bx
                0x0000000000100649        0x4 binaries/chprio.o
                0x0000000000100649                __x86.get_pc_thunk.bx
 .text          0x000000000010064d       0xdf binaries/clkhandler.o
                0x000000000010064d                clkhandler
 .text          0x000000000010072c       0x99 binaries/clkinit.o
                0x000000000010072c                clkinit
 .text          0x00000000001007c5       0x83 binaries/close.o
                0x00000000001007c5                close
 .text          0x0000000000100848        0x0 binaries/conf.o
 .text          0x0000000000100848       0x89 binaries/control.o
                0x0000000000100848                control
 .text          0x00000000001008d1      0x2ff binaries/create.o
                0x00000000001008d1                create
 .text          0x0000000000100bd0      0x3d5 binaries/evec.o
                0x0000000000100bd0                initevec
                0x0000000000100c41                set_evec
                0x0000000000100d0f                trap
 .text          0x0000000000100fa5       0x2d binaries/exit.o
                0x0000000000100fa5                exit
 .text          0x0000000000100fd2       0xa5 binaries/freebuf.o
                0x0000000000100fd2                freebuf
 .text          0x0000000000101077      0x199 binaries/freemem.o
                0x0000000000101077                freemem
 .text          0x0000000000101210       0xa3 binaries/getbuf.o
                0x0000000000101210                getbuf
 .text          0x00000000001012b3       0x83 binaries/getc.o
                0x00000000001012b3                getc
 .text          0x0000000000101336       0x84 binaries/getdev.o
                0x0000000000101336                getdev
 .text          0x00000000001013ba      0x125 binaries/getitem.o
                0x00000000001013ba                getfirst
                0x0000000000101415                getlast
                0x0000000000101473                getitem
 .text          0x00000000001014df      0x136 binaries/getmem.o
                0x00000000001014df                getmem
 .text          0x0000000000101615       0x1b binaries/getpid.o
                0x0000000000101615                getpid
 .text          0x0000000000101630       0x83 binaries/getprio.o
                0x0000000000101630                getprio
 .text          0x00000000001016b3      0x11d binaries/getstk.o
                0x00000000001016b3                getstk
 .text          0x00000000001017d0       0x24 binaries/getticks.o
                0x00000000001017d0                getticks
 .text          0x00000000001017f4       0x4e binaries/gettime.o
                0x00000000001017f4                gettime
 .text          0x0000000000101842      0x213 binaries/getutime.o
                0x0000000000101842                getutime
 .text          0x0000000000101a55      0x39e binaries/i386.o
                0x0000000000101a55                setsegs
                0x0000000000101b06                init8259
                0x0000000000101bcc                pseg
                0x0000000000101d86                setirmask
 .text          0x0000000000101df3       0x83 binaries/init.o
                0x0000000000101df3                init
 .text          0x0000000000101e76      0x459 binaries/initialize.o
                0x0000000000101e76                nulluser
                0x0000000000102262                stop
                0x00000000001022a1                delay
 .text          0x00000000001022cf      0x108 binaries/insert.o
                0x00000000001022cf                insert
 .text          0x00000000001023d7      0x14a binaries/insertd.o
                0x00000000001023d7                insertd
 .text          0x0000000000102521       0x18 binaries/ioerr.o
                0x0000000000102521                ioerr
 .text          0x0000000000102539       0x18 binaries/ionull.o
                0x0000000000102539                ionull
 .text          0x0000000000102551      0x1c1 binaries/kill.o
                0x0000000000102551                kill
 .text          0x0000000000102712      0x18c binaries/kprintf.o
                0x0000000000102712                kputc
                0x00000000001027b6                kgetc
                0x000000000010285e                kprintf
 .text          0x000000000010289e       0xfc binaries/main.o
                0x000000000010289e                main
 .text          0x000000000010299a       0xf6 binaries/mark.o
                0x000000000010299a                markinit
                0x00000000001029d7                mark
 .text          0x0000000000102a90       0xfb binaries/meminit.o
                0x0000000000102a90                meminit
 .text          0x0000000000102b8b      0x198 binaries/mkbufpool.o
                0x0000000000102b8b                mkbufpool
 .text          0x0000000000102d23       0x29 binaries/mutex_init.o
                0x0000000000102d23                mutex_init
 .text          0x0000000000102d4c       0x2b binaries/mutex_lock.o
                0x0000000000102d4c                mutex_lock
 .text          0x0000000000102d77       0x2b binaries/mutex_unlock.o
                0x0000000000102d77                mutex_unlock
 .text          0x0000000000102da2       0xc5 binaries/newqueue.o
                0x0000000000102da2                newqueue
 .text          0x0000000000102e67       0x89 binaries/open.o
                0x0000000000102e67                open
 .text          0x0000000000102ef0       0x32 binaries/panic.o
                0x0000000000102ef0                panic
 .text          0x0000000000102f22      0x555 binaries/pci.o
                0x0000000000102f22                pci_init
                0x0000000000103242                find_pci_device
                0x000000000010329f                pci_bios_read_config_byte
                0x00000000001032ed                pci_bios_read_config_word
                0x000000000010333c                pci_bios_read_config_dword
                0x000000000010338a                pci_bios_write_config_byte
                0x00000000001033db                pci_bios_write_config_word
                0x000000000010342d                pci_bios_write_config_dword
 .text.__x86.get_pc_thunk.si
                0x0000000000103477        0x4 binaries/pci.o
                0x0000000000103477                __x86.get_pc_thunk.si
 .text          0x000000000010347b      0x108 binaries/ptclear.o
                0x000000000010347b                _ptclear
 .text          0x0000000000103583       0xb4 binaries/ptcount.o
                0x0000000000103583                ptcount
 .text          0x0000000000103637      0x13c binaries/ptcreate.o
                0x0000000000103637                ptcreate
 .text          0x0000000000103773       0x99 binaries/ptdelete.o
                0x0000000000103773                ptdelete
 .text          0x000000000010380c       0xeb binaries/ptinit.o
                0x000000000010380c                ptinit
 .text          0x00000000001038f7      0x13b binaries/ptrecv.o
                0x00000000001038f7                ptrecv
 .text          0x0000000000103a32       0x8e binaries/ptreset.o
                0x0000000000103a32                ptreset
 .text          0x0000000000103ac0      0x160 binaries/ptsend.o
                0x0000000000103ac0                ptsend
 .text          0x0000000000103c20       0x8e binaries/putc.o
                0x0000000000103c20                putc
 .text          0x0000000000103cae      0x14f binaries/queue.o
                0x0000000000103cae                enqueue
                0x0000000000103d73                dequeue
 .text          0x0000000000103dfd       0x89 binaries/read.o
                0x0000000000103dfd                read
 .text          0x0000000000103e86       0x83 binaries/ready.o
                0x0000000000103e86                ready
 .text          0x0000000000103f09       0x72 binaries/receive.o
                0x0000000000103f09                receive
 .text          0x0000000000103f7b       0x6e binaries/recvclr.o
                0x0000000000103f7b                recvclr
 .text          0x0000000000103fe9       0xd4 binaries/recvtime.o
                0x0000000000103fe9                recvtime
 .text          0x00000000001040bd      0x1c7 binaries/resched.o
                0x00000000001040bd                resched
                0x00000000001041e2                resched_cntl
 .text          0x0000000000104284       0xb7 binaries/resume.o
                0x0000000000104284                resume
 .text          0x000000000010433b       0x87 binaries/seek.o
                0x000000000010433b                seek
 .text          0x00000000001043c2       0x8c binaries/semcount.o
                0x00000000001043c2                semcount
 .text          0x000000000010444e      0x10b binaries/semcreate.o
                0x000000000010444e                semcreate
 .text.__x86.get_pc_thunk.dx
                0x0000000000104559        0x4 binaries/semcreate.o
                0x0000000000104559                __x86.get_pc_thunk.dx
 .text          0x000000000010455d       0xe5 binaries/semdelete.o
                0x000000000010455d                semdelete
 .text          0x0000000000104642       0xe9 binaries/semreset.o
                0x0000000000104642                semreset
 .text          0x000000000010472b       0xf5 binaries/send.o
                0x000000000010472b                send
 .text          0x0000000000104820       0xc0 binaries/signal.o
                0x0000000000104820                signal
 .text          0x00000000001048e0       0xef binaries/signaln.o
                0x00000000001048e0                signaln
 .text          0x00000000001049cf       0xf9 binaries/sleep.o
                0x00000000001049cf                sleep
                0x0000000000104a15                sleepms
 .text          0x0000000000104ac8      0x1ab binaries/stacktrace.o
                0x0000000000104ac8                stacktrace
 .text          0x0000000000104c73       0xef binaries/suspend.o
                0x0000000000104c73                suspend
 .text          0x0000000000104d62       0xfa binaries/unsleep.o
                0x0000000000104d62                unsleep
 .text          0x0000000000104e5c       0x2d binaries/userret.o
                0x0000000000104e5c                userret
 .text          0x0000000000104e89       0xf4 binaries/wait.o
                0x0000000000104e89                wait
 .text          0x0000000000104f7d       0x9e binaries/wakeup.o
                0x0000000000104f7d                wakeup
 .text          0x000000000010501b       0x89 binaries/write.o
                0x000000000010501b                write
 .text          0x00000000001050a4       0x33 binaries/xdone.o
                0x00000000001050a4                xdone
 .text          0x00000000001050d7       0x3b binaries/yield.o
                0x00000000001050d7                yield
 .text          0x0000000000105112       0x1f binaries/abs.o
                0x0000000000105112                abs
 .text          0x0000000000105131       0xa5 binaries/atoi.o
                0x0000000000105131                atoi
 .text          0x00000000001051d6       0xa5 binaries/atol.o
                0x00000000001051d6                atol
 .text          0x000000000010527b       0x41 binaries/bzero.o
                0x000000000010527b                bzero
 .text          0x00000000001052bc        0x0 binaries/ctype_.o
 .text          0x00000000001052bc      0x9ea binaries/doprnt.o
                0x00000000001052bc                _doprnt
 .text          0x0000000000105ca6      0x725 binaries/doscan.o
                0x0000000000105ca6                _doscan
 .text.__x86.get_pc_thunk.di
                0x00000000001063cb        0x4 binaries/doscan.o
                0x00000000001063cb                __x86.get_pc_thunk.di
 .text          0x00000000001063cf      0x7df binaries/fdoprnt.o
                0x00000000001063cf                _fdoprnt
 .text          0x0000000000106bae       0x3d binaries/fgetc.o
                0x0000000000106bae                fgetc
 .text          0x0000000000106beb       0x89 binaries/fgets.o
                0x0000000000106beb                fgets
 .text          0x0000000000106c74       0x40 binaries/fprintf.o
                0x0000000000106c74                fprintf
 .text          0x0000000000106cb4       0x40 binaries/fputc.o
                0x0000000000106cb4                fputc
 .text          0x0000000000106cf4       0x57 binaries/fputs.o
                0x0000000000106cf4                fputs
 .text          0x0000000000106d4b       0xc2 binaries/fscanf.o
                0x0000000000106d4b                fscanf
 .text          0x0000000000106e0d       0x44 binaries/getchar.o
                0x0000000000106e0d                getchar
 .text          0x0000000000106e51       0x1f binaries/labs.o
                0x0000000000106e51                labs
 .text          0x0000000000106e70        0x0 binaries/memchr.o
 .text          0x0000000000106e70       0x63 binaries/memcmp.o
                0x0000000000106e70                memcmp
 .text          0x0000000000106ed3       0x50 binaries/memcpy.o
                0x0000000000106ed3                memcpy
 .text          0x0000000000106f23       0x41 binaries/memset.o
                0x0000000000106f23                memset
 .text          0x0000000000106f64       0x5a binaries/printf.o
                0x0000000000106f64                printf
 .text          0x0000000000106fbe       0x47 binaries/putchar.o
                0x0000000000106fbe                putchar
 .text          0x0000000000107005      0x2c6 binaries/qsort.o
                0x0000000000107005                qsort
 .text          0x00000000001072cb       0x8c binaries/rand.o
                0x00000000001072cb                rand
                0x00000000001072f3                rand_r
                0x000000000010733a                srand
 .text          0x0000000000107357       0x8c binaries/sprintf.o
                0x0000000000107357                sprintf
 .text          0x00000000001073e3       0xa7 binaries/sscanf.o
                0x00000000001073e3                sscanf
 .text          0x000000000010748a       0x4e binaries/strchr.o
                0x000000000010748a                strchr
 .text          0x00000000001074d8       0x5a binaries/strcmp.o
                0x00000000001074d8                strcmp
 .text          0x0000000000107532       0x37 binaries/strcpy.o
                0x0000000000107532                strcpy
 .text          0x0000000000107569       0x36 binaries/strlen.o
                0x0000000000107569                strlen
 .text          0x000000000010759f       0x6a binaries/strncat.o
                0x000000000010759f                strncat
 .text          0x0000000000107609       0x73 binaries/strncmp.o
                0x0000000000107609                strncmp
 .text          0x000000000010767c       0x63 binaries/strncpy.o
                0x000000000010767c                strncpy
 .text          0x00000000001076df       0x3e binaries/strnlen.o
                0x00000000001076df                strnlen
 .text          0x000000000010771d       0x57 binaries/strrchr.o
                0x000000000010771d                strrchr
 .text          0x0000000000107774       0x87 binaries/strstr.o
                0x0000000000107774                strstr
 .text          0x00000000001077fb      0x1c6 binaries/text_on_vga.o
                0x00000000001077fb                check_bit
                0x0000000000107837                draw_char_on_buffer
                0x0000000000107908                print_text_on_vga
                0x0000000000107964                borrar
 .text          0x00000000001079c1      0x20c binaries/vga.o
                0x00000000001079c1                pixeld
                0x0000000000107ac9                linea
                0x0000000000107aed                pixel
                0x0000000000107b3d                paint_screen
 .text          0x0000000000107bcd       0xfd binaries/ttycontrol.o
                0x0000000000107bcd                ttycontrol
 .text          0x0000000000107cca       0xae binaries/ttygetc.o
                0x0000000000107cca                ttygetc
 .text          0x0000000000107d78      0x75d binaries/ttyhandle_in.o
                0x0000000000107d78                ttyhandle_in
 .text          0x00000000001084d5      0x1ca binaries/ttyhandle_out.o
                0x00000000001084d5                ttyhandle_out
 .text          0x000000000010869f       0xe0 binaries/ttyhandler.o
                0x000000000010869f                ttyhandler
 .text          0x000000000010877f      0x23e binaries/ttyinit.o
                0x000000000010877f                ttyinit
 .text          0x00000000001089bd       0x31 binaries/ttykickout.o
                0x00000000001089bd                ttykickout
 .text          0x00000000001089ee       0xcb binaries/ttyputc.o
                0x00000000001089ee                ttyputc
 .text          0x0000000000108ab9      0x132 binaries/ttyread.o
                0x0000000000108ab9                ttyread
 .text          0x0000000000108beb       0x62 binaries/ttywrite.o
                0x0000000000108beb                ttywrite
 .text          0x0000000000108c4d      0x17b binaries/mount.o
                0x0000000000108c4d                mount
                0x0000000000108d80                namlen
 .text          0x0000000000108dc8      0x227 binaries/naminit.o
                0x0000000000108dc8                naminit
 .text          0x0000000000108fef      0x258 binaries/nammap.o
                0x0000000000108fef                nammap
                0x0000000000109091                namrepl
                0x00000000001091e6                namcpy
 .text          0x0000000000109247       0x61 binaries/namopen.o
                0x0000000000109247                namopen
 .text          0x00000000001092a8     0x106b binaries/82545EMInit.o
                0x0000000000109325                _82545EMInit
                0x000000000010a15d                _82545EM_read_phy_reg
                0x000000000010a237                _82545EM_write_phy_reg
 .text          0x000000000010a313      0x28a binaries/ethcontrol.o
                0x000000000010a390                ethcontrol
                0x000000000010a512                ethIrqDisable
                0x000000000010a556                ethIrqEnable
 .text          0x000000000010a59d      0x2a2 binaries/ethhandler.o
                0x000000000010a747                ethhandler
 .text          0x000000000010a83f      0x13a binaries/ethinit.o
                0x000000000010a83f                ethinit
 .text          0x000000000010a979      0x222 binaries/ethread.o
                0x000000000010a9f6                ethread
 .text          0x000000000010ab9b      0x1cd binaries/ethwrite.o
                0x000000000010ac18                ethwrite
 .text          0x000000000010ad68       0xb3 binaries/rdsbufalloc.o
                0x000000000010ad68                rdsbufalloc
 .text          0x000000000010ae1b       0xca binaries/rdsclose.o
                0x000000000010ae1b                rdsclose
 .text          0x000000000010aee5      0x2f5 binaries/rdscomm.o
                0x000000000010aee5                rdscomm
 .text          0x000000000010b1da      0x234 binaries/rdscontrol.o
                0x000000000010b1da                rdscontrol
 .text          0x000000000010b40e      0x1fa binaries/rdsinit.o
                0x000000000010b40e                rdsinit
 .text          0x000000000010b608      0x19e binaries/rdsopen.o
                0x000000000010b608                rdsopen
 .text          0x000000000010b7a6      0x477 binaries/rdsprocess.o
                0x000000000010b7a6                rdsprocess
 .text          0x000000000010bc1d      0x25c binaries/rdsread.o
                0x000000000010bc1d                rdsread
 .text          0x000000000010be79      0x1fc binaries/rdswrite.o
                0x000000000010be79                rdswrite
 .text          0x000000000010c075       0x18 binaries/ramclose.o
                0x000000000010c075                ramclose
 .text          0x000000000010c08d       0x5c binaries/raminit.o
                0x000000000010c08d                raminit
 .text          0x000000000010c0e9       0x18 binaries/ramopen.o
                0x000000000010c0e9                ramopen
 .text          0x000000000010c101       0x4b binaries/ramread.o
                0x000000000010c101                ramread
 .text          0x000000000010c14c       0x4b binaries/ramwrite.o
                0x000000000010c14c                ramwrite
 .text          0x000000000010c197       0xc8 binaries/lfdballoc.o
                0x000000000010c197                lfdballoc
 .text          0x000000000010c25f       0x70 binaries/lfdbfree.o
                0x000000000010c25f                lfdbfree
 .text          0x000000000010c2cf       0xe8 binaries/lfflush.o
                0x000000000010c2cf                lfflush
 .text          0x000000000010c3b7       0xee binaries/lfgetmode.o
                0x000000000010c3b7                lfgetmode
 .text          0x000000000010c4a5       0x96 binaries/lfiballoc.o
                0x000000000010c4a5                lfiballoc
 .text          0x000000000010c53b       0x4a binaries/lfibclear.o
                0x000000000010c53b                lfibclear
 .text          0x000000000010c585       0xc8 binaries/lfibget.o
                0x000000000010c585                lfibget
 .text          0x000000000010c64d       0xf7 binaries/lfibput.o
                0x000000000010c64d                lfibput
 .text          0x000000000010c744       0xc3 binaries/lflclose.o
                0x000000000010c744                lflclose
 .text          0x000000000010c807       0xf2 binaries/lflcontrol.o
                0x000000000010c807                lflcontrol
 .text          0x000000000010c8f9      0x10a binaries/lflgetc.o
                0x000000000010c8f9                lflgetc
 .text          0x000000000010ca03      0x106 binaries/lflinit.o
                0x000000000010ca03                lflinit
 .text          0x000000000010cb09      0x140 binaries/lflputc.o
                0x000000000010cb09                lflputc
 .text          0x000000000010cc49       0x84 binaries/lflread.o
                0x000000000010cc49                lflread
 .text          0x000000000010cccd       0xc3 binaries/lflseek.o
                0x000000000010cccd                lflseek
 .text          0x000000000010cd90       0x6a binaries/lflwrite.o
                0x000000000010cd90                lflwrite
 .text          0x000000000010cdfa       0x70 binaries/lfscheck.o
                0x000000000010cdfa                lfscheck
 .text          0x000000000010ce6a      0x19a binaries/lfsckfmt.o
                0x000000000010ce6a                lfsckfmt
 .text          0x000000000010d004      0x1f6 binaries/lfscreate.o
                0x000000000010d004                lfscreate
 .text          0x000000000010d1fa      0x2a9 binaries/lfsetup.o
                0x000000000010d1fa                lfsetup
 .text          0x000000000010d4a3       0x84 binaries/lfsinit.o
                0x000000000010d4a3                lfsinit
 .text          0x000000000010d527      0x42d binaries/lfsopen.o
                0x000000000010d527                lfsopen
 .text          0x000000000010d954      0x191 binaries/lftruncate.o
                0x000000000010d954                lftruncate
 .text          0x000000000010dae5       0x93 binaries/rflclose.o
                0x000000000010dae5                rflclose
 .text          0x000000000010db78       0x47 binaries/rflgetc.o
                0x000000000010db78                rflgetc
 .text          0x000000000010dbbf       0x8b binaries/rflinit.o
                0x000000000010dbbf                rflinit
 .text          0x000000000010dc4a       0x47 binaries/rflputc.o
                0x000000000010dc4a                rflputc
 .text          0x000000000010dc91      0x399 binaries/rflread.o
                0x000000000010dc91                rflread
 .text          0x000000000010e02a       0x96 binaries/rflseek.o
                0x000000000010e02a                rflseek
 .text          0x000000000010e0c0      0x386 binaries/rflwrite.o
                0x000000000010e0c0                rflwrite
 .text          0x000000000010e446      0x218 binaries/rfscomm.o
                0x000000000010e446                rfscomm
 .text          0x000000000010e65e      0x2b6 binaries/rfscontrol.o
                0x000000000010e65e                rfscontrol
 .text          0x000000000010e914       0xee binaries/rfsgetmode.o
                0x000000000010e914                rfsgetmode
 .text          0x000000000010ea02       0xb7 binaries/rfsinit.o
                0x000000000010ea02                rfsinit
 .text          0x000000000010eab9      0x11f binaries/rfsndmsg.o
                0x000000000010eab9                rfsndmsg
 .text          0x000000000010ebd8      0x2e7 binaries/rfsopen.o
                0x000000000010ebd8                rfsopen
 .text          0x000000000010eebf       0x18 binaries/vgaclose.o
                0x000000000010eebf                vgaclose
 .text          0x000000000010eed7       0x92 binaries/vgainit.o
                0x000000000010eed7                vgainit
 .text          0x000000000010ef69       0x18 binaries/vgaopen.o
                0x000000000010ef69                vgaopen
 .text          0x000000000010ef81       0x18 binaries/vgaread.o
                0x000000000010ef81                vgaread
 .text          0x000000000010ef99       0x24 binaries/vgaseek.o
                0x000000000010ef99                vgaseek
 .text          0x000000000010efbd       0x31 binaries/vgawrite.o
                0x000000000010efbd                vgawrite
 .text          0x000000000010efee       0x18 binaries/miceclose.o
                0x000000000010efee                miceclose
 .text          0x000000000010f006      0x1bb binaries/micehandler.o
                0x000000000010f006                micehandler
 .text          0x000000000010f1c1      0x11a binaries/miceinit.o
                0x000000000010f1c1                miceinit
 .text          0x000000000010f2db       0x18 binaries/miceopen.o
                0x000000000010f2db                miceopen
 .text          0x000000000010f2f3       0x38 binaries/miceread.o
                0x000000000010f2f3                miceread
 .text          0x000000000010f32b      0x110 binaries/miceutils.o
                0x000000000010f32b                mouse_wait
                0x000000000010f3a6                mouse_write
                0x000000000010f406                mouse_read
 .text          0x000000000010f43b       0x18 binaries/micewrite.o
                0x000000000010f43b                micewrite
 .text          0x000000000010f453       0x18 binaries/kbdclose.o
                0x000000000010f453                kbdclose
 .text          0x000000000010f46b       0xc7 binaries/kbdhandler.o
                0x000000000010f46b                get_scancode
                0x000000000010f49b                kbdhandler
 .text          0x000000000010f532      0x18d binaries/kbdinit.o
                0x000000000010f532                keyboard_wait
                0x000000000010f5ad                kbdinit
 .text          0x000000000010f6bf       0x18 binaries/kbdopen.o
                0x000000000010f6bf                kbdopen
 .text          0x000000000010f6d7       0x38 binaries/kbdread.o
                0x000000000010f6d7                kbdread
 .text          0x000000000010f70f       0x18 binaries/kbdwrite.o
                0x000000000010f70f                kbdwrite
 .text          0x000000000010f727      0x906 binaries/arp.o
                0x000000000010f727                arp_init
                0x000000000010f773                arp_resolve
                0x000000000010fa67                arp_in
                0x000000000010fd4f                arp_alloc
                0x000000000010fe37                arp_ntoh
                0x000000000010ff32                arp_hton
 .text          0x000000000011002d      0x99f binaries/dhcp.o
                0x000000000011002d                dhcp_get_opt_val
                0x0000000000110097                dhcp_bld_bootp_msg
                0x00000000001101c2                dhcp_bld_disc
                0x00000000001102b5                dhcp_bld_req
                0x0000000000110438                getlocalip
 .text          0x00000000001109cc      0x5ec binaries/dns.o
                0x00000000001109cc                dnslookup
 .text          0x0000000000110fb8       0xf5 binaries/dot2ip.o
                0x0000000000110fb8                dot2ip
 .text          0x00000000001110ad      0x52f binaries/hexdump.o
                0x00000000001110ad                hexdump
                0x0000000000111280                hexadump
 .text          0x00000000001115dc      0x923 binaries/icmp.o
                0x00000000001115dc                icmp_init
                0x000000000011161a                icmp_in
                0x00000000001117f3                icmp_register
                0x00000000001118f4                icmp_recv
                0x0000000000111a8f                icmp_send
                0x0000000000111b1c                icmp_mkpkt
                0x0000000000111c59                icmp_release
                0x0000000000111d63                icmp_cksum
                0x0000000000111df9                icmp_hton
                0x0000000000111e7c                icmp_ntoh
 .text          0x0000000000111eff      0x97b binaries/ip.o
                0x0000000000111eff                ip_in
                0x00000000001120a8                ip_send
                0x000000000011222e                ip_local
                0x0000000000112291                ip_out
                0x00000000001123d2                ipcksum
                0x000000000011245e                ip_ntoh
                0x0000000000112559                ip_hton
                0x0000000000112654                ipout
                0x00000000001127af                ip_enqueue
 .text          0x000000000011287a      0x325 binaries/net.o
                0x000000000011287a                net_init
                0x00000000001129da                netin
                0x0000000000112aaf                eth_hton
                0x0000000000112ae8                eth_ntoh
                0x0000000000112b21                getport
 .text          0x0000000000112b9f     0x1444 binaries/pdump.o
                0x0000000000112b9f                pdump
                0x0000000000113932                pdumph
 .text          0x0000000000113fe3      0x627 binaries/tftp.o
                0x0000000000113fe3                tftp_send1
                0x000000000011415c                tftpget
                0x0000000000114198                tftpget_mb
 .text          0x000000000011460a      0xc29 binaries/udp.o
                0x000000000011460a                udp_init
                0x0000000000114648                udp_in
                0x000000000011479b                udp_register
                0x00000000001148e5                udp_recv
                0x0000000000114a91                udp_recvaddr
                0x0000000000114c55                udp_send
                0x0000000000114e59                udp_sendto
                0x0000000000115024                udp_release
                0x000000000011512d                udp_ntoh
                0x00000000001151b0                udp_hton
 .text          0x0000000000115233      0x14d binaries/addargs.o
                0x0000000000115233                addargs
 .text          0x0000000000115380      0x376 binaries/ahorcado.o
                0x0000000000115380                ahorcado
                0x00000000001153b7                solicitarPalabra
                0x00000000001154da                letraAcertada
                0x000000000011553a                insertarLetra
                0x0000000000115594                verificarPalabra
                0x00000000001155f8                jugar
 .text          0x00000000001156f6        0x0 binaries/cmdtab.o
 .text          0x00000000001156f6      0x116 binaries/ejer5.o
                0x00000000001156f6                ejer5
                0x00000000001157be                sndA
                0x00000000001157e5                sndB
 .text          0x000000000011580c       0xac binaries/ejer6.o
                0x000000000011580c                ejer6
                0x0000000000115888                sndch
 .text          0x00000000001158b8      0x2fb binaries/lexan.o
                0x00000000001158b8                lexan
 .text          0x0000000000115bb3       0x2f binaries/mi_programa.o
                0x0000000000115bb3                mi_programa
 .text          0x0000000000115be2      0x177 binaries/mouse.o
                0x0000000000115be2                mouse_p
 .text          0x0000000000115d59      0x70b binaries/shell.o
                0x0000000000115d59                shell
 .text          0x0000000000116464      0x308 binaries/tp2ej1.o
                0x0000000000116464                tp2ej1
                0x000000000011657f                high_level_sheduler
                0x00000000001166c4                procesoA
                0x00000000001166fc                procesoB
                0x0000000000116734                procesoC
 .text          0x000000000011676c      0x180 binaries/tp2ej2.o
                0x000000000011676c                tp2ej2
                0x000000000011680e                produce
                0x0000000000116878                consume
 .text          0x00000000001168ec      0x1cd binaries/tp2ej3.o
                0x00000000001168ec                tp2ej3
                0x000000000011697e                operar
                0x0000000000116a69                incrementar
 .text          0x0000000000116ab9       0x83 binaries/xsh_argecho.o
                0x0000000000116ab9                xsh_argecho
 .text          0x0000000000116b3c      0x2ce binaries/xsh_arp.o
                0x0000000000116b3c                xsh_arp
 .text          0x0000000000116e0a      0x287 binaries/xsh_cat.o
                0x0000000000116e0a                xsh_cat
 .text          0x0000000000117091       0x77 binaries/xsh_clear.o
                0x0000000000117091                xsh_clear
 .text          0x0000000000117108      0x332 binaries/xsh_date.o
                0x0000000000117108                xsh_date
 .text          0x000000000011743a       0xc2 binaries/xsh_devdump.o
                0x000000000011743a                xsh_devdump
 .text          0x00000000001174fc       0x8c binaries/xsh_echo.o
                0x00000000001174fc                xsh_echo
 .text          0x0000000000117588       0x18 binaries/xsh_exit.o
                0x0000000000117588                xsh_exit
 .text          0x00000000001175a0      0x3e1 binaries/xsh_help.o
                0x00000000001175a0                xsh_help
 .text          0x0000000000117981      0x267 binaries/xsh_kill.o
                0x0000000000117981                xsh_kill
 .text          0x0000000000117be8      0x594 binaries/xsh_memdump.o
                0x0000000000117be8                xsh_memdump
 .text          0x000000000011817c      0x308 binaries/xsh_memstat.o
                0x000000000011817c                xsh_memstat
 .text          0x0000000000118484      0x587 binaries/xsh_netinfo.o
                0x0000000000118484                xsh_netinfo
 .text          0x0000000000118a0b      0x4a8 binaries/xsh_ping.o
                0x0000000000118a0b                xsh_ping
 .text          0x0000000000118eb3      0x29d binaries/xsh_ps.o
                0x0000000000118eb3                xsh_ps
 .text          0x0000000000119150      0x245 binaries/xsh_sleep.o
                0x0000000000119150                xsh_sleep
 .text          0x0000000000119395      0x2c2 binaries/xsh_udpdump.o
                0x0000000000119395                xsh_udpdump
 .text          0x0000000000119657      0x53e binaries/xsh_udpecho.o
                0x0000000000119657                xsh_udpecho
 .text          0x0000000000119b95      0x2c4 binaries/xsh_udpserver.o
                0x0000000000119b95                xsh_udpeserver
 .text          0x0000000000119e59      0x223 binaries/xsh_uptime.o
                0x0000000000119e59                xsh_uptime
 .text          0x000000000011a07c        0xe binaries/clkdisp.o
                0x000000000011a07c                clkdisp
 .text          0x000000000011a08a       0x19 binaries/ctxsw.o
                0x000000000011a08a                ctxsw
 .text          0x000000000011a0a3      0x368 binaries/intr.o
                0x000000000011a0a3                disable
                0x000000000011a0ac                restore
                0x000000000011a0ba                enable
                0x000000000011a0bc                pause
                0x000000000011a0c3                halt
                0x000000000011a0c6                spurious_irq7
                0x000000000011a0cb                spurious_irq15
                0x000000000011a0da                _Xint0
                0x000000000011a0e5                _Xint1
                0x000000000011a0f0                _Xint2
                0x000000000011a0fb                _Xint3
                0x000000000011a106                _Xint4
                0x000000000011a111                _Xint5
                0x000000000011a11c                _Xint6
                0x000000000011a127                _Xint7
                0x000000000011a132                _Xint8
                0x000000000011a13d                _Xint9
                0x000000000011a148                _Xint10
                0x000000000011a153                _Xint11
                0x000000000011a161                _Xint12
                0x000000000011a16f                _Xint13
                0x000000000011a17d                _Xint14
                0x000000000011a18b                _Xint15
                0x000000000011a199                _Xint16
                0x000000000011a1a7                _Xint17
                0x000000000011a1b5                _Xint18
                0x000000000011a1c3                _Xint19
                0x000000000011a1d1                _Xint20
                0x000000000011a1df                _Xint21
                0x000000000011a1ed                _Xint22
                0x000000000011a1fb                _Xint23
                0x000000000011a209                _Xint24
                0x000000000011a217                _Xint25
                0x000000000011a225                _Xint26
                0x000000000011a233                _Xint27
                0x000000000011a241                _Xint28
                0x000000000011a24f                _Xint29
                0x000000000011a25d                _Xint30
                0x000000000011a26b                _Xint31
                0x000000000011a279                _Xint32
                0x000000000011a287                _Xint33
                0x000000000011a295                _Xint34
                0x000000000011a2a3                _Xint35
                0x000000000011a2b1                _Xint36
                0x000000000011a2bf                _Xint37
                0x000000000011a2cd                _Xint38
                0x000000000011a2db                _Xint39
                0x000000000011a2e9                _Xint40
                0x000000000011a2f7                _Xint41
                0x000000000011a305                _Xint42
                0x000000000011a313                _Xint43
                0x000000000011a321                _Xint44
                0x000000000011a32f                _Xint45
                0x000000000011a33d                _Xint46
                0x000000000011a34b                defevec
 .text          0x000000000011a40b        0xf binaries/ttydispatch.o
                0x000000000011a40b                ttydispatch
 .text          0x000000000011a41a       0x13 binaries/ethdispatch.o
                0x000000000011a41a                ethdispatch
 .text          0x000000000011a42d        0xf binaries/micedispatch.o
                0x000000000011a42d                micehandlerirq
 .text          0x000000000011a43c        0xf binaries/kbddispatch.o
                0x000000000011a43c                kbdhandlerirq
 *(.rodata .rodata.*)
 *fill*         0x000000000011a44b        0x1 
 .rodata        0x000000000011a44c       0x8e binaries/ascdate.o
 .rodata        0x000000000011a4da       0xc1 binaries/conf.o
 *fill*         0x000000000011a59b        0x1 
 .rodata        0x000000000011a59c      0x22f binaries/evec.o
 *fill*         0x000000000011a7cb        0x1 
 .rodata        0x000000000011a7cc       0x61 binaries/getutime.o
 *fill*         0x000000000011a82d        0x3 
 .rodata        0x000000000011a830       0x90 binaries/i386.o
 .rodata        0x000000000011a8c0      0x16b binaries/initialize.o
 *fill*         0x000000000011aa2b        0x1 
 .rodata        0x000000000011aa2c       0x20 binaries/kill.o
 .rodata        0x000000000011aa4c       0x72 binaries/main.o
 .rodata        0x000000000011aabe        0xf binaries/panic.o
 *fill*         0x000000000011aacd        0x3 
 .rodata        0x000000000011aad0      0x1ec binaries/pci.o
 .rodata        0x000000000011acbc       0x1d binaries/ptinit.o
 *fill*         0x000000000011acd9        0x3 
 .rodata        0x000000000011acdc       0x25 binaries/ptsend.o
 *fill*         0x000000000011ad01        0x3 
 .rodata        0x000000000011ad04       0xb7 binaries/stacktrace.o
 *fill*         0x000000000011adbb        0x1 
 .rodata        0x000000000011adbc       0x27 binaries/xdone.o
 *fill*         0x000000000011ade3       0x1d 
 .rodata        0x000000000011ae00       0x81 binaries/ctype_.o
                0x000000000011ae00                _ctype_
 *fill*         0x000000000011ae81        0x3 
 .rodata        0x000000000011ae84       0xee binaries/doprnt.o
 *fill*         0x000000000011af72        0x2 
 .rodata        0x000000000011af74       0xae binaries/fdoprnt.o
 *fill*         0x000000000011b022       0x1e 
 .rodata        0x000000000011b040      0x500 binaries/text_on_vga.o
 .rodata        0x000000000011b540       0x20 binaries/ttycontrol.o
 .rodata        0x000000000011b560       0x34 binaries/ttyhandler.o
 .rodata        0x000000000011b594       0x80 binaries/naminit.o
 .rodata        0x000000000011b614       0x50 binaries/82545EMInit.o
 .rodata        0x000000000011b664       0x78 binaries/ethinit.o
 .rodata        0x000000000011b6dc       0x18 binaries/ethread.o
 .rodata        0x000000000011b6f4       0x2c binaries/rdsbufalloc.o
 .rodata        0x000000000011b720       0x76 binaries/rdscomm.o
 *fill*         0x000000000011b796        0x2 
 .rodata        0x000000000011b798       0x48 binaries/rdscontrol.o
 .rodata        0x000000000011b7e0       0x96 binaries/rdsinit.o
 *fill*         0x000000000011b876        0x2 
 .rodata        0x000000000011b878       0x22 binaries/rdsopen.o
 *fill*         0x000000000011b89a        0x2 
 .rodata        0x000000000011b89c       0x4d binaries/rdsprocess.o
 .rodata        0x000000000011b8e9        0x9 binaries/raminit.o
 *fill*         0x000000000011b8f2        0x2 
 .rodata        0x000000000011b8f4       0x37 binaries/lfdballoc.o
 .rodata        0x000000000011b92b       0x14 binaries/lfiballoc.o
 *fill*         0x000000000011b93f        0x1 
 .rodata        0x000000000011b940       0x23 binaries/lflcontrol.o
 *fill*         0x000000000011b963        0x1 
 .rodata        0x000000000011b964      0x11b binaries/lfsckfmt.o
 *fill*         0x000000000011ba7f        0x1 
 .rodata        0x000000000011ba80       0x2a binaries/lfsopen.o
 *fill*         0x000000000011baaa        0x2 
 .rodata        0x000000000011baac       0x21 binaries/rflread.o
 *fill*         0x000000000011bacd        0x3 
 .rodata        0x000000000011bad0       0x21 binaries/rflwrite.o
 *fill*         0x000000000011baf1        0x3 
 .rodata        0x000000000011baf4       0x75 binaries/rfscomm.o
 *fill*         0x000000000011bb69        0x3 
 .rodata        0x000000000011bb6c       0x3c binaries/rfscontrol.o
 .rodata        0x000000000011bba8       0x63 binaries/rfsinit.o
 *fill*         0x000000000011bc0b        0x1 
 .rodata        0x000000000011bc0c       0x2a binaries/rfsndmsg.o
 *fill*         0x000000000011bc36        0x2 
 .rodata        0x000000000011bc38       0x22 binaries/rfsopen.o
 .rodata        0x000000000011bc5a        0x8 binaries/micehandler.o
 .rodata        0x000000000011bc62        0xf binaries/kbdhandler.o
 *fill*         0x000000000011bc71        0x3 
 .rodata        0x000000000011bc74       0x3a binaries/arp.o
 *fill*         0x000000000011bcae        0x2 
 .rodata        0x000000000011bcb0       0xcf binaries/dhcp.o
 .rodata        0x000000000011bd7f       0x1a binaries/dns.o
 *fill*         0x000000000011bd99        0x3 
 .rodata        0x000000000011bd9c       0xc9 binaries/hexdump.o
 *fill*         0x000000000011be65        0x3 
 .rodata        0x000000000011be68       0x29 binaries/icmp.o
 *fill*         0x000000000011be91        0x3 
 .rodata        0x000000000011be94       0x6e binaries/ip.o
 *fill*         0x000000000011bf02        0x2 
 .rodata        0x000000000011bf04       0x4f binaries/net.o
 *fill*         0x000000000011bf53        0x1 
 .rodata        0x000000000011bf54      0x26f binaries/pdump.o
 *fill*         0x000000000011c1c3        0x1 
 .rodata        0x000000000011c1c4      0x154 binaries/tftp.o
 .rodata        0x000000000011c318       0xbd binaries/ahorcado.o
                0x000000000011c318                MAX_LENGHT
 .rodata        0x000000000011c3d5       0xb0 binaries/cmdtab.o
 .rodata        0x000000000011c485       0x1d binaries/ejer5.o
 .rodata        0x000000000011c4a2        0xe binaries/ejer6.o
 .rodata        0x000000000011c4b0        0xe binaries/mi_programa.o
 *fill*         0x000000000011c4be        0x2 
 .rodata        0x000000000011c4c0       0x86 binaries/mouse.o
 *fill*         0x000000000011c546        0x2 
 .rodata        0x000000000011c548      0x271 binaries/shell.o
 *fill*         0x000000000011c7b9        0x3 
 .rodata        0x000000000011c7bc       0xaf binaries/tp2ej1.o
 .rodata        0x000000000011c86b       0x21 binaries/tp2ej2.o
 .rodata        0x000000000011c88c       0x62 binaries/tp2ej3.o
 .rodata        0x000000000011c8ee       0x28 binaries/xsh_argecho.o
 *fill*         0x000000000011c916        0x2 
 .rodata        0x000000000011c918      0x123 binaries/xsh_arp.o
 *fill*         0x000000000011ca3b        0x1 
 .rodata        0x000000000011ca3c       0xc9 binaries/xsh_cat.o
 .rodata        0x000000000011cb05       0x19 binaries/xsh_clear.o
 *fill*         0x000000000011cb1e        0x2 
 .rodata        0x000000000011cb20      0x1c3 binaries/xsh_date.o
 .rodata        0x000000000011cce3       0x5d binaries/xsh_devdump.o
 .rodata        0x000000000011cd40        0x9 binaries/xsh_echo.o
 *fill*         0x000000000011cd49        0x3 
 .rodata        0x000000000011cd4c      0x169 binaries/xsh_help.o
 *fill*         0x000000000011ceb5        0x3 
 .rodata        0x000000000011ceb8      0x12e binaries/xsh_kill.o
 *fill*         0x000000000011cfe6        0x2 
 .rodata        0x000000000011cfe8      0x266 binaries/xsh_memdump.o
 *fill*         0x000000000011d24e        0x2 
 .rodata        0x000000000011d250      0x225 binaries/xsh_memstat.o
 *fill*         0x000000000011d475        0x3 
 .rodata        0x000000000011d478      0x1b0 binaries/xsh_netinfo.o
 .rodata        0x000000000011d628      0x1a1 binaries/xsh_ping.o
 *fill*         0x000000000011d7c9        0x3 
 .rodata        0x000000000011d7cc      0x1a8 binaries/xsh_ps.o
 .rodata        0x000000000011d974       0xeb binaries/xsh_sleep.o
 *fill*         0x000000000011da5f        0x1 
 .rodata        0x000000000011da60      0x1b8 binaries/xsh_udpdump.o
 .rodata        0x000000000011dc18      0x23b binaries/xsh_udpecho.o
 *fill*         0x000000000011de53        0x1 
 .rodata        0x000000000011de54      0x12b binaries/xsh_udpserver.o
 *fill*         0x000000000011df7f        0x1 
 .rodata        0x000000000011df80      0x105 binaries/xsh_uptime.o
                0x000000000011e085                etext = ABSOLUTE (.)
                0x000000000011f000                . = ALIGN (0x1000)
 *fill*         0x000000000011e085      0xf7b 

.eh_frame       0x000000000011f000     0x37e0
 .eh_frame      0x000000000011f000       0x50 binaries/ascdate.o
 .eh_frame      0x000000000011f050       0x34 binaries/bufinit.o
                                         0x4c (size before relaxing)
 .eh_frame      0x000000000011f084       0x38 binaries/chprio.o
                                         0x50 (size before relaxing)
 .eh_frame      0x000000000011f0bc       0x24 binaries/clkhandler.o
                                         0x50 (size before relaxing)
 .eh_frame      0x000000000011f0e0       0x24 binaries/clkinit.o
                                         0x50 (size before relaxing)
 .eh_frame      0x000000000011f104       0x24 binaries/close.o
                                         0x50 (size before relaxing)
 .eh_frame      0x000000000011f128       0x24 binaries/control.o
                                         0x50 (size before relaxing)
 .eh_frame      0x000000000011f14c       0x48 binaries/create.o
                                         0x88 (size before relaxing)
 .eh_frame      0x000000000011f194       0x6c binaries/evec.o
                                         0xac (size before relaxing)
 .eh_frame      0x000000000011f200       0x24 binaries/exit.o
                                         0x50 (size before relaxing)
 .eh_frame      0x000000000011f224       0x24 binaries/freebuf.o
                                         0x50 (size before relaxing)
 .eh_frame      0x000000000011f248       0x24 binaries/freemem.o
                                         0x50 (size before relaxing)
 .eh_frame      0x000000000011f26c       0x24 binaries/getbuf.o
                                         0x50 (size before relaxing)
 .eh_frame      0x000000000011f290       0x24 binaries/getc.o
                                         0x50 (size before relaxing)
 .eh_frame      0x000000000011f2b4       0x24 binaries/getdev.o
                                         0x50 (size before relaxing)
 .eh_frame      0x000000000011f2d8       0x64 binaries/getitem.o
                                         0x90 (size before relaxing)
 .eh_frame      0x000000000011f33c       0x24 binaries/getmem.o
                                         0x50 (size before relaxing)
 .eh_frame      0x000000000011f360       0x20 binaries/getpid.o
                                         0x4c (size before relaxing)
 .eh_frame      0x000000000011f380       0x24 binaries/getprio.o
                                         0x50 (size before relaxing)
 .eh_frame      0x000000000011f3a4       0x24 binaries/getstk.o
                                         0x50 (size before relaxing)
 .eh_frame      0x000000000011f3c8       0x20 binaries/getticks.o
                                         0x4c (size before relaxing)
 .eh_frame      0x000000000011f3e8       0x24 binaries/gettime.o
                                         0x50 (size before relaxing)
 .eh_frame      0x000000000011f40c       0x24 binaries/getutime.o
                                         0x50 (size before relaxing)
 .eh_frame      0x000000000011f430       0x9c binaries/i386.o
                                         0xc8 (size before relaxing)
 .eh_frame      0x000000000011f4cc       0x24 binaries/init.o
                                         0x50 (size before relaxing)
 .eh_frame      0x000000000011f4f0       0xa4 binaries/initialize.o
                                         0xe4 (size before relaxing)
 .eh_frame      0x000000000011f594       0x24 binaries/insert.o
                                         0x50 (size before relaxing)
 .eh_frame      0x000000000011f5b8       0x28 binaries/insertd.o
                                         0x54 (size before relaxing)
 .eh_frame      0x000000000011f5e0       0x20 binaries/ioerr.o
                                         0x4c (size before relaxing)
 .eh_frame      0x000000000011f600       0x20 binaries/ionull.o
                                         0x4c (size before relaxing)
 .eh_frame      0x000000000011f620       0x2c binaries/kill.o
                                         0x58 (size before relaxing)
 .eh_frame      0x000000000011f64c       0x6c binaries/kprintf.o
                                         0xac (size before relaxing)
 .eh_frame      0x000000000011f6b8       0x28 binaries/main.o
                                         0x54 (size before relaxing)
 .eh_frame      0x000000000011f6e0       0x48 binaries/mark.o
                                         0x74 (size before relaxing)
 .eh_frame      0x000000000011f728       0x20 binaries/meminit.o
                                         0x4c (size before relaxing)
 .eh_frame      0x000000000011f748       0x24 binaries/mkbufpool.o
                                         0x50 (size before relaxing)
 .eh_frame      0x000000000011f76c       0x24 binaries/mutex_init.o
                                         0x50 (size before relaxing)
 .eh_frame      0x000000000011f790       0x24 binaries/mutex_lock.o
                                         0x50 (size before relaxing)
 .eh_frame      0x000000000011f7b4       0x24 binaries/mutex_unlock.o
                                         0x50 (size before relaxing)
 .eh_frame      0x000000000011f7d8       0x24 binaries/newqueue.o
                                         0x50 (size before relaxing)
 .eh_frame      0x000000000011f7fc       0x24 binaries/open.o
                                         0x50 (size before relaxing)
 .eh_frame      0x000000000011f820       0x1c binaries/panic.o
                                         0x48 (size before relaxing)
 .eh_frame      0x000000000011f83c      0x1ec binaries/pci.o
                                        0x22c (size before relaxing)
 .eh_frame      0x000000000011fa28       0x24 binaries/ptclear.o
                                         0x50 (size before relaxing)
 .eh_frame      0x000000000011fa4c       0x24 binaries/ptcount.o
                                         0x50 (size before relaxing)
 .eh_frame      0x000000000011fa70       0x24 binaries/ptcreate.o
                                         0x50 (size before relaxing)
 .eh_frame      0x000000000011fa94       0x24 binaries/ptdelete.o
                                         0x50 (size before relaxing)
 .eh_frame      0x000000000011fab8       0x24 binaries/ptinit.o
                                         0x50 (size before relaxing)
 .eh_frame      0x000000000011fadc       0x24 binaries/ptrecv.o
                                         0x50 (size before relaxing)
 .eh_frame      0x000000000011fb00       0x24 binaries/ptreset.o
                                         0x50 (size before relaxing)
 .eh_frame      0x000000000011fb24       0x24 binaries/ptsend.o
                                         0x50 (size before relaxing)
 .eh_frame      0x000000000011fb48       0x24 binaries/putc.o
                                         0x50 (size before relaxing)
 .eh_frame      0x000000000011fb6c       0x48 binaries/queue.o
                                         0x88 (size before relaxing)
 .eh_frame      0x000000000011fbb4       0x24 binaries/read.o
                                         0x50 (size before relaxing)
 .eh_frame      0x000000000011fbd8       0x28 binaries/ready.o
                                         0x54 (size before relaxing)
 .eh_frame      0x000000000011fc00       0x24 binaries/receive.o
                                         0x50 (size before relaxing)
 .eh_frame      0x000000000011fc24       0x24 binaries/recvclr.o
                                         0x50 (size before relaxing)
 .eh_frame      0x000000000011fc48       0x24 binaries/recvtime.o
                                         0x50 (size before relaxing)
 .eh_frame      0x000000000011fc6c       0x48 binaries/resched.o
                                         0x88 (size before relaxing)
 .eh_frame      0x000000000011fcb4       0x24 binaries/resume.o
                                         0x50 (size before relaxing)
 .eh_frame      0x000000000011fcd8       0x24 binaries/seek.o
                                         0x50 (size before relaxing)
 .eh_frame      0x000000000011fcfc       0x24 binaries/semcount.o
                                         0x50 (size before relaxing)
 .eh_frame      0x000000000011fd20       0x5c binaries/semcreate.o
                                         0x88 (size before relaxing)
 .eh_frame      0x000000000011fd7c       0x24 binaries/semdelete.o
                                         0x50 (size before relaxing)
 .eh_frame      0x000000000011fda0       0x24 binaries/semreset.o
                                         0x50 (size before relaxing)
 .eh_frame      0x000000000011fdc4       0x24 binaries/send.o
                                         0x50 (size before relaxing)
 .eh_frame      0x000000000011fde8       0x24 binaries/signal.o
                                         0x50 (size before relaxing)
 .eh_frame      0x000000000011fe0c       0x24 binaries/signaln.o
                                         0x50 (size before relaxing)
 .eh_frame      0x000000000011fe30       0x44 binaries/sleep.o
                                         0x84 (size before relaxing)
 .eh_frame      0x000000000011fe74       0x24 binaries/stacktrace.o
                                         0x50 (size before relaxing)
 .eh_frame      0x000000000011fe98       0x24 binaries/suspend.o
                                         0x50 (size before relaxing)
 .eh_frame      0x000000000011febc       0x24 binaries/unsleep.o
                                         0x50 (size before relaxing)
 .eh_frame      0x000000000011fee0       0x24 binaries/userret.o
                                         0x50 (size before relaxing)
 .eh_frame      0x000000000011ff04       0x24 binaries/wait.o
                                         0x50 (size before relaxing)
 .eh_frame      0x000000000011ff28       0x24 binaries/wakeup.o
                                         0x50 (size before relaxing)
 .eh_frame      0x000000000011ff4c       0x24 binaries/write.o
                                         0x50 (size before relaxing)
 .eh_frame      0x000000000011ff70       0x24 binaries/xdone.o
                                         0x50 (size before relaxing)
 .eh_frame      0x000000000011ff94       0x24 binaries/yield.o
                                         0x50 (size before relaxing)
 .eh_frame      0x000000000011ffb8       0x20 binaries/abs.o
                                         0x4c (size before relaxing)
 .eh_frame      0x000000000011ffd8       0x20 binaries/atoi.o
                                         0x4c (size before relaxing)
 .eh_frame      0x000000000011fff8       0x20 binaries/atol.o
                                         0x4c (size before relaxing)
 .eh_frame      0x0000000000120018       0x20 binaries/bzero.o
                                         0x4c (size before relaxing)
 .eh_frame      0x0000000000120038       0xec binaries/doprnt.o
                                        0x140 (size before relaxing)
 .eh_frame      0x0000000000120124       0xc8 binaries/doscan.o
                                         0xf4 (size before relaxing)
 .eh_frame      0x00000000001201ec       0xcc binaries/fdoprnt.o
                                        0x10c (size before relaxing)
 .eh_frame      0x00000000001202b8       0x24 binaries/fgetc.o
                                         0x50 (size before relaxing)
 .eh_frame      0x00000000001202dc       0x24 binaries/fgets.o
                                         0x50 (size before relaxing)
 .eh_frame      0x0000000000120300       0x24 binaries/fprintf.o
                                         0x50 (size before relaxing)
 .eh_frame      0x0000000000120324       0x24 binaries/fputc.o
                                         0x50 (size before relaxing)
 .eh_frame      0x0000000000120348       0x24 binaries/fputs.o
                                         0x50 (size before relaxing)
 .eh_frame      0x000000000012036c       0x68 binaries/fscanf.o
                                         0x94 (size before relaxing)
 .eh_frame      0x00000000001203d4       0x24 binaries/getchar.o
                                         0x50 (size before relaxing)
 .eh_frame      0x00000000001203f8       0x20 binaries/labs.o
                                         0x4c (size before relaxing)
 .eh_frame      0x0000000000120418       0x20 binaries/memcmp.o
                                         0x4c (size before relaxing)
 .eh_frame      0x0000000000120438       0x24 binaries/memcpy.o
                                         0x50 (size before relaxing)
 .eh_frame      0x000000000012045c       0x24 binaries/memset.o
                                         0x50 (size before relaxing)
 .eh_frame      0x0000000000120480       0x24 binaries/printf.o
                                         0x50 (size before relaxing)
 .eh_frame      0x00000000001204a4       0x24 binaries/putchar.o
                                         0x50 (size before relaxing)
 .eh_frame      0x00000000001204c8       0xa4 binaries/qsort.o
                                         0xd0 (size before relaxing)
 .eh_frame      0x000000000012056c       0x60 binaries/rand.o
                                         0x8c (size before relaxing)
 .eh_frame      0x00000000001205cc       0x44 binaries/sprintf.o
                                         0x70 (size before relaxing)
 .eh_frame      0x0000000000120610       0x64 binaries/sscanf.o
                                         0x90 (size before relaxing)
 .eh_frame      0x0000000000120674       0x20 binaries/strchr.o
                                         0x4c (size before relaxing)
 .eh_frame      0x0000000000120694       0x20 binaries/strcmp.o
                                         0x4c (size before relaxing)
 .eh_frame      0x00000000001206b4       0x20 binaries/strcpy.o
                                         0x4c (size before relaxing)
 .eh_frame      0x00000000001206d4       0x20 binaries/strlen.o
                                         0x4c (size before relaxing)
 .eh_frame      0x00000000001206f4       0x20 binaries/strncat.o
                                         0x4c (size before relaxing)
 .eh_frame      0x0000000000120714       0x20 binaries/strncmp.o
                                         0x4c (size before relaxing)
 .eh_frame      0x0000000000120734       0x28 binaries/strncpy.o
                                         0x54 (size before relaxing)
 .eh_frame      0x000000000012075c       0x20 binaries/strnlen.o
                                         0x4c (size before relaxing)
 .eh_frame      0x000000000012077c       0x20 binaries/strrchr.o
                                         0x4c (size before relaxing)
 .eh_frame      0x000000000012079c       0x20 binaries/strstr.o
                                         0x4c (size before relaxing)
 .eh_frame      0x00000000001207bc       0x88 binaries/text_on_vga.o
                                         0xc8 (size before relaxing)
 .eh_frame      0x0000000000120844       0x84 binaries/vga.o
                                         0xd8 (size before relaxing)
 .eh_frame      0x00000000001208c8       0x24 binaries/ttycontrol.o
                                         0x50 (size before relaxing)
 .eh_frame      0x00000000001208ec       0x24 binaries/ttygetc.o
                                         0x50 (size before relaxing)
 .eh_frame      0x0000000000120910       0x88 binaries/ttyhandle_in.o
                                         0xdc (size before relaxing)
 .eh_frame      0x0000000000120998       0x24 binaries/ttyhandle_out.o
                                         0x50 (size before relaxing)
 .eh_frame      0x00000000001209bc       0x24 binaries/ttyhandler.o
                                         0x50 (size before relaxing)
 .eh_frame      0x00000000001209e0       0x24 binaries/ttyinit.o
                                         0x50 (size before relaxing)
 .eh_frame      0x0000000000120a04       0x24 binaries/ttykickout.o
                                         0x50 (size before relaxing)
 .eh_frame      0x0000000000120a28       0x24 binaries/ttyputc.o
                                         0x50 (size before relaxing)
 .eh_frame      0x0000000000120a4c       0x24 binaries/ttyread.o
                                         0x50 (size before relaxing)
 .eh_frame      0x0000000000120a70       0x24 binaries/ttywrite.o
                                         0x50 (size before relaxing)
 .eh_frame      0x0000000000120a94       0x44 binaries/mount.o
                                         0x84 (size before relaxing)
 .eh_frame      0x0000000000120ad8       0x24 binaries/naminit.o
                                         0x50 (size before relaxing)
 .eh_frame      0x0000000000120afc       0x68 binaries/nammap.o
                                         0xa8 (size before relaxing)
 .eh_frame      0x0000000000120b64       0x24 binaries/namopen.o
                                         0x50 (size before relaxing)
 .eh_frame      0x0000000000120b88      0x15c binaries/82545EMInit.o
                                        0x19c (size before relaxing)
 .eh_frame      0x0000000000120ce4       0xac binaries/ethcontrol.o
                                         0xec (size before relaxing)
 .eh_frame      0x0000000000120d90       0x90 binaries/ethhandler.o
                                         0xd0 (size before relaxing)
 .eh_frame      0x0000000000120e20       0x24 binaries/ethinit.o
                                         0x50 (size before relaxing)
 .eh_frame      0x0000000000120e44       0x6c binaries/ethread.o
                                         0x98 (size before relaxing)
 .eh_frame      0x0000000000120eb0       0x6c binaries/ethwrite.o
                                         0x98 (size before relaxing)
 .eh_frame      0x0000000000120f1c       0x24 binaries/rdsbufalloc.o
                                         0x50 (size before relaxing)
 .eh_frame      0x0000000000120f40       0x20 binaries/rdsclose.o
                                         0x4c (size before relaxing)
 .eh_frame      0x0000000000120f60       0x24 binaries/rdscomm.o
                                         0x50 (size before relaxing)
 .eh_frame      0x0000000000120f84       0x24 binaries/rdscontrol.o
                                         0x50 (size before relaxing)
 .eh_frame      0x0000000000120fa8       0x24 binaries/rdsinit.o
                                         0x50 (size before relaxing)
 .eh_frame      0x0000000000120fcc       0x24 binaries/rdsopen.o
                                         0x50 (size before relaxing)
 .eh_frame      0x0000000000120ff0       0x1c binaries/rdsprocess.o
                                         0x48 (size before relaxing)
 .eh_frame      0x000000000012100c       0x24 binaries/rdsread.o
                                         0x50 (size before relaxing)
 .eh_frame      0x0000000000121030       0x24 binaries/rdswrite.o
                                         0x50 (size before relaxing)
 .eh_frame      0x0000000000121054       0x20 binaries/ramclose.o
                                         0x4c (size before relaxing)
 .eh_frame      0x0000000000121074       0x24 binaries/raminit.o
                                         0x50 (size before relaxing)
 .eh_frame      0x0000000000121098       0x20 binaries/ramopen.o
                                         0x4c (size before relaxing)
 .eh_frame      0x00000000001210b8       0x24 binaries/ramread.o
                                         0x50 (size before relaxing)
 .eh_frame      0x00000000001210dc       0x24 binaries/ramwrite.o
                                         0x50 (size before relaxing)
 .eh_frame      0x0000000000121100       0x24 binaries/lfdballoc.o
                                         0x50 (size before relaxing)
 .eh_frame      0x0000000000121124       0x24 binaries/lfdbfree.o
                                         0x50 (size before relaxing)
 .eh_frame      0x0000000000121148       0x24 binaries/lfflush.o
                                         0x50 (size before relaxing)
 .eh_frame      0x000000000012116c       0x20 binaries/lfgetmode.o
                                         0x4c (size before relaxing)
 .eh_frame      0x000000000012118c       0x24 binaries/lfiballoc.o
                                         0x50 (size before relaxing)
 .eh_frame      0x00000000001211b0       0x20 binaries/lfibclear.o
                                         0x4c (size before relaxing)
 .eh_frame      0x00000000001211d0       0x24 binaries/lfibget.o
                                         0x50 (size before relaxing)
 .eh_frame      0x00000000001211f4       0x24 binaries/lfibput.o
                                         0x50 (size before relaxing)
 .eh_frame      0x0000000000121218       0x24 binaries/lflclose.o
                                         0x50 (size before relaxing)
 .eh_frame      0x000000000012123c       0x24 binaries/lflcontrol.o
                                         0x50 (size before relaxing)
 .eh_frame      0x0000000000121260       0x24 binaries/lflgetc.o
                                         0x50 (size before relaxing)
 .eh_frame      0x0000000000121284       0x24 binaries/lflinit.o
                                         0x50 (size before relaxing)
 .eh_frame      0x00000000001212a8       0x24 binaries/lflputc.o
                                         0x50 (size before relaxing)
 .eh_frame      0x00000000001212cc       0x24 binaries/lflread.o
                                         0x50 (size before relaxing)
 .eh_frame      0x00000000001212f0       0x24 binaries/lflseek.o
                                         0x50 (size before relaxing)
 .eh_frame      0x0000000000121314       0x24 binaries/lflwrite.o
                                         0x50 (size before relaxing)
 .eh_frame      0x0000000000121338       0x20 binaries/lfscheck.o
                                         0x4c (size before relaxing)
 .eh_frame      0x0000000000121358       0x24 binaries/lfsckfmt.o
                                         0x50 (size before relaxing)
 .eh_frame      0x000000000012137c       0x24 binaries/lfscreate.o
                                         0x50 (size before relaxing)
 .eh_frame      0x00000000001213a0       0x24 binaries/lfsetup.o
                                         0x50 (size before relaxing)
 .eh_frame      0x00000000001213c4       0x24 binaries/lfsinit.o
                                         0x50 (size before relaxing)
 .eh_frame      0x00000000001213e8       0x24 binaries/lfsopen.o
                                         0x50 (size before relaxing)
 .eh_frame      0x000000000012140c       0x24 binaries/lftruncate.o
                                         0x50 (size before relaxing)
 .eh_frame      0x0000000000121430       0x24 binaries/rflclose.o
                                         0x50 (size before relaxing)
 .eh_frame      0x0000000000121454       0x24 binaries/rflgetc.o
                                         0x50 (size before relaxing)
 .eh_frame      0x0000000000121478       0x20 binaries/rflinit.o
                                         0x4c (size before relaxing)
 .eh_frame      0x0000000000121498       0x24 binaries/rflputc.o
                                         0x50 (size before relaxing)
 .eh_frame      0x00000000001214bc       0x24 binaries/rflread.o
                                         0x50 (size before relaxing)
 .eh_frame      0x00000000001214e0       0x24 binaries/rflseek.o
                                         0x50 (size before relaxing)
 .eh_frame      0x0000000000121504       0x24 binaries/rflwrite.o
                                         0x50 (size before relaxing)
 .eh_frame      0x0000000000121528       0x24 binaries/rfscomm.o
                                         0x50 (size before relaxing)
 .eh_frame      0x000000000012154c       0x24 binaries/rfscontrol.o
                                         0x50 (size before relaxing)
 .eh_frame      0x0000000000121570       0x20 binaries/rfsgetmode.o
                                         0x4c (size before relaxing)
 .eh_frame      0x0000000000121590       0x24 binaries/rfsinit.o
                                         0x50 (size before relaxing)
 .eh_frame      0x00000000001215b4       0x24 binaries/rfsndmsg.o
                                         0x50 (size before relaxing)
 .eh_frame      0x00000000001215d8       0x24 binaries/rfsopen.o
                                         0x50 (size before relaxing)
 .eh_frame      0x00000000001215fc       0x20 binaries/vgaclose.o
                                         0x4c (size before relaxing)
 .eh_frame      0x000000000012161c       0x24 binaries/vgainit.o
                                         0x50 (size before relaxing)
 .eh_frame      0x0000000000121640       0x20 binaries/vgaopen.o
                                         0x4c (size before relaxing)
 .eh_frame      0x0000000000121660       0x20 binaries/vgaread.o
                                         0x4c (size before relaxing)
 .eh_frame      0x0000000000121680       0x20 binaries/vgaseek.o
                                         0x4c (size before relaxing)
 .eh_frame      0x00000000001216a0       0x20 binaries/vgawrite.o
                                         0x4c (size before relaxing)
 .eh_frame      0x00000000001216c0       0x20 binaries/miceclose.o
                                         0x4c (size before relaxing)
 .eh_frame      0x00000000001216e0       0x24 binaries/micehandler.o
                                         0x50 (size before relaxing)
 .eh_frame      0x0000000000121704       0x24 binaries/miceinit.o
                                         0x50 (size before relaxing)
 .eh_frame      0x0000000000121728       0x20 binaries/miceopen.o
                                         0x4c (size before relaxing)
 .eh_frame      0x0000000000121748       0x24 binaries/miceread.o
                                         0x50 (size before relaxing)
 .eh_frame      0x000000000012176c       0x6c binaries/miceutils.o
                                         0x98 (size before relaxing)
 .eh_frame      0x00000000001217d8       0x20 binaries/micewrite.o
                                         0x4c (size before relaxing)
 .eh_frame      0x00000000001217f8       0x20 binaries/kbdclose.o
                                         0x4c (size before relaxing)
 .eh_frame      0x0000000000121818       0x48 binaries/kbdhandler.o
                                         0x88 (size before relaxing)
 .eh_frame      0x0000000000121860       0x48 binaries/kbdinit.o
                                         0x74 (size before relaxing)
 .eh_frame      0x00000000001218a8       0x20 binaries/kbdopen.o
                                         0x4c (size before relaxing)
 .eh_frame      0x00000000001218c8       0x24 binaries/kbdread.o
                                         0x50 (size before relaxing)
 .eh_frame      0x00000000001218ec       0x20 binaries/kbdwrite.o
                                         0x4c (size before relaxing)
 .eh_frame      0x000000000012190c       0xd0 binaries/arp.o
                                        0x124 (size before relaxing)
 .eh_frame      0x00000000001219dc       0xac binaries/dhcp.o
                                         0xec (size before relaxing)
 .eh_frame      0x0000000000121a88       0x90 binaries/dns.o
                                         0xd0 (size before relaxing)
 .eh_frame      0x0000000000121b18       0x20 binaries/dot2ip.o
                                         0x4c (size before relaxing)
 .eh_frame      0x0000000000121b38       0x48 binaries/hexdump.o
                                         0x74 (size before relaxing)
 .eh_frame      0x0000000000121b80      0x164 binaries/icmp.o
                                        0x1a4 (size before relaxing)
 .eh_frame      0x0000000000121ce4      0x130 binaries/ip.o
                                        0x170 (size before relaxing)
 .eh_frame      0x0000000000121e14       0xa8 binaries/net.o
                                         0xfc (size before relaxing)
 .eh_frame      0x0000000000121ebc       0x60 binaries/pdump.o
                                         0xa0 (size before relaxing)
 .eh_frame      0x0000000000121f1c       0x68 binaries/tftp.o
                                         0xa8 (size before relaxing)
 .eh_frame      0x0000000000121f84      0x15c binaries/udp.o
                                        0x19c (size before relaxing)
 .eh_frame      0x00000000001220e0       0x24 binaries/addargs.o
                                         0x50 (size before relaxing)
 .eh_frame      0x0000000000122104       0xd0 binaries/ahorcado.o
                                        0x110 (size before relaxing)
 .eh_frame      0x00000000001221d4       0x5c binaries/ejer5.o
                                         0x88 (size before relaxing)
 .eh_frame      0x0000000000122230       0x40 binaries/ejer6.o
                                         0x6c (size before relaxing)
 .eh_frame      0x0000000000122270       0x20 binaries/lexan.o
                                         0x4c (size before relaxing)
 .eh_frame      0x0000000000122290       0x24 binaries/mi_programa.o
                                         0x50 (size before relaxing)
 .eh_frame      0x00000000001222b4       0x1c binaries/mouse.o
                                         0x48 (size before relaxing)
 .eh_frame      0x00000000001222d0       0x2c binaries/shell.o
                                         0x58 (size before relaxing)
 .eh_frame      0x00000000001222fc       0x94 binaries/tp2ej1.o
                                         0xc0 (size before relaxing)
 .eh_frame      0x0000000000122390       0x6c binaries/tp2ej2.o
                                         0x98 (size before relaxing)
 .eh_frame      0x00000000001223fc       0x5c binaries/tp2ej3.o
                                         0x88 (size before relaxing)
 .eh_frame      0x0000000000122458       0x24 binaries/xsh_argecho.o
                                         0x50 (size before relaxing)
 .eh_frame      0x000000000012247c       0x48 binaries/xsh_arp.o
                                         0x74 (size before relaxing)
 .eh_frame      0x00000000001224c4       0x24 binaries/xsh_cat.o
                                         0x50 (size before relaxing)
 .eh_frame      0x00000000001224e8       0x24 binaries/xsh_clear.o
                                         0x50 (size before relaxing)
 .eh_frame      0x000000000012250c       0x24 binaries/xsh_date.o
                                         0x50 (size before relaxing)
 .eh_frame      0x0000000000122530       0x24 binaries/xsh_devdump.o
                                         0x50 (size before relaxing)
 .eh_frame      0x0000000000122554       0x24 binaries/xsh_echo.o
                                         0x50 (size before relaxing)
 .eh_frame      0x0000000000122578       0x20 binaries/xsh_exit.o
                                         0x4c (size before relaxing)
 .eh_frame      0x0000000000122598       0x24 binaries/xsh_help.o
                                         0x50 (size before relaxing)
 .eh_frame      0x00000000001225bc       0x24 binaries/xsh_kill.o
                                         0x50 (size before relaxing)
 .eh_frame      0x00000000001225e0       0x44 binaries/xsh_memdump.o
                                         0x84 (size before relaxing)
 .eh_frame      0x0000000000122624       0x6c binaries/xsh_memstat.o
                                         0x98 (size before relaxing)
 .eh_frame      0x0000000000122690       0x30 binaries/xsh_netinfo.o
                                         0x5c (size before relaxing)
 .eh_frame      0x00000000001226c0       0x2c binaries/xsh_ping.o
                                         0x58 (size before relaxing)
 .eh_frame      0x00000000001226ec       0x30 binaries/xsh_ps.o
                                         0x5c (size before relaxing)
 .eh_frame      0x000000000012271c       0x24 binaries/xsh_sleep.o
                                         0x50 (size before relaxing)
 .eh_frame      0x0000000000122740       0x24 binaries/xsh_udpdump.o
                                         0x50 (size before relaxing)
 .eh_frame      0x0000000000122764       0x2c binaries/xsh_udpecho.o
                                         0x58 (size before relaxing)
 .eh_frame      0x0000000000122790       0x2c binaries/xsh_udpserver.o
                                         0x58 (size before relaxing)
 .eh_frame      0x00000000001227bc       0x24 binaries/xsh_uptime.o
                                         0x50 (size before relaxing)

.iplt           0x00000000001227e0        0x0
 .iplt          0x00000000001227e0        0x0 binaries/start.o

.rel.dyn        0x00000000001227e0        0x0
 .rel.got       0x00000000001227e0        0x0 binaries/start.o
 .rel.iplt      0x00000000001227e0        0x0 binaries/start.o
 .rel.text      0x00000000001227e0        0x0 binaries/start.o

.data           0x00000000001227e0     0x1820
                0x00000000001227e0                data = ABSOLUTE (.)
 *(.data .data.*)
 .data          0x00000000001227e0      0x460 binaries/start.o
                0x00000000001227f0                gdt
                0x0000000000122830                gdtr
                0x0000000000122836                idt
                0x0000000000122c36                idtr
                0x0000000000122c3c                cpudelay
 .data          0x0000000000122c40        0x0 binaries/ascdate.o
 .data.rel.local
                0x0000000000122c40       0x88 binaries/ascdate.o
                0x0000000000122c40                Date
 .data          0x0000000000122cc8        0x0 binaries/bufinit.o
 .data          0x0000000000122cc8        0x0 binaries/chprio.o
 .data          0x0000000000122cc8        0x4 binaries/clkhandler.o
 .data          0x0000000000122ccc        0x0 binaries/clkinit.o
 .data          0x0000000000122ccc        0x0 binaries/close.o
 .data          0x0000000000122ccc        0x0 binaries/conf.o
 *fill*         0x0000000000122ccc       0x14 
 .data.rel      0x0000000000122ce0      0x654 binaries/conf.o
                0x0000000000122ce0                devtab
 .data          0x0000000000123334        0x0 binaries/control.o
 .data          0x0000000000123334        0x4 binaries/create.o
 .data          0x0000000000123338        0x0 binaries/evec.o
 *fill*         0x0000000000123338        0x8 
 .data.rel.local
                0x0000000000123340       0x40 binaries/evec.o
                0x0000000000123340                inames
 .data          0x0000000000123380        0x0 binaries/exit.o
 .data          0x0000000000123380        0x0 binaries/freebuf.o
 .data          0x0000000000123380        0x0 binaries/freemem.o
 .data          0x0000000000123380        0x0 binaries/getbuf.o
 .data          0x0000000000123380        0x0 binaries/getc.o
 .data          0x0000000000123380        0x0 binaries/getdev.o
 .data          0x0000000000123380        0x0 binaries/getitem.o
 .data          0x0000000000123380        0x0 binaries/getmem.o
 .data          0x0000000000123380        0x0 binaries/getpid.o
 .data          0x0000000000123380        0x0 binaries/getprio.o
 .data          0x0000000000123380        0x0 binaries/getstk.o
 .data          0x0000000000123380        0x0 binaries/getticks.o
 .data          0x0000000000123380        0x0 binaries/gettime.o
 .data          0x0000000000123380        0x0 binaries/getutime.o
 .data          0x0000000000123380       0x40 binaries/i386.o
                0x0000000000123380                gdt_copy
 .data          0x00000000001233c0        0x0 binaries/init.o
 .data          0x00000000001233c0        0x0 binaries/initialize.o
 .data          0x00000000001233c0        0x0 binaries/insert.o
 .data          0x00000000001233c0        0x0 binaries/insertd.o
 .data          0x00000000001233c0        0x0 binaries/ioerr.o
 .data          0x00000000001233c0        0x0 binaries/ionull.o
 .data          0x00000000001233c0        0x0 binaries/kill.o
 .data          0x00000000001233c0        0x0 binaries/kprintf.o
 .data          0x00000000001233c0        0x0 binaries/main.o
 .data          0x00000000001233c0        0x0 binaries/mark.o
 .data          0x00000000001233c0        0x0 binaries/meminit.o
 .data          0x00000000001233c0        0x0 binaries/mkbufpool.o
 .data          0x00000000001233c0        0x0 binaries/mutex_init.o
 .data          0x00000000001233c0        0x0 binaries/mutex_lock.o
 .data          0x00000000001233c0        0x0 binaries/mutex_unlock.o
 .data          0x00000000001233c0        0x2 binaries/newqueue.o
 .data          0x00000000001233c2        0x0 binaries/open.o
 .data          0x00000000001233c2        0x0 binaries/panic.o
 *fill*         0x00000000001233c2        0x2 
 .data          0x00000000001233c4       0x10 binaries/pci.o
 .data          0x00000000001233d4        0x0 binaries/ptclear.o
 .data          0x00000000001233d4        0x0 binaries/ptcount.o
 .data          0x00000000001233d4        0x0 binaries/ptcreate.o
 .data          0x00000000001233d4        0x0 binaries/ptdelete.o
 .data          0x00000000001233d4        0x0 binaries/ptinit.o
 .data          0x00000000001233d4        0x0 binaries/ptrecv.o
 .data          0x00000000001233d4        0x0 binaries/ptreset.o
 .data          0x00000000001233d4        0x0 binaries/ptsend.o
 .data          0x00000000001233d4        0x0 binaries/putc.o
 .data          0x00000000001233d4        0x0 binaries/queue.o
 .data          0x00000000001233d4        0x0 binaries/read.o
 .data          0x00000000001233d4        0x0 binaries/ready.o
 .data          0x00000000001233d4        0x0 binaries/receive.o
 .data          0x00000000001233d4        0x0 binaries/recvclr.o
 .data          0x00000000001233d4        0x0 binaries/recvtime.o
 .data          0x00000000001233d4        0x0 binaries/resched.o
 .data          0x00000000001233d4        0x0 binaries/resume.o
 .data          0x00000000001233d4        0x0 binaries/seek.o
 .data          0x00000000001233d4        0x0 binaries/semcount.o
 .data          0x00000000001233d4        0x0 binaries/semcreate.o
 .data          0x00000000001233d4        0x0 binaries/semdelete.o
 .data          0x00000000001233d4        0x0 binaries/semreset.o
 .data          0x00000000001233d4        0x0 binaries/send.o
 .data          0x00000000001233d4        0x0 binaries/signal.o
 .data          0x00000000001233d4        0x0 binaries/signaln.o
 .data          0x00000000001233d4        0x0 binaries/sleep.o
 .data          0x00000000001233d4        0x0 binaries/stacktrace.o
 .data          0x00000000001233d4        0x0 binaries/suspend.o
 .data          0x00000000001233d4        0x0 binaries/unsleep.o
 .data          0x00000000001233d4        0x0 binaries/userret.o
 .data          0x00000000001233d4        0x0 binaries/wait.o
 .data          0x00000000001233d4        0x0 binaries/wakeup.o
 .data          0x00000000001233d4        0x0 binaries/write.o
 .data          0x00000000001233d4        0x0 binaries/xdone.o
 .data          0x00000000001233d4        0x0 binaries/yield.o
 .data          0x00000000001233d4        0x0 binaries/abs.o
 .data          0x00000000001233d4        0x0 binaries/atoi.o
 .data          0x00000000001233d4        0x0 binaries/atol.o
 .data          0x00000000001233d4        0x0 binaries/bzero.o
 .data          0x00000000001233d4        0x0 binaries/ctype_.o
 .data          0x00000000001233d4        0x0 binaries/doprnt.o
 *fill*         0x00000000001233d4        0xc 
 .data          0x00000000001233e0       0x80 binaries/doscan.o
                0x00000000001233e0                _sctab
 .data          0x0000000000123460        0x0 binaries/fdoprnt.o
 .data          0x0000000000123460        0x0 binaries/fgetc.o
 .data          0x0000000000123460        0x0 binaries/fgets.o
 .data          0x0000000000123460        0x0 binaries/fprintf.o
 .data          0x0000000000123460        0x0 binaries/fputc.o
 .data          0x0000000000123460        0x0 binaries/fputs.o
 .data          0x0000000000123460        0x0 binaries/fscanf.o
 .data          0x0000000000123460        0x0 binaries/getchar.o
 .data          0x0000000000123460        0x0 binaries/labs.o
 .data          0x0000000000123460        0x0 binaries/memchr.o
 .data          0x0000000000123460        0x0 binaries/memcmp.o
 .data          0x0000000000123460        0x0 binaries/memcpy.o
 .data          0x0000000000123460        0x0 binaries/memset.o
 .data          0x0000000000123460        0x0 binaries/printf.o
 .data          0x0000000000123460        0x0 binaries/putchar.o
 .data          0x0000000000123460        0x0 binaries/qsort.o
 .data          0x0000000000123460        0x4 binaries/rand.o
 .data          0x0000000000123464        0x0 binaries/sprintf.o
 .data          0x0000000000123464        0x0 binaries/sscanf.o
 .data          0x0000000000123464        0x0 binaries/strchr.o
 .data          0x0000000000123464        0x0 binaries/strcmp.o
 .data          0x0000000000123464        0x0 binaries/strcpy.o
 .data          0x0000000000123464        0x0 binaries/strlen.o
 .data          0x0000000000123464        0x0 binaries/strncat.o
 .data          0x0000000000123464        0x0 binaries/strncmp.o
 .data          0x0000000000123464        0x0 binaries/strncpy.o
 .data          0x0000000000123464        0x0 binaries/strnlen.o
 .data          0x0000000000123464        0x0 binaries/strrchr.o
 .data          0x0000000000123464        0x0 binaries/strstr.o
 .data          0x0000000000123464        0x0 binaries/text_on_vga.o
 .data          0x0000000000123464        0x0 binaries/vga.o
 .data          0x0000000000123464        0x0 binaries/ttycontrol.o
 .data          0x0000000000123464        0x0 binaries/ttygetc.o
 .data          0x0000000000123464        0x0 binaries/ttyhandle_in.o
 .data          0x0000000000123464        0x0 binaries/ttyhandle_out.o
 .data          0x0000000000123464        0x0 binaries/ttyhandler.o
 .data          0x0000000000123464        0x0 binaries/ttyinit.o
 .data          0x0000000000123464        0x0 binaries/ttykickout.o
 .data          0x0000000000123464        0x0 binaries/ttyputc.o
 .data          0x0000000000123464        0x0 binaries/ttyread.o
 .data          0x0000000000123464        0x0 binaries/ttywrite.o
 .data          0x0000000000123464        0x0 binaries/mount.o
 .data          0x0000000000123464        0x0 binaries/naminit.o
 .data          0x0000000000123464        0x0 binaries/nammap.o
 .data          0x0000000000123464        0x0 binaries/namopen.o
 .data          0x0000000000123464        0x0 binaries/82545EMInit.o
 .data          0x0000000000123464        0x0 binaries/ethcontrol.o
 .data          0x0000000000123464        0x0 binaries/ethhandler.o
 .data          0x0000000000123464        0x0 binaries/ethinit.o
 .data          0x0000000000123464        0x0 binaries/ethread.o
 .data          0x0000000000123464        0x0 binaries/ethwrite.o
 .data          0x0000000000123464        0x0 binaries/rdsbufalloc.o
 .data          0x0000000000123464        0x0 binaries/rdsclose.o
 .data          0x0000000000123464        0x0 binaries/rdscomm.o
 .data          0x0000000000123464        0x0 binaries/rdscontrol.o
 .data          0x0000000000123464        0x0 binaries/rdsinit.o
 .data          0x0000000000123464        0x0 binaries/rdsopen.o
 .data          0x0000000000123464        0x0 binaries/rdsprocess.o
 .data          0x0000000000123464        0x0 binaries/rdsread.o
 .data          0x0000000000123464        0x0 binaries/rdswrite.o
 .data          0x0000000000123464        0x0 binaries/ramclose.o