
Merging program properties

Removed property 0xc0000002 to merge binaries/ascdate.o (0x3) and binaries/start.o (not found)
Removed property 0xc0000002 to merge binaries/ascdate.o (not found) and binaries/bufinit.o (0x3)
Removed property 0xc0000002 to merge binaries/ascdate.o (not found) and binaries/chprio.o (0x3)
Removed property 0xc0000002 to merge binaries/ascdate.o (not found) and binaries/clkhandler.o (0x3)
Removed property 0xc0000002 to merge binaries/ascdate.o (not found) and binaries/clkinit.o (0x3)
Removed property 0xc0000002 to merge binaries/ascdate.o (not found) and binaries/close.o (0x3)
Removed property 0xc0000002 to merge binaries/ascdate.o (not found) and binaries/conf.o (0x3)
Removed property 0xc0000002 to merge binaries/ascdate.o (not found) and binaries/control.o (0x3)
Removed property 0xc0000002 to merge binaries/ascdate.o (not found) and binaries/create.o (0x3)
Removed property 0xc0000002 to merge binaries/ascdate.o (not found) and binaries/evec.o (0x3)
Removed property 0xc0000002 to merge binaries/ascdate.o (not found) and binaries/exit.o (0x3)
Removed property 0xc0000002 to merge binaries/ascdate.o (not found) and binaries/freebuf.o (0x3)
Removed property 0xc0000002 to merge binaries/ascdate.o (not found) and binaries/freemem.o (0x3)
Removed property 0xc0000002 to merge binaries/ascdate.o (not found) and binaries/getbuf.o (0x3)
Removed property 0xc0000002 to merge binaries/ascdate.o (not found) and binaries/getc.o (0x3)
Removed property 0xc0000002 to merge binaries/ascdate.o (not found) and binaries/getdev.o (0x3)
Removed property 0xc0000002 to merge binaries/ascdate.o (not found) and binaries/getitem.o (0x3)
Removed property 0xc0000002 to merge binaries/ascdate.o (not found) and binaries/getmem.o (0x3)
Removed property 0xc0000002 to merge binaries/ascdate.o (not found) and binaries/getpid.o (0x3)
Removed property 0xc0000002 to merge binaries/ascdate.o (not found) and binaries/getprio.o (0x3)
Removed property 0xc0000002 to merge binaries/ascdate.o (not found) and binaries/getstk.o (0x3)
Removed property 0xc0000002 to merge binaries/ascdate.o (not found) and binaries/getticks.o (0x3)
Removed property 0xc0000002 to merge binaries/ascdate.o (not found) and binaries/gettime.o (0x3)
Removed property 0xc0000002 to merge binaries/ascdate.o (not found) and binaries/getutime.o (0x3)
Removed property 0xc0000002 to merge binaries/ascdate.o (not found) and binaries/i386.o (0x3)
Removed property 0xc0000002 to merge binaries/ascdate.o (not found) and binaries/init.o (0x3)
Removed property 0xc0000002 to merge binaries/ascdate.o (not found) and binaries/initialize.o (0x3)
Removed property 0xc0000002 to merge binaries/ascdate.o (not found) and binaries/insert.o (0x3)
Removed property 0xc0000002 to merge binaries/ascdate.o (not found) and binaries/insertd.o (0x3)
Removed property 0xc0000002 to merge binaries/ascdate.o (not found) and binaries/ioerr.o (0x3)
Removed property 0xc0000002 to merge binaries/ascdate.o (not found) and binaries/ionull.o (0x3)
Removed property 0xc0000002 to merge binaries/ascdate.o (not found) and binaries/kill.o (0x3)
Removed property 0xc0000002 to merge binaries/ascdate.o (not found) and binaries/kprintf.o (0x3)
Removed property 0xc0000002 to merge binaries/ascdate.o (not found) and binaries/main.o (0x3)
Removed property 0xc0000002 to merge binaries/ascdate.o (not found) and binaries/mark.o (0x3)
Removed property 0xc0000002 to merge binaries/ascdate.o (not found) and binaries/meminit.o (0x3)
Removed property 0xc0000002 to merge binaries/ascdate.o (not found) and binaries/mkbufpool.o (0x3)
Removed property 0xc0000002 to merge binaries/ascdate.o (not found) and binaries/newqueue.o (0x3)
Removed property 0xc0000002 to merge binaries/ascdate.o (not found) and binaries/open.o (0x3)
Removed property 0xc0000002 to merge binaries/ascdate.o (not found) and binaries/panic.o (0x3)
Removed property 0xc0000002 to merge binaries/ascdate.o (not found) and binaries/pci.o (0x3)
Removed property 0xc0000002 to merge binaries/ascdate.o (not found) and binaries/ptclear.o (0x3)
Removed property 0xc0000002 to merge binaries/ascdate.o (not found) and binaries/ptcount.o (0x3)
Removed property 0xc0000002 to merge binaries/ascdate.o (not found) and binaries/ptcreate.o (0x3)
Removed property 0xc0000002 to merge binaries/ascdate.o (not found) and binaries/ptdelete.o (0x3)
Removed property 0xc0000002 to merge binaries/ascdate.o (not found) and binaries/ptinit.o (0x3)
Removed property 0xc0000002 to merge binaries/ascdate.o (not found) and binaries/ptrecv.o (0x3)
Removed property 0xc0000002 to merge binaries/ascdate.o (not found) and binaries/ptreset.o (0x3)
Removed property 0xc0000002 to merge binaries/ascdate.o (not found) and binaries/ptsend.o (0x3)
Removed property 0xc0000002 to merge binaries/ascdate.o (not found) and binaries/putc.o (0x3)
Removed property 0xc0000002 to merge binaries/ascdate.o (not found) and binaries/queue.o (0x3)
[...]
Memory Configuration

Name             Origin             Length             Attributes
*default*        0x0000000000000000 0xffffffffffffffff

Linker script and memory map

                0x0000000000100000                physbase = 0x100000
                0x0000000000100000                . = physbase
                0x0000000000100000                . = ALIGN (0x1000)

.text           0x0000000000100000    0x1e000
                0x0000000000100000                text = ABSOLUTE (.)
 *(.text .text.*)
 .text          0x0000000000100000      0x15c binaries/start.o
                0x0000000000100000                _start
                0x0000000000100000                start
                0x000000000010009c                inb
                0x00000000001000a4                inw
                0x00000000001000ad                inl
                0x00000000001000b5                outb
                0x00000000001000bf                outw
                0x00000000001000ca                outl
                0x00000000001000d4                _rtcin
                0x00000000001000df                ___udivsi3
                0x00000000001000ea                ___divsi3
                0x00000000001000f6                sbzero
                0x0000000000100106                bcopy
                0x000000000010011a                insw
                0x0000000000100130                outsw
                0x0000000000100146                lidt
 .text          0x000000000010015c      0x427 binaries/ascdate.o
                0x000000000010015c                ascdate
 .text.__x86.get_pc_thunk.cx
                0x0000000000100583        0x4 binaries/ascdate.o
                0x0000000000100583                __x86.get_pc_thunk.cx
 .text          0x0000000000100587       0x24 binaries/bufinit.o
                0x0000000000100587                bufinit
 .text.__x86.get_pc_thunk.ax
                0x00000000001005ab        0x4 binaries/bufinit.o
                0x00000000001005ab                __x86.get_pc_thunk.ax
 .text          0x00000000001005af       0x9a binaries/chprio.o
                0x00000000001005af                chprio
 .text.__x86.get_pc_thunk.bx
                0x0000000000100649        0x4 binaries/chprio.o
                0x0000000000100649                __x86.get_pc_thunk.bx
 .text          0x000000000010064d       0xdf binaries/clkhandler.o
                0x000000000010064d                clkhandler
 .text          0x000000000010072c       0x99 binaries/clkinit.o
                0x000000000010072c                clkinit
 .text          0x00000000001007c5       0x83 binaries/close.o
                0x00000000001007c5                close
 .text          0x0000000000100848        0x0 binaries/conf.o
 .text          0x0000000000100848       0x89 binaries/control.o
                0x0000000000100848                control
 .text          0x00000000001008d1      0x2ff binaries/create.o
                0x00000000001008d1                create
 .text          0x0000000000100bd0      0x3d5 binaries/evec.o
                0x0000000000100bd0                initevec
                0x0000000000100c41                set_evec
                0x0000000000100d0f                trap
 .text          0x0000000000100fa5       0x2d binaries/exit.o
                0x0000000000100fa5                exit
 .text          0x0000000000100fd2       0xa5 binaries/freebuf.o
                0x0000000000100fd2                freebuf
 .text          0x0000000000101077      0x199 binaries/freemem.o
                0x0000000000101077                freemem
 .text          0x0000000000101210       0xa3 binaries/getbuf.o
                0x0000000000101210                getbuf
 .text          0x00000000001012b3       0x83 binaries/getc.o
                0x00000000001012b3                getc
 .text          0x0000000000101336       0x84 binaries/getdev.o
                0x0000000000101336                getdev
 .text          0x00000000001013ba      0x125 binaries/getitem.o
                0x00000000001013ba                getfirst
                0x0000000000101415                getlast
                0x0000000000101473                getitem
 .text          0x00000000001014df      0x136 binaries/getmem.o
                0x00000000001014df                getmem
 .text          0x0000000000101615       0x1b binaries/getpid.o
                0x0000000000101615                getpid
 .text          0x0000000000101630       0x83 binaries/getprio.o
                0x0000000000101630                getprio
 .text          0x00000000001016b3      0x11d binaries/getstk.o
                0x00000000001016b3                getstk
 .text          0x00000000001017d0       0x24 binaries/getticks.o
                0x00000000001017d0                getticks
 .text          0x00000000001017f4       0x4e binaries/gettime.o
                0x00000000001017f4                gettime
 .text          0x0000000000101842      0x213 binaries/getutime.o
                0x0000000000101842                getutime
 .text          0x0000000000101a55      0x39e binaries/i386.o
                0x0000000000101a55                setsegs
                0x0000000000101b06                init8259
                0x0000000000101bcc                pseg
                0x0000000000101d86                setirmask
 .text          0x0000000000101df3       0x83 binaries/init.o
                0x0000000000101df3                init
 .text          0x0000000000101e76      0x459 binaries/initialize.o
                0x0000000000101e76                nulluser
                0x0000000000102262                stop
                0x00000000001022a1                delay
 .text          0x00000000001022cf      0x108 binaries/insert.o
                0x00000000001022cf                insert
 .text          0x00000000001023d7      0x14a binaries/insertd.o
                0x00000000001023d7                insertd
 .text          0x0000000000102521       0x18 binaries/ioerr.o
                0x0000000000102521                ioerr
 .text          0x0000000000102539       0x18 binaries/ionull.o
                0x0000000000102539                ionull
 .text          0x0000000000102551      0x1c1 binaries/kill.o
                0x0000000000102551                kill
 .text          0x0000000000102712      0x18c binaries/kprintf.o
                0x0000000000102712                kputc
                0x00000000001027b6                kgetc
                0x000000000010285e                kprintf
 .text          0x000000000010289e       0xfc binaries/main.o
                0x000000000010289e                main
 .text          0x000000000010299a       0xf6 binaries/mark.o
                0x000000000010299a                markinit
                0x00000000001029d7                mark
 .text          0x0000000000102a90       0xfb binaries/meminit.o
                0x0000000000102a90                meminit
 .text          0x0000000000102b8b      0x198 binaries/mkbufpool.o
                0x0000000000102b8b                mkbufpool
 .text          0x0000000000102d23       0xc5 binaries/newqueue.o
                0x0000000000102d23                newqueue
 .text          0x0000000000102de8       0x89 binaries/open.o
                0x0000000000102de8                open
 .text          0x0000000000102e71       0x32 binaries/panic.o
                0x0000000000102e71                panic
 .text          0x0000000000102ea3      0x555 binaries/pci.o
                0x0000000000102ea3                pci_init
                0x00000000001031c3                find_pci_device
                0x0000000000103220                pci_bios_read_config_byte
                0x000000000010326e                pci_bios_read_config_word
                0x00000000001032bd                pci_bios_read_config_dword
                0x000000000010330b                pci_bios_write_config_byte
                0x000000000010335c                pci_bios_write_config_word
                0x00000000001033ae                pci_bios_write_config_dword
 .text.__x86.get_pc_thunk.si
                0x00000000001033f8        0x4 binaries/pci.o
                0x00000000001033f8                __x86.get_pc_thunk.si
 .text          0x00000000001033fc      0x108 binaries/ptclear.o
                0x00000000001033fc                _ptclear
 .text          0x0000000000103504       0xb4 binaries/ptcount.o
                0x0000000000103504                ptcount
 .text          0x00000000001035b8      0x13c binaries/ptcreate.o
                0x00000000001035b8                ptcreate
 .text          0x00000000001036f4       0x99 binaries/ptdelete.o
                0x00000000001036f4                ptdelete
 .text          0x000000000010378d       0xeb binaries/ptinit.o
                0x000000000010378d                ptinit
 .text          0x0000000000103878      0x13b binaries/ptrecv.o
                0x0000000000103878                ptrecv
 .text          0x00000000001039b3       0x8e binaries/ptreset.o
                0x00000000001039b3                ptreset
 .text          0x0000000000103a41      0x160 binaries/ptsend.o
                0x0000000000103a41                ptsend
 .text          0x0000000000103ba1       0x8e binaries/putc.o
                0x0000000000103ba1                putc
 .text          0x0000000000103c2f      0x14f binaries/queue.o
                0x0000000000103c2f                enqueue
                0x0000000000103cf4                dequeue
 .text          0x0000000000103d7e       0x89 binaries/read.o
                0x0000000000103d7e                read
 .text          0x0000000000103e07       0x83 binaries/ready.o
                0x0000000000103e07                ready
 .text          0x0000000000103e8a       0x72 binaries/receive.o
                0x0000000000103e8a                receive
 .text          0x0000000000103efc       0x6e binaries/recvclr.o
                0x0000000000103efc                recvclr
 .text          0x0000000000103f6a       0xd4 binaries/recvtime.o
                0x0000000000103f6a                recvtime
 .text          0x000000000010403e      0x1c7 binaries/resched.o
                0x000000000010403e                resched
                0x0000000000104163                resched_cntl
 .text          0x0000000000104205       0xb7 binaries/resume.o
                0x0000000000104205                resume
 .text          0x00000000001042bc       0x87 binaries/seek.o
                0x00000000001042bc                seek
 .text          0x0000000000104343       0x8c binaries/semcount.o
                0x0000000000104343                semcount
 .text          0x00000000001043cf      0x10b binaries/semcreate.o
                0x00000000001043cf                semcreate
 .text.__x86.get_pc_thunk.dx
                0x00000000001044da        0x4 binaries/semcreate.o
                0x00000000001044da                __x86.get_pc_thunk.dx
 .text          0x00000000001044de       0xe5 binaries/semdelete.o
                0x00000000001044de                semdelete
 .text          0x00000000001045c3       0xe9 binaries/semreset.o
                0x00000000001045c3                semreset
 .text          0x00000000001046ac       0xf5 binaries/send.o
                0x00000000001046ac                send
 .text          0x00000000001047a1       0xc0 binaries/signal.o
                0x00000000001047a1                signal
 .text          0x0000000000104861       0xef binaries/signaln.o
                0x0000000000104861                signaln
 .text          0x0000000000104950       0xf9 binaries/sleep.o
                0x0000000000104950                sleep
                0x0000000000104996                sleepms
 .text          0x0000000000104a49      0x1ab binaries/stacktrace.o
                0x0000000000104a49                stacktrace
 .text          0x0000000000104bf4       0xef binaries/suspend.o
                0x0000000000104bf4                suspend
 .text          0x0000000000104ce3       0xfa binaries/unsleep.o
                0x0000000000104ce3                unsleep
 .text          0x0000000000104ddd       0x2d binaries/userret.o
                0x0000000000104ddd                userret
 .text          0x0000000000104e0a       0xf4 binaries/wait.o
                0x0000000000104e0a                wait
 .text          0x0000000000104efe       0x9e binaries/wakeup.o
                0x0000000000104efe                wakeup
 .text          0x0000000000104f9c       0x89 binaries/write.o
                0x0000000000104f9c                write
 .text          0x0000000000105025       0x33 binaries/xdone.o
                0x0000000000105025                xdone
 .text          0x0000000000105058       0x3b binaries/yield.o
                0x0000000000105058                yield
 .text          0x0000000000105093       0x1f binaries/abs.o
                0x0000000000105093                abs
 .text          0x00000000001050b2       0xa5 binaries/atoi.o
                0x00000000001050b2                atoi
 .text          0x0000000000105157       0xa5 binaries/atol.o
                0x0000000000105157                atol
 .text          0x00000000001051fc       0x41 binaries/bzero.o
                0x00000000001051fc                bzero
 .text          0x000000000010523d        0x0 binaries/ctype_.o
 .text          0x000000000010523d      0x9ea binaries/doprnt.o
                0x000000000010523d                _doprnt
 .text          0x0000000000105c27      0x725 binaries/doscan.o
                0x0000000000105c27                _doscan
 .text.__x86.get_pc_thunk.di
                0x000000000010634c        0x4 binaries/doscan.o
                0x000000000010634c                __x86.get_pc_thunk.di
 .text          0x0000000000106350      0x7df binaries/fdoprnt.o
                0x0000000000106350                _fdoprnt
 .text          0x0000000000106b2f       0x3d binaries/fgetc.o
                0x0000000000106b2f                fgetc
 .text          0x0000000000106b6c       0x89 binaries/fgets.o
                0x0000000000106b6c                fgets
 .text          0x0000000000106bf5       0x40 binaries/fprintf.o
                0x0000000000106bf5                fprintf
 .text          0x0000000000106c35       0x40 binaries/fputc.o
                0x0000000000106c35                fputc
 .text          0x0000000000106c75       0x57 binaries/fputs.o
                0x0000000000106c75                fputs
 .text          0x0000000000106ccc       0xc2 binaries/fscanf.o
                0x0000000000106ccc                fscanf
 .text          0x0000000000106d8e       0x44 binaries/getchar.o
                0x0000000000106d8e                getchar
 .text          0x0000000000106dd2       0x1f binaries/labs.o
                0x0000000000106dd2                labs
 .text          0x0000000000106df1        0x0 binaries/memchr.o
 .text          0x0000000000106df1       0x63 binaries/memcmp.o
                0x0000000000106df1                memcmp
 .text          0x0000000000106e54       0x50 binaries/memcpy.o
                0x0000000000106e54                memcpy
 .text          0x0000000000106ea4       0x41 binaries/memset.o
                0x0000000000106ea4                memset
 .text          0x0000000000106ee5       0x5a binaries/printf.o
                0x0000000000106ee5                printf
 .text          0x0000000000106f3f       0x47 binaries/putchar.o
                0x0000000000106f3f                putchar
 .text          0x0000000000106f86      0x2c6 binaries/qsort.o
                0x0000000000106f86                qsort
 .text          0x000000000010724c       0x8c binaries/rand.o
                0x000000000010724c                rand
                0x0000000000107274                rand_r
                0x00000000001072bb                srand
 .text          0x00000000001072d8       0x8c binaries/sprintf.o
                0x00000000001072d8                sprintf
 .text          0x0000000000107364       0xa7 binaries/sscanf.o
                0x0000000000107364                sscanf
 .text          0x000000000010740b       0x4e binaries/strchr.o
                0x000000000010740b                strchr
 .text          0x0000000000107459       0x5a binaries/strcmp.o
                0x0000000000107459                strcmp
 .text          0x00000000001074b3       0x37 binaries/strcpy.o
                0x00000000001074b3                strcpy
 .text          0x00000000001074ea       0x36 binaries/strlen.o
                0x00000000001074ea                strlen
 .text          0x0000000000107520       0x6a binaries/strncat.o
                0x0000000000107520                strncat
 .text          0x000000000010758a       0x73 binaries/strncmp.o
                0x000000000010758a                strncmp
 .text          0x00000000001075fd       0x63 binaries/strncpy.o
                0x00000000001075fd                strncpy
 .text          0x0000000000107660       0x3e binaries/strnlen.o
                0x0000000000107660                strnlen
 .text          0x000000000010769e       0x57 binaries/strrchr.o
                0x000000000010769e                strrchr
 .text          0x00000000001076f5       0x87 binaries/strstr.o
                0x00000000001076f5                strstr
 .text          0x000000000010777c      0x1c6 binaries/text_on_vga.o
                0x000000000010777c                check_bit
                0x00000000001077b8                draw_char_on_buffer
                0x0000000000107889                print_text_on_vga
                0x00000000001078e5                borrar
 .text          0x0000000000107942      0x20c binaries/vga.o
                0x0000000000107942                pixeld
                0x0000000000107a4a                linea
                0x0000000000107a6e                pixel
                0x0000000000107abe                paint_screen
 .text          0x0000000000107b4e       0xfd binaries/ttycontrol.o
                0x0000000000107b4e                ttycontrol
 .text          0x0000000000107c4b       0xae binaries/ttygetc.o
                0x0000000000107c4b                ttygetc
 .text          0x0000000000107cf9      0x75d binaries/ttyhandle_in.o
                0x0000000000107cf9                ttyhandle_in
 .text          0x0000000000108456      0x1ca binaries/ttyhandle_out.o
                0x0000000000108456                ttyhandle_out
 .text          0x0000000000108620       0xe0 binaries/ttyhandler.o
                0x0000000000108620                ttyhandler
 .text          0x0000000000108700      0x23e binaries/ttyinit.o
                0x0000000000108700                ttyinit
 .text          0x000000000010893e       0x31 binaries/ttykickout.o
                0x000000000010893e                ttykickout
 .text          0x000000000010896f       0xcb binaries/ttyputc.o
                0x000000000010896f                ttyputc
 .text          0x0000000000108a3a      0x132 binaries/ttyread.o
                0x0000000000108a3a                ttyread
 .text          0x0000000000108b6c       0x62 binaries/ttywrite.o
                0x0000000000108b6c                ttywrite
 .text          0x0000000000108bce      0x17b binaries/mount.o
                0x0000000000108bce                mount
                0x0000000000108d01                namlen
 .text          0x0000000000108d49      0x227 binaries/naminit.o
                0x0000000000108d49                naminit
 .text          0x0000000000108f70      0x258 binaries/nammap.o
                0x0000000000108f70                nammap
                0x0000000000109012                namrepl
                0x0000000000109167                namcpy
 .text          0x00000000001091c8       0x61 binaries/namopen.o
                0x00000000001091c8                namopen
 .text          0x0000000000109229     0x106b binaries/82545EMInit.o
                0x00000000001092a6                _82545EMInit
                0x000000000010a0de                _82545EM_read_phy_reg
                0x000000000010a1b8                _82545EM_write_phy_reg
 .text          0x000000000010a294      0x28a binaries/ethcontrol.o
                0x000000000010a311                ethcontrol
                0x000000000010a493                ethIrqDisable
                0x000000000010a4d7                ethIrqEnable
 .text          0x000000000010a51e      0x2a2 binaries/ethhandler.o
                0x000000000010a6c8                ethhandler
 .text          0x000000000010a7c0      0x13a binaries/ethinit.o
                0x000000000010a7c0                ethinit
 .text          0x000000000010a8fa      0x222 binaries/ethread.o
                0x000000000010a977                ethread
 .text          0x000000000010ab1c      0x1cd binaries/ethwrite.o
                0x000000000010ab99                ethwrite
 .text          0x000000000010ace9       0xb3 binaries/rdsbufalloc.o
                0x000000000010ace9                rdsbufalloc
 .text          0x000000000010ad9c       0xca binaries/rdsclose.o
                0x000000000010ad9c                rdsclose
 .text          0x000000000010ae66      0x2f5 binaries/rdscomm.o
                0x000000000010ae66                rdscomm
 .text          0x000000000010b15b      0x234 binaries/rdscontrol.o
                0x000000000010b15b                rdscontrol
 .text          0x000000000010b38f      0x1fa binaries/rdsinit.o
                0x000000000010b38f                rdsinit
 .text          0x000000000010b589      0x19e binaries/rdsopen.o
                0x000000000010b589                rdsopen
 .text          0x000000000010b727      0x477 binaries/rdsprocess.o
                0x000000000010b727                rdsprocess
 .text          0x000000000010bb9e      0x25c binaries/rdsread.o
                0x000000000010bb9e                rdsread
 .text          0x000000000010bdfa      0x1fc binaries/rdswrite.o
                0x000000000010bdfa                rdswrite
 .text          0x000000000010bff6       0x18 binaries/ramclose.o
                0x000000000010bff6                ramclose
 .text          0x000000000010c00e       0x5c binaries/raminit.o
                0x000000000010c00e                raminit
 .text          0x000000000010c06a       0x18 binaries/ramopen.o
                0x000000000010c06a                ramopen
 .text          0x000000000010c082       0x4b binaries/ramread.o
                0x000000000010c082                ramread
 .text          0x000000000010c0cd       0x4b binaries/ramwrite.o
                0x000000000010c0cd                ramwrite
 .text          0x000000000010c118       0xc8 binaries/lfdballoc.o
                0x000000000010c118                lfdballoc
 .text          0x000000000010c1e0       0x70 binaries/lfdbfree.o
                0x000000000010c1e0                lfdbfree
 .text          0x000000000010c250       0xe8 binaries/lfflush.o
                0x000000000010c250                lfflush
 .text          0x000000000010c338       0xee binaries/lfgetmode.o
                0x000000000010c338                lfgetmode
 .text          0x000000000010c426       0x96 binaries/lfiballoc.o
                0x000000000010c426                lfiballoc
 .text          0x000000000010c4bc       0x4a binaries/lfibclear.o
                0x000000000010c4bc                lfibclear
 .text          0x000000000010c506       0xc8 binaries/lfibget.o
                0x000000000010c506                lfibget
 .text          0x000000000010c5ce       0xf7 binaries/lfibput.o
                0x000000000010c5ce                lfibput
 .text          0x000000000010c6c5       0xc3 binaries/lflclose.o
                0x000000000010c6c5                lflclose
 .text          0x000000000010c788       0xf2 binaries/lflcontrol.o
                0x000000000010c788                lflcontrol
 .text          0x000000000010c87a      0x10a binaries/lflgetc.o
                0x000000000010c87a                lflgetc
 .text          0x000000000010c984      0x106 binaries/lflinit.o
                0x000000000010c984                lflinit
 .text          0x000000000010ca8a      0x140 binaries/lflputc.o
                0x000000000010ca8a                lflputc
 .text          0x000000000010cbca       0x84 binaries/lflread.o
                0x000000000010cbca                lflread
 .text          0x000000000010cc4e       0xc3 binaries/lflseek.o
                0x000000000010cc4e                lflseek
 .text          0x000000000010cd11       0x6a binaries/lflwrite.o
                0x000000000010cd11                lflwrite
 .text          0x000000000010cd7b       0x70 binaries/lfscheck.o
                0x000000000010cd7b                lfscheck
 .text          0x000000000010cdeb      0x19a binaries/lfsckfmt.o
                0x000000000010cdeb                lfsckfmt
 .text          0x000000000010cf85      0x1f6 binaries/lfscreate.o
                0x000000000010cf85                lfscreate
 .text          0x000000000010d17b      0x2a9 binaries/lfsetup.o
                0x000000000010d17b                lfsetup
 .text          0x000000000010d424       0x84 binaries/lfsinit.o
                0x000000000010d424                lfsinit
 .text          0x000000000010d4a8      0x42d binaries/lfsopen.o
                0x000000000010d4a8                lfsopen
 .text          0x000000000010d8d5      0x191 binaries/lftruncate.o
                0x000000000010d8d5                lftruncate
 .text          0x000000000010da66       0x93 binaries/rflclose.o
                0x000000000010da66                rflclose
 .text          0x000000000010daf9       0x47 binaries/rflgetc.o
                0x000000000010daf9                rflgetc
 .text          0x000000000010db40       0x8b binaries/rflinit.o
                0x000000000010db40                rflinit
 .text          0x000000000010dbcb       0x47 binaries/rflputc.o
                0x000000000010dbcb                rflputc
 .text          0x000000000010dc12      0x399 binaries/rflread.o
                0x000000000010dc12                rflread
 .text          0x000000000010dfab       0x96 binaries/rflseek.o
                0x000000000010dfab                rflseek
 .text          0x000000000010e041      0x386 binaries/rflwrite.o
                0x000000000010e041                rflwrite
 .text          0x000000000010e3c7      0x218 binaries/rfscomm.o
                0x000000000010e3c7                rfscomm
 .text          0x000000000010e5df      0x2b6 binaries/rfscontrol.o
                0x000000000010e5df                rfscontrol
 .text          0x000000000010e895       0xee binaries/rfsgetmode.o
                0x000000000010e895                rfsgetmode
 .text          0x000000000010e983       0xb7 binaries/rfsinit.o
                0x000000000010e983                rfsinit
 .text          0x000000000010ea3a      0x11f binaries/rfsndmsg.o
                0x000000000010ea3a                rfsndmsg
 .text          0x000000000010eb59      0x2e7 binaries/rfsopen.o
                0x000000000010eb59                rfsopen
 .text          0x000000000010ee40       0x18 binaries/vgaclose.o
                0x000000000010ee40                vgaclose
 .text          0x000000000010ee58       0x92 binaries/vgainit.o
                0x000000000010ee58                vgainit
 .text          0x000000000010eeea       0x18 binaries/vgaopen.o
                0x000000000010eeea                vgaopen
 .text          0x000000000010ef02       0x18 binaries/vgaread.o
                0x000000000010ef02                vgaread
 .text          0x000000000010ef1a       0x24 binaries/vgaseek.o
                0x000000000010ef1a                vgaseek
 .text          0x000000000010ef3e       0x31 binaries/vgawrite.o
                0x000000000010ef3e                vgawrite
 .text          0x000000000010ef6f       0x18 binaries/miceclose.o
                0x000000000010ef6f                miceclose
 .text          0x000000000010ef87      0x1bb binaries/micehandler.o
                0x000000000010ef87                micehandler
 .text          0x000000000010f142      0x11a binaries/miceinit.o
                0x000000000010f142                miceinit
 .text          0x000000000010f25c       0x18 binaries/miceopen.o
                0x000000000010f25c                miceopen
 .text          0x000000000010f274       0x38 binaries/miceread.o
                0x000000000010f274                miceread
 .text          0x000000000010f2ac      0x110 binaries/miceutils.o
                0x000000000010f2ac                mouse_wait
                0x000000000010f327                mouse_write
                0x000000000010f387                mouse_read
 .text          0x000000000010f3bc       0x18 binaries/micewrite.o
                0x000000000010f3bc                micewrite
 .text          0x000000000010f3d4       0x18 binaries/kbdclose.o
                0x000000000010f3d4                kbdclose
 .text          0x000000000010f3ec       0xc7 binaries/kbdhandler.o
                0x000000000010f3ec                get_scancode
                0x000000000010f41c                kbdhandler
 .text          0x000000000010f4b3      0x18d binaries/kbdinit.o
                0x000000000010f4b3                keyboard_wait
                0x000000000010f52e                kbdinit
 .text          0x000000000010f640       0x18 binaries/kbdopen.o
                0x000000000010f640                kbdopen
 .text          0x000000000010f658       0x38 binaries/kbdread.o
                0x000000000010f658                kbdread
 .text          0x000000000010f690       0x18 binaries/kbdwrite.o
                0x000000000010f690                kbdwrite
 .text          0x000000000010f6a8      0x906 binaries/arp.o
                0x000000000010f6a8                arp_init
                0x000000000010f6f4                arp_resolve
                0x000000000010f9e8                arp_in
                0x000000000010fcd0                arp_alloc
                0x000000000010fdb8                arp_ntoh
                0x000000000010feb3                arp_hton
 .text          0x000000000010ffae      0x99f binaries/dhcp.o
                0x000000000010ffae                dhcp_get_opt_val
                0x0000000000110018                dhcp_bld_bootp_msg
                0x0000000000110143                dhcp_bld_disc
                0x0000000000110236                dhcp_bld_req
                0x00000000001103b9                getlocalip
 .text          0x000000000011094d      0x5ec binaries/dns.o
                0x000000000011094d                dnslookup
 .text          0x0000000000110f39       0xf5 binaries/dot2ip.o
                0x0000000000110f39                dot2ip
 .text          0x000000000011102e      0x52f binaries/hexdump.o
                0x000000000011102e                hexdump
                0x0000000000111201                hexadump
 .text          0x000000000011155d      0x923 binaries/icmp.o
                0x000000000011155d                icmp_init
                0x000000000011159b                icmp_in
                0x0000000000111774                icmp_register
                0x0000000000111875                icmp_recv
                0x0000000000111a10                icmp_send
                0x0000000000111a9d                icmp_mkpkt
                0x0000000000111bda                icmp_release
                0x0000000000111ce4                icmp_cksum
                0x0000000000111d7a                icmp_hton
                0x0000000000111dfd                icmp_ntoh
 .text          0x0000000000111e80      0x97b binaries/ip.o
                0x0000000000111e80                ip_in
                0x0000000000112029                ip_send
                0x00000000001121af                ip_local
                0x0000000000112212                ip_out
                0x0000000000112353                ipcksum
                0x00000000001123df                ip_ntoh
                0x00000000001124da                ip_hton
                0x00000000001125d5                ipout
                0x0000000000112730                ip_enqueue
 .text          0x00000000001127fb      0x325 binaries/net.o
                0x00000000001127fb                net_init
                0x000000000011295b                netin
                0x0000000000112a30                eth_hton
                0x0000000000112a69                eth_ntoh
                0x0000000000112aa2                getport
 .text          0x0000000000112b20     0x1444 binaries/pdump.o
                0x0000000000112b20                pdump
                0x00000000001138b3                pdumph
 .text          0x0000000000113f64      0x627 binaries/tftp.o
                0x0000000000113f64                tftp_send1
                0x00000000001140dd                tftpget
                0x0000000000114119                tftpget_mb
 .text          0x000000000011458b      0xc29 binaries/udp.o
                0x000000000011458b                udp_init
                0x00000000001145c9                udp_in
                0x000000000011471c                udp_register
                0x0000000000114866                udp_recv
                0x0000000000114a12                udp_recvaddr
                0x0000000000114bd6                udp_send
                0x0000000000114dda                udp_sendto
                0x0000000000114fa5                udp_release
                0x00000000001150ae                udp_ntoh
                0x0000000000115131                udp_hton
 .text          0x00000000001151b4      0x14d binaries/addargs.o
                0x00000000001151b4                addargs
 .text          0x0000000000115301      0x376 binaries/ahorcado.o
                0x0000000000115301                ahorcado
                0x0000000000115338                solicitarPalabra
                0x000000000011545b                letraAcertada
                0x00000000001154bb                insertarLetra
                0x0000000000115515                verificarPalabra
                0x0000000000115579                jugar
 .text          0x0000000000115677        0x0 binaries/cmdtab.o
 .text          0x0000000000115677      0x116 binaries/ejer5.o
                0x0000000000115677                ejer5
                0x000000000011573f                sndA
                0x0000000000115766                sndB
 .text          0x000000000011578d       0xac binaries/ejer6.o
                0x000000000011578d                ejer6
                0x0000000000115809                sndch
 .text          0x0000000000115839      0x2fb binaries/lexan.o
                0x0000000000115839                lexan
 .text          0x0000000000115b34       0x2f binaries/mi_programa.o
                0x0000000000115b34                mi_programa
 .text          0x0000000000115b63      0x177 binaries/mouse.o
                0x0000000000115b63                mouse_p
 .text          0x0000000000115cda      0x70b binaries/shell.o
                0x0000000000115cda                shell
 .text          0x00000000001163e5       0x83 binaries/xsh_argecho.o
                0x00000000001163e5                xsh_argecho
 .text          0x0000000000116468      0x2ce binaries/xsh_arp.o
                0x0000000000116468                xsh_arp
 .text          0x0000000000116736      0x287 binaries/xsh_cat.o
                0x0000000000116736                xsh_cat
 .text          0x00000000001169bd       0x77 binaries/xsh_clear.o
                0x00000000001169bd                xsh_clear
 .text          0x0000000000116a34      0x332 binaries/xsh_date.o
                0x0000000000116a34                xsh_date
 .text          0x0000000000116d66       0xc2 binaries/xsh_devdump.o
                0x0000000000116d66                xsh_devdump
 .text          0x0000000000116e28       0x8c binaries/xsh_echo.o
                0x0000000000116e28                xsh_echo
 .text          0x0000000000116eb4       0x18 binaries/xsh_exit.o
                0x0000000000116eb4                xsh_exit
 .text          0x0000000000116ecc      0x3e1 binaries/xsh_help.o
                0x0000000000116ecc                xsh_help
 .text          0x00000000001172ad      0x267 binaries/xsh_kill.o
                0x00000000001172ad                xsh_kill
 .text          0x0000000000117514      0x594 binaries/xsh_memdump.o
                0x0000000000117514                xsh_memdump
 .text          0x0000000000117aa8      0x308 binaries/xsh_memstat.o
                0x0000000000117aa8                xsh_memstat
 .text          0x0000000000117db0      0x587 binaries/xsh_netinfo.o
                0x0000000000117db0                xsh_netinfo
 .text          0x0000000000118337      0x4a8 binaries/xsh_ping.o
                0x0000000000118337                xsh_ping
 .text          0x00000000001187df      0x29d binaries/xsh_ps.o
                0x00000000001187df                xsh_ps
 .text          0x0000000000118a7c      0x245 binaries/xsh_sleep.o
                0x0000000000118a7c                xsh_sleep
 .text          0x0000000000118cc1      0x2c2 binaries/xsh_udpdump.o
                0x0000000000118cc1                xsh_udpdump
 .text          0x0000000000118f83      0x53e binaries/xsh_udpecho.o
                0x0000000000118f83                xsh_udpecho
 .text          0x00000000001194c1      0x2c4 binaries/xsh_udpserver.o
                0x00000000001194c1                xsh_udpeserver
 .text          0x0000000000119785      0x223 binaries/xsh_uptime.o
                0x0000000000119785                xsh_uptime
 .text          0x00000000001199a8        0xe binaries/clkdisp.o
                0x00000000001199a8                clkdisp
 .text          0x00000000001199b6       0x19 binaries/ctxsw.o
                0x00000000001199b6                ctxsw
 .text          0x00000000001199cf      0x368 binaries/intr.o
                0x00000000001199cf                disable
                0x00000000001199d8                restore
                0x00000000001199e6                enable
                0x00000000001199e8                pause
                0x00000000001199ef                halt
                0x00000000001199f2                spurious_irq7
                0x00000000001199f7                spurious_irq15
                0x0000000000119a06                _Xint0
                0x0000000000119a11                _Xint1
                0x0000000000119a1c                _Xint2
                0x0000000000119a27                _Xint3
                0x0000000000119a32                _Xint4
                0x0000000000119a3d                _Xint5
                0x0000000000119a48                _Xint6
                0x0000000000119a53                _Xint7
                0x0000000000119a5e                _Xint8
                0x0000000000119a69                _Xint9
                0x0000000000119a74                _Xint10
                0x0000000000119a7f                _Xint11
                0x0000000000119a8d                _Xint12
                0x0000000000119a9b                _Xint13
                0x0000000000119aa9                _Xint14
                0x0000000000119ab7                _Xint15
                0x0000000000119ac5                _Xint16
                0x0000000000119ad3                _Xint17
                0x0000000000119ae1                _Xint18
                0x0000000000119aef                _Xint19
                0x0000000000119afd                _Xint20
                0x0000000000119b0b                _Xint21
                0x0000000000119b19                _Xint22
                0x0000000000119b27                _Xint23
                0x0000000000119b35                _Xint24
                0x0000000000119b43                _Xint25
                0x0000000000119b51                _Xint26
                0x0000000000119b5f                _Xint27
                0x0000000000119b6d                _Xint28
                0x0000000000119b7b                _Xint29
                0x0000000000119b89                _Xint30
                0x0000000000119b97                _Xint31
                0x0000000000119ba5                _Xint32
                0x0000000000119bb3                _Xint33
                0x0000000000119bc1                _Xint34
                0x0000000000119bcf                _Xint35
                0x0000000000119bdd                _Xint36
                0x0000000000119beb                _Xint37
                0x0000000000119bf9                _Xint38
                0x0000000000119c07                _Xint39
                0x0000000000119c15                _Xint40
                0x0000000000119c23                _Xint41
                0x0000000000119c31                _Xint42
                0x0000000000119c3f                _Xint43
                0x0000000000119c4d                _Xint44
                0x0000000000119c5b                _Xint45
                0x0000000000119c69                _Xint46
                0x0000000000119c77                defevec
 .text          0x0000000000119d37        0xf binaries/ttydispatch.o
                0x0000000000119d37                ttydispatch
 .text          0x0000000000119d46       0x13 binaries/ethdispatch.o
                0x0000000000119d46                ethdispatch
 .text          0x0000000000119d59        0xf binaries/micedispatch.o
                0x0000000000119d59                micehandlerirq
 .text          0x0000000000119d68        0xf binaries/kbddispatch.o
                0x0000000000119d68                kbdhandlerirq
 *(.rodata .rodata.*)
 *fill*         0x0000000000119d77        0x1 
 .rodata        0x0000000000119d78       0x8e binaries/ascdate.o
 .rodata        0x0000000000119e06       0xc1 binaries/conf.o
 *fill*         0x0000000000119ec7        0x1 
 .rodata        0x0000000000119ec8      0x22f binaries/evec.o
 *fill*         0x000000000011a0f7        0x1 
 .rodata        0x000000000011a0f8       0x61 binaries/getutime.o
 *fill*         0x000000000011a159        0x3 
 .rodata        0x000000000011a15c       0x90 binaries/i386.o
 .rodata        0x000000000011a1ec      0x16b binaries/initialize.o
 *fill*         0x000000000011a357        0x1 
 .rodata        0x000000000011a358       0x20 binaries/kill.o
 .rodata        0x000000000011a378       0x72 binaries/main.o
 .rodata        0x000000000011a3ea        0xf binaries/panic.o
 *fill*         0x000000000011a3f9        0x3 
 .rodata        0x000000000011a3fc      0x1ec binaries/pci.o
 .rodata        0x000000000011a5e8       0x1d binaries/ptinit.o
 *fill*         0x000000000011a605        0x3 
 .rodata        0x000000000011a608       0x25 binaries/ptsend.o
 *fill*         0x000000000011a62d        0x3 
 .rodata        0x000000000011a630       0xb7 binaries/stacktrace.o
 *fill*         0x000000000011a6e7        0x1 
 .rodata        0x000000000011a6e8       0x27 binaries/xdone.o
 *fill*         0x000000000011a70f       0x11 
 .rodata        0x000000000011a720       0x81 binaries/ctype_.o
                0x000000000011a720                _ctype_
 *fill*         0x000000000011a7a1        0x3 
 .rodata        0x000000000011a7a4       0xee binaries/doprnt.o
 *fill*         0x000000000011a892        0x2 
 .rodata        0x000000000011a894       0xae binaries/fdoprnt.o
 *fill*         0x000000000011a942       0x1e 
 .rodata        0x000000000011a960      0x500 binaries/text_on_vga.o
 .rodata        0x000000000011ae60       0x20 binaries/ttycontrol.o
 .rodata        0x000000000011ae80       0x34 binaries/ttyhandler.o
 .rodata        0x000000000011aeb4       0x80 binaries/naminit.o
 .rodata        0x000000000011af34       0x50 binaries/82545EMInit.o
 .rodata        0x000000000011af84       0x78 binaries/ethinit.o
 .rodata        0x000000000011affc       0x18 binaries/ethread.o
 .rodata        0x000000000011b014       0x2c binaries/rdsbufalloc.o
 .rodata        0x000000000011b040       0x76 binaries/rdscomm.o
 *fill*         0x000000000011b0b6        0x2 
 .rodata        0x000000000011b0b8       0x48 binaries/rdscontrol.o
 .rodata        0x000000000011b100       0x96 binaries/rdsinit.o
 *fill*         0x000000000011b196        0x2 
 .rodata        0x000000000011b198       0x22 binaries/rdsopen.o
 *fill*         0x000000000011b1ba        0x2 
 .rodata        0x000000000011b1bc       0x4d binaries/rdsprocess.o
 .rodata        0x000000000011b209        0x9 binaries/raminit.o
 *fill*         0x000000000011b212        0x2 
 .rodata        0x000000000011b214       0x37 binaries/lfdballoc.o
 .rodata        0x000000000011b24b       0x14 binaries/lfiballoc.o
 *fill*         0x000000000011b25f        0x1 
 .rodata        0x000000000011b260       0x23 binaries/lflcontrol.o
 *fill*         0x000000000011b283        0x1 
 .rodata        0x000000000011b284      0x11b binaries/lfsckfmt.o
 *fill*         0x000000000011b39f        0x1 
 .rodata        0x000000000011b3a0       0x2a binaries/lfsopen.o
 *fill*         0x000000000011b3ca        0x2 
 .rodata        0x000000000011b3cc       0x21 binaries/rflread.o
 *fill*         0x000000000011b3ed        0x3 
 .rodata        0x000000000011b3f0       0x21 binaries/rflwrite.o
 *fill*         0x000000000011b411        0x3 
 .rodata        0x000000000011b414       0x75 binaries/rfscomm.o
 *fill*         0x000000000011b489        0x3 
 .rodata        0x000000000011b48c       0x3c binaries/rfscontrol.o
 .rodata        0x000000000011b4c8       0x63 binaries/rfsinit.o
 *fill*         0x000000000011b52b        0x1 
 .rodata        0x000000000011b52c       0x2a binaries/rfsndmsg.o
 *fill*         0x000000000011b556        0x2 
 .rodata        0x000000000011b558       0x22 binaries/rfsopen.o
 .rodata        0x000000000011b57a        0x8 binaries/micehandler.o
 .rodata        0x000000000011b582        0xf binaries/kbdhandler.o
 *fill*         0x000000000011b591        0x3 
 .rodata        0x000000000011b594       0x3a binaries/arp.o
 *fill*         0x000000000011b5ce        0x2 
 .rodata        0x000000000011b5d0       0xcf binaries/dhcp.o
 .rodata        0x000000000011b69f       0x1a binaries/dns.o
 *fill*         0x000000000011b6b9        0x3 
 .rodata        0x000000000011b6bc       0xc9 binaries/hexdump.o
 *fill*         0x000000000011b785        0x3 
 .rodata        0x000000000011b788       0x29 binaries/icmp.o
 *fill*         0x000000000011b7b1        0x3 
 .rodata        0x000000000011b7b4       0x6e binaries/ip.o
 *fill*         0x000000000011b822        0x2 
 .rodata        0x000000000011b824       0x4f binaries/net.o
 *fill*         0x000000000011b873        0x1 
 .rodata        0x000000000011b874      0x26f binaries/pdump.o
 *fill*         0x000000000011bae3        0x1 
 .rodata        0x000000000011bae4      0x154 binaries/tftp.o
 .rodata        0x000000000011bc38       0xbd binaries/ahorcado.o
                0x000000000011bc38                MAX_LENGHT
 .rodata        0x000000000011bcf5       0x9b binaries/cmdtab.o
 .rodata        0x000000000011bd90       0x1d binaries/ejer5.o
 .rodata        0x000000000011bdad        0xe binaries/ejer6.o
 .rodata        0x000000000011bdbb        0xe binaries/mi_programa.o
 *fill*         0x000000000011bdc9        0x3 
 .rodata        0x000000000011bdcc       0x86 binaries/mouse.o
 *fill*         0x000000000011be52        0x2 
 .rodata        0x000000000011be54      0x271 binaries/shell.o
 .rodata        0x000000000011c0c5       0x28 binaries/xsh_argecho.o
 *fill*         0x000000000011c0ed        0x3 
 .rodata        0x000000000011c0f0      0x123 binaries/xsh_arp.o
 *fill*         0x000000000011c213        0x1 
 .rodata        0x000000000011c214       0xc9 binaries/xsh_cat.o
 .rodata        0x000000000011c2dd       0x19 binaries/xsh_clear.o
 *fill*         0x000000000011c2f6        0x2 
 .rodata        0x000000000011c2f8      0x1c3 binaries/xsh_date.o
 .rodata        0x000000000011c4bb       0x5d binaries/xsh_devdump.o
 .rodata        0x000000000011c518        0x9 binaries/xsh_echo.o
 *fill*         0x000000000011c521        0x3 
 .rodata        0x000000000011c524      0x169 binaries/xsh_help.o
 *fill*         0x000000000011c68d        0x3 
 .rodata        0x000000000011c690      0x12e binaries/xsh_kill.o
 *fill*         0x000000000011c7be        0x2 
 .rodata        0x000000000011c7c0      0x266 binaries/xsh_memdump.o
 *fill*         0x000000000011ca26        0x2 
 .rodata        0x000000000011ca28      0x225 binaries/xsh_memstat.o
 *fill*         0x000000000011cc4d        0x3 
 .rodata        0x000000000011cc50      0x1b0 binaries/xsh_netinfo.o
 .rodata        0x000000000011ce00      0x1a1 binaries/xsh_ping.o
 *fill*         0x000000000011cfa1        0x3 
 .rodata        0x000000000011cfa4      0x1a8 binaries/xsh_ps.o
 .rodata        0x000000000011d14c       0xeb binaries/xsh_sleep.o
 *fill*         0x000000000011d237        0x1 
 .rodata        0x000000000011d238      0x1b8 binaries/xsh_udpdump.o
 .rodata        0x000000000011d3f0      0x23b binaries/xsh_udpecho.o
 *fill*         0x000000000011d62b        0x1 
 .rodata        0x000000000011d62c      0x12b binaries/xsh_udpserver.o
 *fill*         0x000000000011d757        0x1 
 .rodata        0x000000000011d758      0x105 binaries/xsh_uptime.o
                0x000000000011d85d                etext = ABSOLUTE (.)
                0x000000000011e000                . = ALIGN (0x1000)
 *fill*         0x000000000011d85d      0x7a3 

.eh_frame       0x000000000011e000     0x3618
 .eh_frame      0x000000000011e000       0x50 binaries/ascdate.o
 .eh_frame      0x000000000011e050       0x34 binaries/bufinit.o
                                         0x4c (size before relaxing)
 .eh_frame      0x000000000011e084       0x38 binaries/chprio.o
                                         0x50 (size before relaxing)
 .eh_frame      0x000000000011e0bc       0x24 binaries/clkhandler.o
                                         0x50 (size before relaxing)
 .eh_frame      0x000000000011e0e0       0x24 binaries/clkinit.o
                                         0x50 (size before relaxing)
 .eh_frame      0x000000000011e104       0x24 binaries/close.o
                                         0x50 (size before relaxing)
 .eh_frame      0x000000000011e128       0x24 binaries/control.o
                                         0x50 (size before relaxing)
 .eh_frame      0x000000000011e14c       0x48 binaries/create.o
                                         0x88 (size before relaxing)
 .eh_frame      0x000000000011e194       0x6c binaries/evec.o
                                         0xac (size before relaxing)
 .eh_frame      0x000000000011e200       0x24 binaries/exit.o
                                         0x50 (size before relaxing)
 .eh_frame      0x000000000011e224       0x24 binaries/freebuf.o
                                         0x50 (size before relaxing)
 .eh_frame      0x000000000011e248       0x24 binaries/freemem.o
                                         0x50 (size before relaxing)
 .eh_frame      0x000000000011e26c       0x24 binaries/getbuf.o
                                         0x50 (size before relaxing)
 .eh_frame      0x000000000011e290       0x24 binaries/getc.o
                                         0x50 (size before relaxing)
 .eh_frame      0x000000000011e2b4       0x24 binaries/getdev.o
                                         0x50 (size before relaxing)
 .eh_frame      0x000000000011e2d8       0x64 binaries/getitem.o
                                         0x90 (size before relaxing)
 .eh_frame      0x000000000011e33c       0x24 binaries/getmem.o
                                         0x50 (size before relaxing)
 .eh_frame      0x000000000011e360       0x20 binaries/getpid.o
                                         0x4c (size before relaxing)
 .eh_frame      0x000000000011e380       0x24 binaries/getprio.o
                                         0x50 (size before relaxing)
 .eh_frame      0x000000000011e3a4       0x24 binaries/getstk.o
                                         0x50 (size before relaxing)
 .eh_frame      0x000000000011e3c8       0x20 binaries/getticks.o
                                         0x4c (size before relaxing)
 .eh_frame      0x000000000011e3e8       0x24 binaries/gettime.o
                                         0x50 (size before relaxing)
 .eh_frame      0x000000000011e40c       0x24 binaries/getutime.o
                                         0x50 (size before relaxing)
 .eh_frame      0x000000000011e430       0x9c binaries/i386.o
                                         0xc8 (size before relaxing)
 .eh_frame      0x000000000011e4cc       0x24 binaries/init.o
                                         0x50 (size before relaxing)
 .eh_frame      0x000000000011e4f0       0xa4 binaries/initialize.o
                                         0xe4 (size before relaxing)
 .eh_frame      0x000000000011e594       0x24 binaries/insert.o
                                         0x50 (size before relaxing)
 .eh_frame      0x000000000011e5b8       0x28 binaries/insertd.o
                                         0x54 (size before relaxing)
 .eh_frame      0x000000000011e5e0       0x20 binaries/ioerr.o
                                         0x4c (size before relaxing)
 .eh_frame      0x000000000011e600       0x20 binaries/ionull.o
                                         0x4c (size before relaxing)
 .eh_frame      0x000000000011e620       0x2c binaries/kill.o
                                         0x58 (size before relaxing)
 .eh_frame      0x000000000011e64c       0x6c binaries/kprintf.o
                                         0xac (size before relaxing)
 .eh_frame      0x000000000011e6b8       0x28 binaries/main.o
                                         0x54 (size before relaxing)
 .eh_frame      0x000000000011e6e0       0x48 binaries/mark.o
                                         0x74 (size before relaxing)
 .eh_frame      0x000000000011e728       0x20 binaries/meminit.o
                                         0x4c (size before relaxing)
 .eh_frame      0x000000000011e748       0x24 binaries/mkbufpool.o
                                         0x50 (size before relaxing)
 .eh_frame      0x000000000011e76c       0x24 binaries/newqueue.o
                                         0x50 (size before relaxing)
 .eh_frame      0x000000000011e790       0x24 binaries/open.o
                                         0x50 (size before relaxing)
 .eh_frame      0x000000000011e7b4       0x1c binaries/panic.o
                                         0x48 (size before relaxing)
 .eh_frame      0x000000000011e7d0      0x1ec binaries/pci.o
                                        0x22c (size before relaxing)
 .eh_frame      0x000000000011e9bc       0x24 binaries/ptclear.o
                                         0x50 (size before relaxing)
 .eh_frame      0x000000000011e9e0       0x24 binaries/ptcount.o
                                         0x50 (size before relaxing)
 .eh_frame      0x000000000011ea04       0x24 binaries/ptcreate.o
                                         0x50 (size before relaxing)
 .eh_frame      0x000000000011ea28       0x24 binaries/ptdelete.o
                                         0x50 (size before relaxing)
 .eh_frame      0x000000000011ea4c       0x24 binaries/ptinit.o
                                         0x50 (size before relaxing)
 .eh_frame      0x000000000011ea70       0x24 binaries/ptrecv.o
                                         0x50 (size before relaxing)
 .eh_frame      0x000000000011ea94       0x24 binaries/ptreset.o
                                         0x50 (size before relaxing)
 .eh_frame      0x000000000011eab8       0x24 binaries/ptsend.o
                                         0x50 (size before relaxing)
 .eh_frame      0x000000000011eadc       0x24 binaries/putc.o
                                         0x50 (size before relaxing)
 .eh_frame      0x000000000011eb00       0x48 binaries/queue.o
                                         0x88 (size before relaxing)
 .eh_frame      0x000000000011eb48       0x24 binaries/read.o
                                         0x50 (size before relaxing)
 .eh_frame      0x000000000011eb6c       0x28 binaries/ready.o
                                         0x54 (size before relaxing)
 .eh_frame      0x000000000011eb94       0x24 binaries/receive.o
                                         0x50 (size before relaxing)
 .eh_frame      0x000000000011ebb8       0x24 binaries/recvclr.o
                                         0x50 (size before relaxing)
 .eh_frame      0x000000000011ebdc       0x24 binaries/recvtime.o
                                         0x50 (size before relaxing)
 .eh_frame      0x000000000011ec00       0x48 binaries/resched.o
                                         0x88 (size before relaxing)
 .eh_frame      0x000000000011ec48       0x24 binaries/resume.o
                                         0x50 (size before relaxing)
 .eh_frame      0x000000000011ec6c       0x24 binaries/seek.o
                                         0x50 (size before relaxing)
 .eh_frame      0x000000000011ec90       0x24 binaries/semcount.o
                                         0x50 (size before relaxing)
 .eh_frame      0x000000000011ecb4       0x5c binaries/semcreate.o
                                         0x88 (size before relaxing)
 .eh_frame      0x000000000011ed10       0x24 binaries/semdelete.o
                                         0x50 (size before relaxing)
 .eh_frame      0x000000000011ed34       0x24 binaries/semreset.o
                                         0x50 (size before relaxing)
 .eh_frame      0x000000000011ed58       0x24 binaries/send.o
                                         0x50 (size before relaxing)
 .eh_frame      0x000000000011ed7c       0x24 binaries/signal.o
                                         0x50 (size before relaxing)
 .eh_frame      0x000000000011eda0       0x24 binaries/signaln.o
                                         0x50 (size before relaxing)
 .eh_frame      0x000000000011edc4       0x44 binaries/sleep.o
                                         0x84 (size before relaxing)
 .eh_frame      0x000000000011ee08       0x24 binaries/stacktrace.o
                                         0x50 (size before relaxing)
 .eh_frame      0x000000000011ee2c       0x24 binaries/suspend.o
                                         0x50 (size before relaxing)
 .eh_frame      0x000000000011ee50       0x24 binaries/unsleep.o
                                         0x50 (size before relaxing)
 .eh_frame      0x000000000011ee74       0x24 binaries/userret.o
                                         0x50 (size before relaxing)
 .eh_frame      0x000000000011ee98       0x24 binaries/wait.o
                                         0x50 (size before relaxing)
 .eh_frame      0x000000000011eebc       0x24 binaries/wakeup.o
                                         0x50 (size before relaxing)
 .eh_frame      0x000000000011eee0       0x24 binaries/write.o
                                         0x50 (size before relaxing)
 .eh_frame      0x000000000011ef04       0x24 binaries/xdone.o
                                         0x50 (size before relaxing)
 .eh_frame      0x000000000011ef28       0x24 binaries/yield.o
                                         0x50 (size before relaxing)
 .eh_frame      0x000000000011ef4c       0x20 binaries/abs.o
                                         0x4c (size before relaxing)
 .eh_frame      0x000000000011ef6c       0x20 binaries/atoi.o
                                         0x4c (size before relaxing)
 .eh_frame      0x000000000011ef8c       0x20 binaries/atol.o
                                         0x4c (size before relaxing)
 .eh_frame      0x000000000011efac       0x20 binaries/bzero.o
                                         0x4c (size before relaxing)
 .eh_frame      0x000000000011efcc       0xec binaries/doprnt.o
                                        0x140 (size before relaxing)
 .eh_frame      0x000000000011f0b8       0xc8 binaries/doscan.o
                                         0xf4 (size before relaxing)
 .eh_frame      0x000000000011f180       0xcc binaries/fdoprnt.o
                                        0x10c (size before relaxing)
 .eh_frame      0x000000000011f24c       0x24 binaries/fgetc.o
                                         0x50 (size before relaxing)
 .eh_frame      0x000000000011f270       0x24 binaries/fgets.o
                                         0x50 (size before relaxing)
 .eh_frame      0x000000000011f294       0x24 binaries/fprintf.o
                                         0x50 (size before relaxing)
 .eh_frame      0x000000000011f2b8       0x24 binaries/fputc.o
                                         0x50 (size before relaxing)
 .eh_frame      0x000000000011f2dc       0x24 binaries/fputs.o
                                         0x50 (size before relaxing)
 .eh_frame      0x000000000011f300       0x68 binaries/fscanf.o
                                         0x94 (size before relaxing)
 .eh_frame      0x000000000011f368       0x24 binaries/getchar.o
                                         0x50 (size before relaxing)
 .eh_frame      0x000000000011f38c       0x20 binaries/labs.o
                                         0x4c (size before relaxing)
 .eh_frame      0x000000000011f3ac       0x20 binaries/memcmp.o
                                         0x4c (size before relaxing)
 .eh_frame      0x000000000011f3cc       0x24 binaries/memcpy.o
                                         0x50 (size before relaxing)
 .eh_frame      0x000000000011f3f0       0x24 binaries/memset.o
                                         0x50 (size before relaxing)
 .eh_frame      0x000000000011f414       0x24 binaries/printf.o
                                         0x50 (size before relaxing)
 .eh_frame      0x000000000011f438       0x24 binaries/putchar.o
                                         0x50 (size before relaxing)
 .eh_frame      0x000000000011f45c       0xa4 binaries/qsort.o
                                         0xd0 (size before relaxing)
 .eh_frame      0x000000000011f500       0x60 binaries/rand.o
                                         0x8c (size before relaxing)
 .eh_frame      0x000000000011f560       0x44 binaries/sprintf.o
                                         0x70 (size before relaxing)
 .eh_frame      0x000000000011f5a4       0x64 binaries/sscanf.o
                                         0x90 (size before relaxing)
 .eh_frame      0x000000000011f608       0x20 binaries/strchr.o
                                         0x4c (size before relaxing)
 .eh_frame      0x000000000011f628       0x20 binaries/strcmp.o
                                         0x4c (size before relaxing)
 .eh_frame      0x000000000011f648       0x20 binaries/strcpy.o
                                         0x4c (size before relaxing)
 .eh_frame      0x000000000011f668       0x20 binaries/strlen.o
                                         0x4c (size before relaxing)
 .eh_frame      0x000000000011f688       0x20 binaries/strncat.o
                                         0x4c (size before relaxing)
 .eh_frame      0x000000000011f6a8       0x20 binaries/strncmp.o
                                         0x4c (size before relaxing)
 .eh_frame      0x000000000011f6c8       0x28 binaries/strncpy.o
                                         0x54 (size before relaxing)
 .eh_frame      0x000000000011f6f0       0x20 binaries/strnlen.o
                                         0x4c (size before relaxing)
 .eh_frame      0x000000000011f710       0x20 binaries/strrchr.o
                                         0x4c (size before relaxing)
 .eh_frame      0x000000000011f730       0x20 binaries/strstr.o
                                         0x4c (size before relaxing)
 .eh_frame      0x000000000011f750       0x88 binaries/text_on_vga.o
                                         0xc8 (size before relaxing)
 .eh_frame      0x000000000011f7d8       0x84 binaries/vga.o
                                         0xd8 (size before relaxing)
 .eh_frame      0x000000000011f85c       0x24 binaries/ttycontrol.o
                                         0x50 (size before relaxing)
 .eh_frame      0x000000000011f880       0x24 binaries/ttygetc.o
                                         0x50 (size before relaxing)
 .eh_frame      0x000000000011f8a4       0x88 binaries/ttyhandle_in.o
                                         0xdc (size before relaxing)
 .eh_frame      0x000000000011f92c       0x24 binaries/ttyhandle_out.o
                                         0x50 (size before relaxing)
 .eh_frame      0x000000000011f950       0x24 binaries/ttyhandler.o
                                         0x50 (size before relaxing)
 .eh_frame      0x000000000011f974       0x24 binaries/ttyinit.o
                                         0x50 (size before relaxing)
 .eh_frame      0x000000000011f998       0x24 binaries/ttykickout.o
                                         0x50 (size before relaxing)
 .eh_frame      0x000000000011f9bc       0x24 binaries/ttyputc.o
                                         0x50 (size before relaxing)
 .eh_frame      0x000000000011f9e0       0x24 binaries/ttyread.o
                                         0x50 (size before relaxing)
 .eh_frame      0x000000000011fa04       0x24 binaries/ttywrite.o
                                         0x50 (size before relaxing)
 .eh_frame      0x000000000011fa28       0x44 binaries/mount.o
                                         0x84 (size before relaxing)
 .eh_frame      0x000000000011fa6c       0x24 binaries/naminit.o
                                         0x50 (size before relaxing)
 .eh_frame      0x000000000011fa90       0x68 binaries/nammap.o
                                         0xa8 (size before relaxing)
 .eh_frame      0x000000000011faf8       0x24 binaries/namopen.o
                                         0x50 (size before relaxing)
 .eh_frame      0x000000000011fb1c      0x15c binaries/82545EMInit.o
                                        0x19c (size before relaxing)
 .eh_frame      0x000000000011fc78       0xac binaries/ethcontrol.o
                                         0xec (size before relaxing)
 .eh_frame      0x000000000011fd24       0x90 binaries/ethhandler.o
                                         0xd0 (size before relaxing)
 .eh_frame      0x000000000011fdb4       0x24 binaries/ethinit.o
                                         0x50 (size before relaxing)
 .eh_frame      0x000000000011fdd8       0x6c binaries/ethread.o
                                         0x98 (size before relaxing)
 .eh_frame      0x000000000011fe44       0x6c binaries/ethwrite.o
                                         0x98 (size before relaxing)
 .eh_frame      0x000000000011feb0       0x24 binaries/rdsbufalloc.o
                                         0x50 (size before relaxing)
 .eh_frame      0x000000000011fed4       0x20 binaries/rdsclose.o
                                         0x4c (size before relaxing)
 .eh_frame      0x000000000011fef4       0x24 binaries/rdscomm.o
                                         0x50 (size before relaxing)
 .eh_frame      0x000000000011ff18       0x24 binaries/rdscontrol.o
                                         0x50 (size before relaxing)
 .eh_frame      0x000000000011ff3c       0x24 binaries/rdsinit.o
                                         0x50 (size before relaxing)
 .eh_frame      0x000000000011ff60       0x24 binaries/rdsopen.o
                                         0x50 (size before relaxing)
 .eh_frame      0x000000000011ff84       0x1c binaries/rdsprocess.o
                                         0x48 (size before relaxing)
 .eh_frame      0x000000000011ffa0       0x24 binaries/rdsread.o
                                         0x50 (size before relaxing)
 .eh_frame      0x000000000011ffc4       0x24 binaries/rdswrite.o
                                         0x50 (size before relaxing)
 .eh_frame      0x000000000011ffe8       0x20 binaries/ramclose.o
                                         0x4c (size before relaxing)
 .eh_frame      0x0000000000120008       0x24 binaries/raminit.o
                                         0x50 (size before relaxing)
 .eh_frame      0x000000000012002c       0x20 binaries/ramopen.o
                                         0x4c (size before relaxing)
 .eh_frame      0x000000000012004c       0x24 binaries/ramread.o
                                         0x50 (size before relaxing)
 .eh_frame      0x0000000000120070       0x24 binaries/ramwrite.o
                                         0x50 (size before relaxing)
 .eh_frame      0x0000000000120094       0x24 binaries/lfdballoc.o
                                         0x50 (size before relaxing)
 .eh_frame      0x00000000001200b8       0x24 binaries/lfdbfree.o
                                         0x50 (size before relaxing)
 .eh_frame      0x00000000001200dc       0x24 binaries/lfflush.o
                                         0x50 (size before relaxing)
 .eh_frame      0x0000000000120100       0x20 binaries/lfgetmode.o
                                         0x4c (size before relaxing)
 .eh_frame      0x0000000000120120       0x24 binaries/lfiballoc.o
                                         0x50 (size before relaxing)
 .eh_frame      0x0000000000120144       0x20 binaries/lfibclear.o
                                         0x4c (size before relaxing)
 .eh_frame      0x0000000000120164       0x24 binaries/lfibget.o
                                         0x50 (size before relaxing)
 .eh_frame      0x0000000000120188       0x24 binaries/lfibput.o
                                         0x50 (size before relaxing)
 .eh_frame      0x00000000001201ac       0x24 binaries/lflclose.o
                                         0x50 (size before relaxing)
 .eh_frame      0x00000000001201d0       0x24 binaries/lflcontrol.o
                                         0x50 (size before relaxing)
 .eh_frame      0x00000000001201f4       0x24 binaries/lflgetc.o
                                         0x50 (size before relaxing)
 .eh_frame      0x0000000000120218       0x24 binaries/lflinit.o
                                         0x50 (size before relaxing)
 .eh_frame      0x000000000012023c       0x24 binaries/lflputc.o
                                         0x50 (size before relaxing)
 .eh_frame      0x0000000000120260       0x24 binaries/lflread.o
                                         0x50 (size before relaxing)
 .eh_frame      0x0000000000120284       0x24 binaries/lflseek.o
                                         0x50 (size before relaxing)
 .eh_frame      0x00000000001202a8       0x24 binaries/lflwrite.o
                                         0x50 (size before relaxing)
 .eh_frame      0x00000000001202cc       0x20 binaries/lfscheck.o
                                         0x4c (size before relaxing)
 .eh_frame      0x00000000001202ec       0x24 binaries/lfsckfmt.o
                                         0x50 (size before relaxing)
 .eh_frame      0x0000000000120310       0x24 binaries/lfscreate.o
                                         0x50 (size before relaxing)
 .eh_frame      0x0000000000120334       0x24 binaries/lfsetup.o
                                         0x50 (size before relaxing)
 .eh_frame      0x0000000000120358       0x24 binaries/lfsinit.o
                                         0x50 (size before relaxing)
 .eh_frame      0x000000000012037c       0x24 binaries/lfsopen.o
                                         0x50 (size before relaxing)
 .eh_frame      0x00000000001203a0       0x24 binaries/lftruncate.o
                                         0x50 (size before relaxing)
 .eh_frame      0x00000000001203c4       0x24 binaries/rflclose.o
                                         0x50 (size before relaxing)
 .eh_frame      0x00000000001203e8       0x24 binaries/rflgetc.o
                                         0x50 (size before relaxing)
 .eh_frame      0x000000000012040c       0x20 binaries/rflinit.o
                                         0x4c (size before relaxing)
 .eh_frame      0x000000000012042c       0x24 binaries/rflputc.o
                                         0x50 (size before relaxing)
 .eh_frame      0x0000000000120450       0x24 binaries/rflread.o
                                         0x50 (size before relaxing)
 .eh_frame      0x0000000000120474       0x24 binaries/rflseek.o
                                         0x50 (size before relaxing)
 .eh_frame      0x0000000000120498       0x24 binaries/rflwrite.o
                                         0x50 (size before relaxing)
 .eh_frame      0x00000000001204bc       0x24 binaries/rfscomm.o
                                         0x50 (size before relaxing)
 .eh_frame      0x00000000001204e0       0x24 binaries/rfscontrol.o
                                         0x50 (size before relaxing)
 .eh_frame      0x0000000000120504       0x20 binaries/rfsgetmode.o
                                         0x4c (size before relaxing)
 .eh_frame      0x0000000000120524       0x24 binaries/rfsinit.o
                                         0x50 (size before relaxing)
 .eh_frame      0x0000000000120548       0x24 binaries/rfsndmsg.o
                                         0x50 (size before relaxing)
 .eh_frame      0x000000000012056c       0x24 binaries/rfsopen.o
                                         0x50 (size before relaxing)
 .eh_frame      0x0000000000120590       0x20 binaries/vgaclose.o
                                         0x4c (size before relaxing)
 .eh_frame      0x00000000001205b0       0x24 binaries/vgainit.o
                                         0x50 (size before relaxing)
 .eh_frame      0x00000000001205d4       0x20 binaries/vgaopen.o
                                         0x4c (size before relaxing)
 .eh_frame      0x00000000001205f4       0x20 binaries/vgaread.o
                                         0x4c (size before relaxing)
 .eh_frame      0x0000000000120614       0x20 binaries/vgaseek.o
                                         0x4c (size before relaxing)
 .eh_frame      0x0000000000120634       0x20 binaries/vgawrite.o
                                         0x4c (size before relaxing)
 .eh_frame      0x0000000000120654       0x20 binaries/miceclose.o
                                         0x4c (size before relaxing)
 .eh_frame      0x0000000000120674       0x24 binaries/micehandler.o
                                         0x50 (size before relaxing)
 .eh_frame      0x0000000000120698       0x24 binaries/miceinit.o
                                         0x50 (size before relaxing)
 .eh_frame      0x00000000001206bc       0x20 binaries/miceopen.o
                                         0x4c (size before relaxing)
 .eh_frame      0x00000000001206dc       0x24 binaries/miceread.o
                                         0x50 (size before relaxing)
 .eh_frame      0x0000000000120700       0x6c binaries/miceutils.o
                                         0x98 (size before relaxing)
 .eh_frame      0x000000000012076c       0x20 binaries/micewrite.o
                                         0x4c (size before relaxing)
 .eh_frame      0x000000000012078c       0x20 binaries/kbdclose.o
                                         0x4c (size before relaxing)
 .eh_frame      0x00000000001207ac       0x48 binaries/kbdhandler.o
                                         0x88 (size before relaxing)
 .eh_frame      0x00000000001207f4       0x48 binaries/kbdinit.o
                                         0x74 (size before relaxing)
 .eh_frame      0x000000000012083c       0x20 binaries/kbdopen.o
                                         0x4c (size before relaxing)
 .eh_frame      0x000000000012085c       0x24 binaries/kbdread.o
                                         0x50 (size before relaxing)
 .eh_frame      0x0000000000120880       0x20 binaries/kbdwrite.o
                                         0x4c (size before relaxing)
 .eh_frame      0x00000000001208a0       0xd0 binaries/arp.o
                                        0x124 (size before relaxing)
 .eh_frame      0x0000000000120970       0xac binaries/dhcp.o
                                         0xec (size before relaxing)
 .eh_frame      0x0000000000120a1c       0x90 binaries/dns.o
                                         0xd0 (size before relaxing)
 .eh_frame      0x0000000000120aac       0x20 binaries/dot2ip.o
                                         0x4c (size before relaxing)
 .eh_frame      0x0000000000120acc       0x48 binaries/hexdump.o
                                         0x74 (size before relaxing)
 .eh_frame      0x0000000000120b14      0x164 binaries/icmp.o
                                        0x1a4 (size before relaxing)
 .eh_frame      0x0000000000120c78      0x130 binaries/ip.o
                                        0x170 (size before relaxing)
 .eh_frame      0x0000000000120da8       0xa8 binaries/net.o
                                         0xfc (size before relaxing)
 .eh_frame      0x0000000000120e50       0x60 binaries/pdump.o
                                         0xa0 (size before relaxing)
 .eh_frame      0x0000000000120eb0       0x68 binaries/tftp.o
                                         0xa8 (size before relaxing)
 .eh_frame      0x0000000000120f18      0x15c binaries/udp.o
                                        0x19c (size before relaxing)
 .eh_frame      0x0000000000121074       0x24 binaries/addargs.o
                                         0x50 (size before relaxing)
 .eh_frame      0x0000000000121098       0xd0 binaries/ahorcado.o
                                        0x110 (size before relaxing)
 .eh_frame      0x0000000000121168       0x5c binaries/ejer5.o
                                         0x88 (size before relaxing)
 .eh_frame      0x00000000001211c4       0x40 binaries/ejer6.o
                                         0x6c (size before relaxing)
 .eh_frame      0x0000000000121204       0x20 binaries/lexan.o
                                         0x4c (size before relaxing)
 .eh_frame      0x0000000000121224       0x24 binaries/mi_programa.o
                                         0x50 (size before relaxing)
 .eh_frame      0x0000000000121248       0x1c binaries/mouse.o
                                         0x48 (size before relaxing)
 .eh_frame      0x0000000000121264       0x2c binaries/shell.o
                                         0x58 (size before relaxing)
 .eh_frame      0x0000000000121290       0x24 binaries/xsh_argecho.o
                                         0x50 (size before relaxing)
 .eh_frame      0x00000000001212b4       0x48 binaries/xsh_arp.o
                                         0x74 (size before relaxing)
 .eh_frame      0x00000000001212fc       0x24 binaries/xsh_cat.o
                                         0x50 (size before relaxing)
 .eh_frame      0x0000000000121320       0x24 binaries/xsh_clear.o
                                         0x50 (size before relaxing)
 .eh_frame      0x0000000000121344       0x24 binaries/xsh_date.o
                                         0x50 (size before relaxing)
 .eh_frame      0x0000000000121368       0x24 binaries/xsh_devdump.o
                                         0x50 (size before relaxing)
 .eh_frame      0x000000000012138c       0x24 binaries/xsh_echo.o
                                         0x50 (size before relaxing)
 .eh_frame      0x00000000001213b0       0x20 binaries/xsh_exit.o
                                         0x4c (size before relaxing)
 .eh_frame      0x00000000001213d0       0x24 binaries/xsh_help.o
                                         0x50 (size before relaxing)
 .eh_frame      0x00000000001213f4       0x24 binaries/xsh_kill.o
                                         0x50 (size before relaxing)
 .eh_frame      0x0000000000121418       0x44 binaries/xsh_memdump.o
                                         0x84 (size before relaxing)
 .eh_frame      0x000000000012145c       0x6c binaries/xsh_memstat.o
                                         0x98 (size before relaxing)
 .eh_frame      0x00000000001214c8       0x30 binaries/xsh_netinfo.o
                                         0x5c (size before relaxing)
 .eh_frame      0x00000000001214f8       0x2c binaries/xsh_ping.o
                                         0x58 (size before relaxing)
 .eh_frame      0x0000000000121524       0x30 binaries/xsh_ps.o
                                         0x5c (size before relaxing)
 .eh_frame      0x0000000000121554       0x24 binaries/xsh_sleep.o
                                         0x50 (size before relaxing)
 .eh_frame      0x0000000000121578       0x24 binaries/xsh_udpdump.o
                                         0x50 (size before relaxing)
 .eh_frame      0x000000000012159c       0x2c binaries/xsh_udpecho.o
                                         0x58 (size before relaxing)
 .eh_frame      0x00000000001215c8       0x2c binaries/xsh_udpserver.o
                                         0x58 (size before relaxing)
 .eh_frame      0x00000000001215f4       0x24 binaries/xsh_uptime.o
                                         0x50 (size before relaxing)

.iplt           0x0000000000121618        0x0
 .iplt          0x0000000000121618        0x0 binaries/start.o

.rel.dyn        0x0000000000121618        0x0
 .rel.got       0x0000000000121618        0x0 binaries/start.o
 .rel.iplt      0x0000000000121618        0x0 binaries/start.o
 .rel.text      0x0000000000121618        0x0 binaries/start.o

.data           0x0000000000121620     0x19e0
                0x0000000000121620                data = ABSOLUTE (.)
 *(.data .data.*)
 .data          0x0000000000121620      0x460 binaries/start.o
                0x0000000000121630                gdt
                0x0000000000121670                gdtr
                0x0000000000121676                idt
                0x0000000000121a76                idtr
                0x0000000000121a7c                cpudelay
 .data          0x0000000000121a80        0x0 binaries/ascdate.o
 .data.rel.local
                0x0000000000121a80       0x88 binaries/ascdate.o
                0x0000000000121a80                Date
 .data          0x0000000000121b08        0x0 binaries/bufinit.o
 .data          0x0000000000121b08        0x0 binaries/chprio.o
 .data          0x0000000000121b08        0x4 binaries/clkhandler.o
 .data          0x0000000000121b0c        0x0 binaries/clkinit.o
 .data          0x0000000000121b0c        0x0 binaries/close.o
 .data          0x0000000000121b0c        0x0 binaries/conf.o
 *fill*         0x0000000000121b0c       0x14 
 .data.rel      0x0000000000121b20      0x654 binaries/conf.o
                0x0000000000121b20                devtab
 .data          0x0000000000122174        0x0 binaries/control.o
 .data          0x0000000000122174        0x4 binaries/create.o
 .data          0x0000000000122178        0x0 binaries/evec.o
 *fill*         0x0000000000122178        0x8 
 .data.rel.local
                0x0000000000122180       0x40 binaries/evec.o
                0x0000000000122180                inames
 .data          0x00000000001221c0        0x0 binaries/exit.o
 .data          0x00000000001221c0        0x0 binaries/freebuf.o
 .data          0x00000000001221c0        0x0 binaries/freemem.o
 .data          0x00000000001221c0        0x0 binaries/getbuf.o
 .data          0x00000000001221c0        0x0 binaries/getc.o
 .data          0x00000000001221c0        0x0 binaries/getdev.o
 .data          0x00000000001221c0        0x0 binaries/getitem.o
 .data          0x00000000001221c0        0x0 binaries/getmem.o
 .data          0x00000000001221c0        0x0 binaries/getpid.o
 .data          0x00000000001221c0        0x0 binaries/getprio.o
 .data          0x00000000001221c0        0x0 binaries/getstk.o
 .data          0x00000000001221c0        0x0 binaries/getticks.o
 .data          0x00000000001221c0        0x0 binaries/gettime.o
 .data          0x00000000001221c0        0x0 binaries/getutime.o
 .data          0x00000000001221c0       0x40 binaries/i386.o
                0x00000000001221c0                gdt_copy
 .data          0x0000000000122200        0x0 binaries/init.o
 .data          0x0000000000122200        0x0 binaries/initialize.o
 .data          0x0000000000122200        0x0 binaries/insert.o
 .data          0x0000000000122200        0x0 binaries/insertd.o
 .data          0x0000000000122200        0x0 binaries/ioerr.o
 .data          0x0000000000122200        0x0 binaries/ionull.o
 .data          0x0000000000122200        0x0 binaries/kill.o
 .data          0x0000000000122200        0x0 binaries/kprintf.o
 .data          0x0000000000122200        0x0 binaries/main.o
 .data          0x0000000000122200        0x0 binaries/mark.o
 .data          0x0000000000122200        0x0 binaries/meminit.o
 .data          0x0000000000122200        0x0 binaries/mkbufpool.o
 .data          0x0000000000122200        0x2 binaries/newqueue.o
 .data          0x0000000000122202        0x0 binaries/open.o
 .data          0x0000000000122202        0x0 binaries/panic.o
 *fill*         0x0000000000122202        0x2 
 .data          0x0000000000122204       0x10 binaries/pci.o
 .data          0x0000000000122214        0x0 binaries/ptclear.o
 .data          0x0000000000122214        0x0 binaries/ptcount.o
 .data          0x0000000000122214        0x0 binaries/ptcreate.o
 .data          0x0000000000122214        0x0 binaries/ptdelete.o
 .data          0x0000000000122214        0x0 binaries/ptinit.o
 .data          0x0000000000122214        0x0 binaries/ptrecv.o
 .data          0x0000000000122214        0x0 binaries/ptreset.o
 .data          0x0000000000122214        0x0 binaries/ptsend.o
 .data          0x0000000000122214        0x0 binaries/putc.o
 .data          0x0000000000122214        0x0 binaries/queue.o
 .data          0x0000000000122214        0x0 binaries/read.o
 .data          0x0000000000122214        0x0 binaries/ready.o
 .data          0x0000000000122214        0x0 binaries/receive.o
 .data          0x0000000000122214        0x0 binaries/recvclr.o
 .data          0x0000000000122214        0x0 binaries/recvtime.o
 .data          0x0000000000122214        0x0 binaries/resched.o
 .data          0x0000000000122214        0x0 binaries/resume.o
 .data          0x0000000000122214        0x0 binaries/seek.o
 .data          0x0000000000122214        0x0 binaries/semcount.o
 .data          0x0000000000122214        0x0 binaries/semcreate.o
 .data          0x0000000000122214        0x0 binaries/semdelete.o
 .data          0x0000000000122214        0x0 binaries/semreset.o
 .data          0x0000000000122214        0x0 binaries/send.o
 .data          0x0000000000122214        0x0 binaries/signal.o
 .data          0x0000000000122214        0x0 binaries/signaln.o
 .data          0x0000000000122214        0x0 binaries/sleep.o
 .data          0x0000000000122214        0x0 binaries/stacktrace.o
 .data          0x0000000000122214        0x0 binaries/suspend.o
 .data          0x0000000000122214        0x0 binaries/unsleep.o
 .data          0x0000000000122214        0x0 binaries/userret.o
 .data          0x0000000000122214        0x0 binaries/wait.o
 .data          0x0000000000122214        0x0 binaries/wakeup.o
 .data          0x0000000000122214        0x0 binaries/write.o
 .data          0x0000000000122214        0x0 binaries/xdone.o
 .data          0x0000000000122214        0x0 binaries/yield.o
 .data          0x0000000000122214        0x0 binaries/abs.o
 .data          0x0000000000122214        0x0 binaries/atoi.o
 .data          0x0000000000122214        0x0 binaries/atol.o
 .data          0x0000000000122214        0x0 binaries/bzero.o
 .data          0x0000000000122214        0x0 binaries/ctype_.o
 .data          0x0000000000122214        0x0 binaries/doprnt.o
 *fill*         0x0000000000122214        0xc 
 .data          0x0000000000122220       0x80 binaries/doscan.o
                0x0000000000122220                _sctab
 .data          0x00000000001222a0        0x0 binaries/fdoprnt.o
 .data          0x00000000001222a0        0x0 binaries/fgetc.o
 .data          0x00000000001222a0        0x0 binaries/fgets.o
 .data          0x00000000001222a0        0x0 binaries/fprintf.o
 .data          0x00000000001222a0        0x0 binaries/fputc.o
 .data          0x00000000001222a0        0x0 binaries/fputs.o
 .data          0x00000000001222a0        0x0 binaries/fscanf.o
 .data          0x00000000001222a0        0x0 binaries/getchar.o
 .data          0x00000000001222a0        0x0 binaries/labs.o
 .data          0x00000000001222a0        0x0 binaries/memchr.o
 .data          0x00000000001222a0        0x0 binaries/memcmp.o
 .data          0x00000000001222a0        0x0 binaries/memcpy.o
 .data          0x00000000001222a0        0x0 binaries/memset.o
 .data          0x00000000001222a0        0x0 binaries/printf.o
 .data          0x00000000001222a0        0x0 binaries/putchar.o
 .data          0x00000000001222a0        0x0 binaries/qsort.o
 .data          0x00000000001222a0        0x4 binaries/rand.o
 .data          0x00000000001222a4        0x0 binaries/sprintf.o
 .data          0x00000000001222a4        0x0 binaries/sscanf.o
 .data          0x00000000001222a4        0x0 binaries/strchr.o
 .data          0x00000000001222a4        0x0 binaries/strcmp.o
 .data          0x00000000001222a4        0x0 binaries/strcpy.o
 .data          0x00000000001222a4        0x0 binaries/strlen.o
 .data          0x00000000001222a4        0x0 binaries/strncat.o
 .data          0x00000000001222a4        0x0 binaries/strncmp.o
 .data          0x00000000001222a4        0x0 binaries/strncpy.o
 .data          0x00000000001222a4        0x0 binaries/strnlen.o
 .data          0x00000000001222a4        0x0 binaries/strrchr.o
 .data          0x00000000001222a4        0x0 binaries/strstr.o
 .data          0x00000000001222a4        0x0 binaries/text_on_vga.o
 .data          0x00000000001222a4        0x0 binaries/vga.o
 .data          0x00000000001222a4        0x0 binaries/ttycontrol.o
 .data          0x00000000001222a4        0x0 binaries/ttygetc.o
 .data          0x00000000001222a4        0x0 binaries/ttyhandle_in.o
 .data          0x00000000001222a4        0x0 binaries/ttyhandle_out.o
 .data          0x00000000001222a4        0x0 binaries/ttyhandler.o
 .data          0x00000000001222a4        0x0 binaries/ttyinit.o
 .data          0x00000000001222a4        0x0 binaries/ttykickout.o
 .data          0x00000000001222a4        0x0 binaries/ttyputc.o
 .data          0x00000000001222a4        0x0 binaries/ttyread.o
 .data          0x00000000001222a4        0x0 binaries/ttywrite.o
 .data          0x00000000001222a4        0x0 binaries/mount.o
 .data          0x00000000001222a4        0x0 binaries/naminit.o
 .data          0x00000000001222a4        0x0 binaries/nammap.o
 .data          0x00000000001222a4        0x0 binaries/namopen.o
 .data          0x00000000001222a4        0x0 binaries/82545EMInit.o
 .data          0x00000000001222a4        0x0 binaries/ethcontrol.o
 .data          0x00000000001222a4        0x0 binaries/ethhandler.o
 .data          0x00000000001222a4        0x0 binaries/ethinit.o
 .data          0x00000000001222a4        0x0 binaries/ethread.o
 .data          0x00000000001222a4        0x0 binaries/ethwrite.o
 .data          0x00000000001222a4        0x0 binaries/rdsbufalloc.o
 .data          0x00000000001222a4        0x0 binaries/rdsclose.o
 .data          0x00000000001222a4        0x0 binaries/rdscomm.o
 .data          0x00000000001222a4        0x0 binaries/rdscontrol.o
 .data          0x00000000001222a4        0x0 binaries/rdsinit.o
 .data          0x00000000001222a4        0x0 binaries/rdsopen.o
 .data          0x00000000001222a4        0x0 binaries/rdsprocess.o
 .data          0x00000000001222a4        0x0 binaries/rdsread.o
 .data          0x00000000001222a4        0x0 binaries/rdswrite.o
 .data          0x00000000001222a4        0x0 binaries/ramclose.o
 .data          0x00000000001222a4        0x0 binaries/raminit.o
 .data          0x00000000001222a4        0x0 binaries/ramopen.o
 .data          0x00000000001222a4        0x0 binaries/ramread.o
 .data          0x00000000001222a4        0x0 binaries/ramwrite.o
 .data          0x00000000001222a4        0x0 binaries/lfdballoc.o
 .data          0x00000000001222a4        0x0 binaries/lfdbfree.o
 .data          0x00000000001222a4        0x0 binaries/lfflush.o
 .data          0x00000000001222a4        0x0 binaries/lfgetmode.o
 .data          0x00000000001222a4        0x0 binaries/lfiballoc.o
 .data          0x00000000001222a4        0x0 binaries/lfibclear.o
 .data          0x00000000001222a4        0x0 binaries/lfibget.o
 .data          0x00000000001222a4        0x0 binaries/lfibput.o
 .data          0x00000000001222a4        0x0 binaries/lflclose.o
 .data          0x00000000001222a4        0x0 binaries/lflcontrol.o
 .data          0x00000000001222a4        0x0 binaries/lflgetc.o
 .data          0x00000000001222a4        0x0 binaries/lflinit.o
 .data          0x00000000001222a4        0x0 binaries/lflputc.o
 .data          0x00000000001222a4        0x0 binaries/lflread.o
 .data          0x00000000001222a4        0x0 binaries/lflseek.o
 .data          0x00000000001222a4        0x0 binaries/lflwrite.o
 .data          0x00000000001222a4        0x0 binaries/lfscheck.o
 .data          0x00000000001222a4        0x0 binaries/lfsckfmt.o
 .data          0x00000000001222a4        0x0 binaries/lfscreate.o
 .data          0x00000000001222a4        0x0 binaries/lfsetup.o
 .data          0x00000000001222a4        0x0 binaries/lfsinit.o
 .data          0x00000000001222a4        0x0 binaries/lfsopen.o
 .data          0x00000000001222a4        0x0 binaries/lftruncate.o
 .data          0x00000000001222a4        0x0 binaries/rflclose.o
 .data          0x00000000001222a4        0x0 binaries/rflgetc.o
 .data          0x00000000001222a4        0x0 binaries/rflinit.o
 .data          0x00000000001222a4        0x0 binaries/rflputc.o
 .data          0x00000000001222a4        0x0 binaries/rflread.o
 .data          0x00000000001222a4        0x0 binaries/rflseek.o
 .data          0x00000000001222a4        0x0 binaries/rflwrite.o
 .data          0x00000000001222a4        0x0 binaries/rfscomm.o
 .data          0x00000000001222a4        0x0 binaries/rfscontrol.o
 .data          0x00000000001222a4        0x0 binaries/rfsgetmode.o
 .data          0x00000000001222a4        0x0 binaries/rfsinit.o